Component: ARM Compiler 5.05 update 1 (build 106) Tool: armlink [4d0efa]

==============================================================================

Section Cross References

    main.o(.text) refers to delay.o(.text) for delay_init
    main.o(.text) refers to sys.o(.text) for NVIC_Configuration
    main.o(.text) refers to 24l01.o(.text) for NRF24L01_Init
    main.o(.text) refers to hw_config.o(.text) for USB_Interrupts_Config
    main.o(.text) refers to usb_init.o(.text) for USB_Init
    stm32f10x_it.o(.text) refers to usb_istr.o(.text) for USB_Istr
    stm32f10x_it.o(.text) refers to stm32f10x_exti.o(.text) for EXTI_ClearITPendingBit
    system_stm32f10x.o(.text) refers to system_stm32f10x.o(.data) for SystemCoreClock
    led.o(.text) refers to stm32f10x_rcc.o(.text) for RCC_APB2PeriphClockCmd
    led.o(.text) refers to stm32f10x_gpio.o(.text) for GPIO_Init
    key.o(.text) refers to stm32f10x_rcc.o(.text) for RCC_APB2PeriphClockCmd
    key.o(.text) refers to stm32f10x_gpio.o(.text) for GPIO_Init
    key.o(.text) refers to delay.o(.text) for delay_ms
    key.o(.text) refers to key.o(.data) for key_up
    i2c.o(.text) refers to stm32f10x_gpio.o(.text) for GPIO_Init
    i2c.o(.text) refers to delay.o(.text) for delay_us
    mpu6050.o(.text) refers to _printf_percent.o(.ARM.Collect$$_printf_percent$$00000000) for _printf_percent
    mpu6050.o(.text) refers to _printf_d.o(.ARM.Collect$$_printf_percent$$00000009) for _printf_d
    mpu6050.o(.text) refers to _printf_dec.o(.text) for _printf_int_dec
    mpu6050.o(.text) refers to i2c.o(.text) for I2C_Start
    mpu6050.o(.text) refers to noretval__2printf.o(.text) for __2printf
    mpu6050.o(.text) refers to dflt_clz.o(x$fpl$dflt) for __aeabi_i2d
    mpu6050.o(.text) refers to ddiv.o(x$fpl$ddiv) for __aeabi_ddiv
    mpu6050.o(.text) refers to daddsub_clz.o(x$fpl$dsub) for __aeabi_dsub
    mpu6050.o(.text) refers to dfix.o(x$fpl$dfix) for __aeabi_d2iz
    24l01.o(.text) refers to stm32f10x_rcc.o(.text) for RCC_APB2PeriphClockCmd
    24l01.o(.text) refers to stm32f10x_gpio.o(.text) for GPIO_Init
    24l01.o(.text) refers to spi.o(.text) for SPI2_Init
    24l01.o(.text) refers to stm32f10x_spi.o(.text) for SPI_Cmd
    24l01.o(.text) refers to 24l01.o(.constdata) for RX_ADDRESS
    spi.o(.text) refers to stm32f10x_spi.o(.text) for SPI_I2S_GetFlagStatus
    spi.o(.text) refers to stm32f10x_rcc.o(.text) for RCC_APB2PeriphClockCmd
    spi.o(.text) refers to stm32f10x_gpio.o(.text) for GPIO_Init
    delay.o(.text) refers to misc.o(.text) for SysTick_CLKSourceConfig
    delay.o(.text) refers to system_stm32f10x.o(.data) for SystemCoreClock
    delay.o(.text) refers to delay.o(.data) for fac_us
    sys.o(.text) refers to misc.o(.text) for NVIC_PriorityGroupConfig
    usart.o(.text) refers (Special) to use_no_semi_2.o(.text) for __use_no_semihosting
    usart.o(.text) refers to stm32f10x_rcc.o(.text) for RCC_APB2PeriphClockCmd
    usart.o(.text) refers to stm32f10x_gpio.o(.text) for GPIO_Init
    usart.o(.text) refers to misc.o(.text) for NVIC_Init
    usart.o(.text) refers to stm32f10x_usart.o(.text) for USART_Init
    usart.o(.text) refers to usart.o(.data) for USART_RX_STA
    usart.o(.text) refers to usart.o(.bss) for USART_RX_BUF
    usart.o(.bss) refers (Special) to use_no_semi_2.o(.text) for __use_no_semihosting
    usart.o(.data) refers (Special) to use_no_semi_2.o(.text) for __use_no_semihosting
    startup_stm32f10x_md.o(STACK) refers (Special) to heapauxi.o(.text) for __use_two_region_memory
    startup_stm32f10x_md.o(HEAP) refers (Special) to heapauxi.o(.text) for __use_two_region_memory
    startup_stm32f10x_md.o(RESET) refers (Special) to heapauxi.o(.text) for __use_two_region_memory
    startup_stm32f10x_md.o(RESET) refers to startup_stm32f10x_md.o(STACK) for __initial_sp
    startup_stm32f10x_md.o(RESET) refers to startup_stm32f10x_md.o(.text) for Reset_Handler
    startup_stm32f10x_md.o(RESET) refers to stm32f10x_it.o(.text) for NMI_Handler
    startup_stm32f10x_md.o(RESET) refers to usart.o(.text) for USART1_IRQHandler
    startup_stm32f10x_md.o(.text) refers (Special) to heapauxi.o(.text) for __use_two_region_memory
    startup_stm32f10x_md.o(.text) refers to system_stm32f10x.o(.text) for SystemInit
    startup_stm32f10x_md.o(.text) refers to __main.o(!!!main) for __main
    startup_stm32f10x_md.o(.text) refers to startup_stm32f10x_md.o(HEAP) for Heap_Mem
    startup_stm32f10x_md.o(.text) refers to startup_stm32f10x_md.o(STACK) for Stack_Mem
    stm32f10x_gpio.o(.text) refers to stm32f10x_rcc.o(.text) for RCC_APB2PeriphResetCmd
    stm32f10x_rcc.o(.text) refers to stm32f10x_rcc.o(.data) for APBAHBPrescTable
    stm32f10x_usart.o(.text) refers to stm32f10x_rcc.o(.text) for RCC_APB2PeriphResetCmd
    stm32f10x_spi.o(.text) refers to stm32f10x_rcc.o(.text) for RCC_APB2PeriphResetCmd
    usb_core.o(.text) refers to usb_regs.o(.text) for ClearDTOG_TX
    usb_core.o(.text) refers to usb_init.o(.data) for pInformation
[...]
    daddsub_clz.o(x$fpl$dsub) refers (Special) to usenofp.o(x$fpl$usenofp) for __I$use$fp
    daddsub_clz.o(x$fpl$dsub) refers to daddsub_clz.o(x$fpl$dadd) for _dadd1
    daddsub_clz.o(x$fpl$dsub) refers to dnaninf.o(x$fpl$dnaninf) for __fpl_dnaninf
    ddiv.o(x$fpl$drdiv) refers (Special) to usenofp.o(x$fpl$usenofp) for __I$use$fp
    ddiv.o(x$fpl$drdiv) refers to ddiv.o(x$fpl$ddiv) for ddiv_entry
    ddiv.o(x$fpl$ddiv) refers (Special) to usenofp.o(x$fpl$usenofp) for __I$use$fp
    ddiv.o(x$fpl$ddiv) refers to dretinf.o(x$fpl$dretinf) for __fpl_dretinf
    ddiv.o(x$fpl$ddiv) refers to dnaninf.o(x$fpl$dnaninf) for __fpl_dnaninf
    dfix.o(x$fpl$dfix) refers (Special) to usenofp.o(x$fpl$usenofp) for __I$use$fp
    dfix.o(x$fpl$dfix) refers to dnaninf.o(x$fpl$dnaninf) for __fpl_dnaninf
    dfix.o(x$fpl$dfixr) refers (Special) to usenofp.o(x$fpl$usenofp) for __I$use$fp
    dfix.o(x$fpl$dfixr) refers to dnaninf.o(x$fpl$dnaninf) for __fpl_dnaninf
    dflt_clz.o(x$fpl$dfltu) refers (Special) to usenofp.o(x$fpl$usenofp) for __I$use$fp
    dflt_clz.o(x$fpl$dflt) refers (Special) to usenofp.o(x$fpl$usenofp) for __I$use$fp
    dflt_clz.o(x$fpl$dfltn) refers (Special) to usenofp.o(x$fpl$usenofp) for __I$use$fp
    __rtentry.o(.ARM.Collect$$rtentry$$00000000) refers (Special) to __rtentry2.o(.ARM.Collect$$rtentry$$0000000A) for __rt_entry_li
    __rtentry.o(.ARM.Collect$$rtentry$$00000000) refers (Special) to __rtentry2.o(.ARM.Collect$$rtentry$$0000000D) for __rt_entry_main
    __rtentry.o(.ARM.Collect$$rtentry$$00000000) refers (Special) to __rtentry2.o(.ARM.Collect$$rtentry$$0000000C) for __rt_entry_postli_1
    __rtentry.o(.ARM.Collect$$rtentry$$00000000) refers (Special) to __rtentry2.o(.ARM.Collect$$rtentry$$00000009) for __rt_entry_postsh_1
    __rtentry.o(.ARM.Collect$$rtentry$$00000000) refers (Special) to __rtentry2.o(.ARM.Collect$$rtentry$$00000002) for __rt_entry_presh_1
    __rtentry.o(.ARM.Collect$$rtentry$$00000000) refers (Special) to __rtentry4.o(.ARM.Collect$$rtentry$$00000004) for __rt_entry_sh
    _printf_char_file.o(.text) refers to _printf_char_common.o(.text) for _printf_char_common
    _printf_char_file.o(.text) refers to ferror.o(.text) for ferror
    _printf_char_file.o(.text) refers to usart.o(.text) for fputc
    dnaninf.o(x$fpl$dnaninf) refers (Special) to usenofp.o(x$fpl$usenofp) for __I$use$fp
    dretinf.o(x$fpl$dretinf) refers (Special) to usenofp.o(x$fpl$usenofp) for __I$use$fp
    __rtentry2.o(.ARM.Collect$$rtentry$$00000008) refers to boardinit2.o(.text) for _platform_post_stackheap_init
    __rtentry2.o(.ARM.Collect$$rtentry$$0000000A) refers to libinit.o(.ARM.Collect$$libinit$$00000000) for __rt_lib_init
    __rtentry2.o(.ARM.Collect$$rtentry$$0000000B) refers to boardinit3.o(.text) for _platform_post_lib_init
    __rtentry2.o(.ARM.Collect$$rtentry$$0000000D) refers to main.o(.text) for main
    __rtentry2.o(.ARM.Collect$$rtentry$$0000000D) refers to exit.o(.text) for exit
    __rtentry2.o(.ARM.exidx) refers to __rtentry2.o(.ARM.Collect$$rtentry$$00000001) for .ARM.Collect$$rtentry$$00000001
    __rtentry2.o(.ARM.exidx) refers to __rtentry2.o(.ARM.Collect$$rtentry$$00000008) for .ARM.Collect$$rtentry$$00000008
    __rtentry2.o(.ARM.exidx) refers to __rtentry2.o(.ARM.Collect$$rtentry$$0000000A) for .ARM.Collect$$rtentry$$0000000A
    __rtentry2.o(.ARM.exidx) refers to __rtentry2.o(.ARM.Collect$$rtentry$$0000000B) for .ARM.Collect$$rtentry$$0000000B
    __rtentry2.o(.ARM.exidx) refers to __rtentry2.o(.ARM.Collect$$rtentry$$0000000D) for .ARM.Collect$$rtentry$$0000000D
    __rtentry4.o(.ARM.Collect$$rtentry$$00000004) refers to sys_stackheap_outer.o(.text) for __user_setup_stackheap
    __rtentry4.o(.ARM.exidx) refers to __rtentry4.o(.ARM.Collect$$rtentry$$00000004) for .ARM.Collect$$rtentry$$00000004
    _printf_char_common.o(.text) refers to __printf.o(.text) for __printf
    sys_stackheap_outer.o(.text) refers to libspace.o(.text) for __user_perproc_libspace
    sys_stackheap_outer.o(.text) refers to startup_stm32f10x_md.o(.text) for __user_initial_stackheap
    exit.o(.text) refers to rtexit.o(.ARM.Collect$$rtexit$$00000000) for __rt_exit
    libinit.o(.ARM.Collect$$libinit$$00000000) refers (Special) to libinit2.o(.ARM.Collect$$libinit$$0000002E) for __rt_lib_init_alloca_1
    libinit.o(.ARM.Collect$$libinit$$00000000) refers (Special) to libinit2.o(.ARM.Collect$$libinit$$0000002C) for __rt_lib_init_argv_1
    libinit.o(.ARM.Collect$$libinit$$00000000) refers (Special) to libinit2.o(.ARM.Collect$$libinit$$0000001B) for __rt_lib_init_atexit_1
    libinit.o(.ARM.Collect$$libinit$$00000000) refers (Special) to libinit2.o(.ARM.Collect$$libinit$$00000021) for __rt_lib_init_clock_1
    libinit.o(.ARM.Collect$$libinit$$00000000) refers (Special) to libinit2.o(.ARM.Collect$$libinit$$00000032) for __rt_lib_init_cpp_1
    libinit.o(.ARM.Collect$$libinit$$00000000) refers (Special) to libinit2.o(.ARM.Collect$$libinit$$00000030) for __rt_lib_init_exceptions_1
    libinit.o(.ARM.Collect$$libinit$$00000000) refers (Special) to libinit2.o(.ARM.Collect$$libinit$$00000002) for __rt_lib_init_fp_1
    libinit.o(.ARM.Collect$$libinit$$00000000) refers (Special) to libinit2.o(.ARM.Collect$$libinit$$0000001F) for __rt_lib_init_fp_trap_1
    libinit.o(.ARM.Collect$$libinit$$00000000) refers (Special) to libinit2.o(.ARM.Collect$$libinit$$00000023) for __rt_lib_init_getenv_1
    libinit.o(.ARM.Collect$$libinit$$00000000) refers (Special) to libinit2.o(.ARM.Collect$$libinit$$0000000A) for __rt_lib_init_heap_1
    libinit.o(.ARM.Collect$$libinit$$00000000) refers (Special) to libinit2.o(.ARM.Collect$$libinit$$00000011) for __rt_lib_init_lc_collate_1
    libinit.o(.ARM.Collect$$libinit$$00000000) refers (Special) to libinit2.o(.ARM.Collect$$libinit$$00000013) for __rt_lib_init_lc_ctype_1
    libinit.o(.ARM.Collect$$libinit$$00000000) refers (Special) to libinit2.o(.ARM.Collect$$libinit$$00000015) for __rt_lib_init_lc_monetary_1
    libinit.o(.ARM.Collect$$libinit$$00000000) refers (Special) to libinit2.o(.ARM.Collect$$libinit$$00000017) for __rt_lib_init_lc_numeric_1
    libinit.o(.ARM.Collect$$libinit$$00000000) refers (Special) to libinit2.o(.ARM.Collect$$libinit$$00000019) for __rt_lib_init_lc_time_1
    libinit.o(.ARM.Collect$$libinit$$00000000) refers (Special) to libinit2.o(.ARM.Collect$$libinit$$00000004) for __rt_lib_init_preinit_1
    libinit.o(.ARM.Collect$$libinit$$00000000) refers (Special) to libinit2.o(.ARM.Collect$$libinit$$0000000E) for __rt_lib_init_rand_1
    libinit.o(.ARM.Collect$$libinit$$00000000) refers (Special) to libinit2.o(.ARM.Collect$$libinit$$00000033) for __rt_lib_init_return
    libinit.o(.ARM.Collect$$libinit$$00000000) refers (Special) to libinit2.o(.ARM.Collect$$libinit$$0000001D) for __rt_lib_init_signal_1
    libinit.o(.ARM.Collect$$libinit$$00000000) refers (Special) to libinit2.o(.ARM.Collect$$libinit$$00000025) for __rt_lib_init_stdio_1
    libinit.o(.ARM.Collect$$libinit$$00000000) refers (Special) to libinit2.o(.ARM.Collect$$libinit$$0000000C) for __rt_lib_init_user_alloc_1
    libspace.o(.text) refers to libspace.o(.bss) for __libspace_start
    rtexit.o(.ARM.Collect$$rtexit$$00000000) refers (Special) to rtexit2.o(.ARM.Collect$$rtexit$$00000004) for __rt_exit_exit
    rtexit.o(.ARM.Collect$$rtexit$$00000000) refers (Special) to rtexit2.o(.ARM.Collect$$rtexit$$00000003) for __rt_exit_ls
    rtexit.o(.ARM.Collect$$rtexit$$00000000) refers (Special) to rtexit2.o(.ARM.Collect$$rtexit$$00000002) for __rt_exit_prels_1
    rtexit.o(.ARM.exidx) refers (Special) to rtexit2.o(.ARM.Collect$$rtexit$$00000004) for __rt_exit_exit
    rtexit.o(.ARM.exidx) refers (Special) to rtexit2.o(.ARM.Collect$$rtexit$$00000003) for __rt_exit_ls
    rtexit.o(.ARM.exidx) refers (Special) to rtexit2.o(.ARM.Collect$$rtexit$$00000002) for __rt_exit_prels_1
    rtexit.o(.ARM.exidx) refers to rtexit.o(.ARM.Collect$$rtexit$$00000000) for .ARM.Collect$$rtexit$$00000000
    libinit2.o(.ARM.Collect$$libinit$$00000010) refers to libinit2.o(.ARM.Collect$$libinit$$0000000F) for .ARM.Collect$$libinit$$0000000F
    libinit2.o(.ARM.Collect$$libinit$$00000012) refers to libinit2.o(.ARM.Collect$$libinit$$0000000F) for .ARM.Collect$$libinit$$0000000F
    libinit2.o(.ARM.Collect$$libinit$$00000014) refers to libinit2.o(.ARM.Collect$$libinit$$0000000F) for .ARM.Collect$$libinit$$0000000F
    libinit2.o(.ARM.Collect$$libinit$$00000016) refers to libinit2.o(.ARM.Collect$$libinit$$0000000F) for .ARM.Collect$$libinit$$0000000F
    libinit2.o(.ARM.Collect$$libinit$$00000018) refers to libinit2.o(.ARM.Collect$$libinit$$0000000F) for .ARM.Collect$$libinit$$0000000F
    libinit2.o(.ARM.Collect$$libinit$$00000026) refers to argv_veneer.o(.emb_text) for __ARM_argv_veneer
    libinit2.o(.ARM.Collect$$libinit$$00000027) refers to argv_veneer.o(.emb_text) for __ARM_argv_veneer
    rtexit2.o(.ARM.Collect$$rtexit$$00000003) refers to libshutdown.o(.ARM.Collect$$libshutdown$$00000000) for __rt_lib_shutdown
    rtexit2.o(.ARM.Collect$$rtexit$$00000004) refers to usart.o(.text) for _sys_exit
    rtexit2.o(.ARM.exidx) refers to rtexit2.o(.ARM.Collect$$rtexit$$00000001) for .ARM.Collect$$rtexit$$00000001
    rtexit2.o(.ARM.exidx) refers to rtexit2.o(.ARM.Collect$$rtexit$$00000003) for .ARM.Collect$$rtexit$$00000003
    rtexit2.o(.ARM.exidx) refers to rtexit2.o(.ARM.Collect$$rtexit$$00000004) for .ARM.Collect$$rtexit$$00000004
    argv_veneer.o(.emb_text) refers to no_argv.o(.text) for __ARM_get_argv
    _get_argv_nomalloc.o(.text) refers (Special) to hrguard.o(.text) for __heap_region$guard
    _get_argv_nomalloc.o(.text) refers to defsig_rtmem_outer.o(.text) for __rt_SIGRTMEM
    _get_argv_nomalloc.o(.text) refers to sys_command.o(.text) for _sys_command_string
    libshutdown.o(.ARM.Collect$$libshutdown$$00000000) refers (Special) to libshutdown2.o(.ARM.Collect$$libshutdown$$00000006) for __rt_lib_shutdown_fp_trap_1
    libshutdown.o(.ARM.Collect$$libshutdown$$00000000) refers (Special) to libshutdown2.o(.ARM.Collect$$libshutdown$$0000000E) for __rt_lib_shutdown_heap_1
    libshutdown.o(.ARM.Collect$$libshutdown$$00000000) refers (Special) to libshutdown2.o(.ARM.Collect$$libshutdown$$0000000F) for __rt_lib_shutdown_return
    libshutdown.o(.ARM.Collect$$libshutdown$$00000000) refers (Special) to libshutdown2.o(.ARM.Collect$$libshutdown$$00000009) for __rt_lib_shutdown_signal_1
    libshutdown.o(.ARM.Collect$$libshutdown$$00000000) refers (Special) to libshutdown2.o(.ARM.Collect$$libshutdown$$00000003) for __rt_lib_shutdown_stdio_1
    libshutdown.o(.ARM.Collect$$libshutdown$$00000000) refers (Special) to libshutdown2.o(.ARM.Collect$$libshutdown$$0000000B) for __rt_lib_shutdown_user_alloc_1
    sys_command.o(.text) refers (Special) to use_no_semi.o(.text) for __I$use$semihosting
    sys_command.o(.text) refers (Special) to indicate_semi.o(.text) for __semihosting_library_function
    defsig_rtmem_outer.o(.text) refers to defsig_rtmem_inner.o(.text) for __rt_SIGRTMEM_inner
    defsig_rtmem_outer.o(.text) refers to defsig_exit.o(.text) for __sig_exit
    defsig_rtmem_formal.o(.text) refers to rt_raise.o(.text) for __rt_raise
    rt_raise.o(.text) refers to __raise.o(.text) for __raise
    rt_raise.o(.text) refers to usart.o(.text) for _sys_exit
    defsig_exit.o(.text) refers to usart.o(.text) for _sys_exit
    defsig_rtmem_inner.o(.text) refers to defsig_general.o(.text) for __default_signal_display
    __raise.o(.text) refers to defsig.o(CL$$defsig) for __default_signal_handler
    defsig_general.o(.text) refers to sys_wrch.o(.text) for _ttywrch
    sys_wrch.o(.text) refers (Special) to use_no_semi.o(.text) for __I$use$semihosting
    sys_wrch.o(.text) refers (Special) to indicate_semi.o(.text) for __semihosting_library_function
    defsig.o(CL$$defsig) refers to defsig_rtmem_inner.o(.text) for __rt_SIGRTMEM_inner
    defsig_abrt_inner.o(.text) refers to defsig_general.o(.text) for __default_signal_display
    defsig_fpe_inner.o(.text) refers to defsig_general.o(.text) for __default_signal_display
    defsig_rtred_inner.o(.text) refers to defsig_general.o(.text) for __default_signal_display
    defsig_stak_inner.o(.text) refers to defsig_general.o(.text) for __default_signal_display
    defsig_pvfn_inner.o(.text) refers to defsig_general.o(.text) for __default_signal_display
    defsig_cppl_inner.o(.text) refers to defsig_general.o(.text) for __default_signal_display
    defsig_segv_inner.o(.text) refers to defsig_general.o(.text) for __default_signal_display
    defsig_other.o(.text) refers to defsig_general.o(.text) for __default_signal_display


==============================================================================

Removing Unused input sections from the image.

    Removing led.o(.text), (44 bytes).
    Removing key.o(.text), (200 bytes).
    Removing key.o(.data), (1 bytes).
    Removing i2c.o(.text), (632 bytes).
    Removing mpu6050.o(.text), (460 bytes).
    Removing core_cm3.o(.emb_text), (32 bytes).

6 unused section(s) (total 1369 bytes) removed from the image.

==============================================================================

Image Symbol Table

    Local Symbols

    Symbol Name                              Value     Ov Type        Size  Object(Section)

    ../clib/angel/boardlib.s                 0x00000000   Number         0  boardinit1.o ABSOLUTE
    ../clib/angel/boardlib.s                 0x00000000   Number         0  boardinit2.o ABSOLUTE
    ../clib/angel/boardlib.s                 0x00000000   Number         0  boardshut.o ABSOLUTE
    ../clib/angel/boardlib.s                 0x00000000   Number         0  boardinit3.o ABSOLUTE
    ../clib/angel/dczerorl2.s                0x00000000   Number         0  __dczerorl2.o ABSOLUTE
    ../clib/angel/handlers.s                 0x00000000   Number         0  __scatter_zi.o ABSOLUTE
    ../clib/angel/kernel.s                   0x00000000   Number         0  rtexit2.o ABSOLUTE
    ../clib/angel/kernel.s                   0x00000000   Number         0  __rtentry.o ABSOLUTE
    ../clib/angel/kernel.s                   0x00000000   Number         0  __rtentry2.o ABSOLUTE
    ../clib/angel/kernel.s                   0x00000000   Number         0  __rtentry4.o ABSOLUTE
    ../clib/angel/kernel.s                   0x00000000   Number         0  rtexit.o ABSOLUTE
    ../clib/angel/rt.s                       0x00000000   Number         0  rt_raise.o ABSOLUTE
    ../clib/angel/scatter.s                  0x00000000   Number         0  __scatter.o ABSOLUTE
    ../clib/angel/startup.s                  0x00000000   Number         0  __main.o ABSOLUTE
    ../clib/angel/sys.s                      0x00000000   Number         0  indicate_semi.o ABSOLUTE
    ../clib/angel/sys.s                      0x00000000   Number         0  libspace.o ABSOLUTE
    ../clib/angel/sys.s                      0x00000000   Number         0  use_no_semi_2.o ABSOLUTE
    ../clib/angel/sys.s                      0x00000000   Number         0  use_no_semi.o ABSOLUTE
    ../clib/angel/sys.s                      0x00000000   Number         0  sys_stackheap_outer.o ABSOLUTE
    ../clib/angel/sysapp.c                   0x00000000   Number         0  sys_command.o ABSOLUTE
    ../clib/angel/sysapp.c                   0x00000000   Number         0  sys_wrch.o ABSOLUTE
    ../clib/armsys.c                         0x00000000   Number         0  argv_veneer.o ABSOLUTE
    ../clib/armsys.c                         0x00000000   Number         0  no_argv.o ABSOLUTE
    ../clib/armsys.c                         0x00000000   Number         0  argv_veneer.o ABSOLUTE
    ../clib/armsys.c                         0x00000000   Number         0  _get_argv_nomalloc.o ABSOLUTE
    ../clib/heapalloc.c                      0x00000000   Number         0  hrguard.o ABSOLUTE
    ../clib/heapaux.c                        0x00000000   Number         0  heapauxi.o ABSOLUTE
    ../clib/libinit.s                        0x00000000   Number         0  libshutdown2.o ABSOLUTE
    ../clib/libinit.s                        0x00000000   Number         0  libinit.o ABSOLUTE
    ../clib/libinit.s                        0x00000000   Number         0  libshutdown.o ABSOLUTE
    ../clib/libinit.s                        0x00000000   Number         0  libinit2.o ABSOLUTE
    ../clib/printf.c                         0x00000000   Number         0  __2printf.o ABSOLUTE
    ../clib/printf.c                         0x00000000   Number         0  __printf.o ABSOLUTE
    ../clib/printf.c                         0x00000000   Number         0  __printf_flags.o ABSOLUTE
    ../clib/printf.c                         0x00000000   Number         0  __printf_ss.o ABSOLUTE
    ../clib/printf.c                         0x00000000   Number         0  __printf_flags_ss.o ABSOLUTE
    ../clib/printf.c                         0x00000000   Number         0  __printf_wp.o ABSOLUTE
    ../clib/printf.c                         0x00000000   Number         0  __printf_flags_wp.o ABSOLUTE
    ../clib/printf.c                         0x00000000   Number         0  __printf_ss_wp.o ABSOLUTE
    ../clib/printf.c                         0x00000000   Number         0  __printf_flags_ss_wp.o ABSOLUTE
    ../clib/printf.c                         0x00000000   Number         0  __printf_nopercent.o ABSOLUTE
    ../clib/printf.c                         0x00000000   Number         0  _printf_dec.o ABSOLUTE
    ../clib/printf.c                         0x00000000   Number         0  _printf_char_common.o ABSOLUTE
    ../clib/printf.c                         0x00000000   Number         0  noretval__2printf.o ABSOLUTE
    ../clib/printf.c                         0x00000000   Number         0  _printf_char_file.o ABSOLUTE
    ../clib/printf.c                         0x00000000   Number         0  _printf_intcommon.o ABSOLUTE
    ../clib/printf_percent.s                 0x00000000   Number         0  _printf_percent_end.o ABSOLUTE
    ../clib/printf_percent.s                 0x00000000   Number         0  _printf_percent.o ABSOLUTE
    ../clib/printf_percent.s                 0x00000000   Number         0  _printf_d.o ABSOLUTE
    ../clib/signal.c                         0x00000000   Number         0  defsig_rtred_inner.o ABSOLUTE
    ../clib/signal.c                         0x00000000   Number         0  defsig_other.o ABSOLUTE
    ../clib/signal.c                         0x00000000   Number         0  defsig_segv_inner.o ABSOLUTE
    ../clib/signal.c                         0x00000000   Number         0  defsig_cppl_inner.o ABSOLUTE
    ../clib/signal.c                         0x00000000   Number         0  defsig_abrt_inner.o ABSOLUTE
    ../clib/signal.c                         0x00000000   Number         0  defsig_stak_inner.o ABSOLUTE
    ../clib/signal.c                         0x00000000   Number         0  defsig_pvfn_inner.o ABSOLUTE
    ../clib/signal.c                         0x00000000   Number         0  defsig_rtmem_inner.o ABSOLUTE
    ../clib/signal.c                         0x00000000   Number         0  defsig_rtmem_outer.o ABSOLUTE
    ../clib/signal.c                         0x00000000   Number         0  __raise.o ABSOLUTE
    ../clib/signal.c                         0x00000000   Number         0  defsig_fpe_inner.o ABSOLUTE
    ../clib/signal.c                         0x00000000   Number         0  defsig_general.o ABSOLUTE
    ../clib/signal.c                         0x00000000   Number         0  defsig_exit.o ABSOLUTE
    ../clib/signal.c                         0x00000000   Number         0  defsig_rtmem_formal.o ABSOLUTE
    ../clib/signal.s                         0x00000000   Number         0  defsig.o ABSOLUTE
    ../clib/stdio.c                          0x00000000   Number         0  ferror_locked.o ABSOLUTE
    ../clib/stdio.c                          0x00000000   Number         0  ferror.o ABSOLUTE
    ../clib/stdlib.c                         0x00000000   Number         0  exit.o ABSOLUTE
    ../fplib/daddsub.s                       0x00000000   Number         0  daddsub_clz.o ABSOLUTE
    ../fplib/ddiv.s                          0x00000000   Number         0  ddiv.o ABSOLUTE
    ../fplib/dfix.s                          0x00000000   Number         0  dfix.o ABSOLUTE
    ../fplib/dflt.s                          0x00000000   Number         0  dflt_clz.o ABSOLUTE
    ../fplib/dnaninf.s                       0x00000000   Number         0  dnaninf.o ABSOLUTE
    ../fplib/dretinf.s                       0x00000000   Number         0  dretinf.o ABSOLUTE
    ../fplib/fpinit.s                        0x00000000   Number         0  fpinit.o ABSOLUTE
    ../fplib/usenofp.s                       0x00000000   Number         0  usenofp.o ABSOLUTE
    ..\CORE\core_cm3.c                       0x00000000   Number         0  core_cm3.o ABSOLUTE
    ..\CORE\startup_stm32f10x_md.s           0x00000000   Number         0  startup_stm32f10x_md.o ABSOLUTE
    ..\HARDWARE\IIC\I2C.c                    0x00000000   Number         0  i2c.o ABSOLUTE
    ..\HARDWARE\KEY\key.c                    0x00000000   Number         0  key.o ABSOLUTE
    ..\HARDWARE\LED\led.c                    0x00000000   Number         0  led.o ABSOLUTE
    ..\HARDWARE\MPU6050\mpu6050.c            0x00000000   Number         0  mpu6050.o ABSOLUTE
    ..\HARDWARE\NRF24L01\24l01.c             0x00000000   Number         0  24l01.o ABSOLUTE
    ..\HARDWARE\SPI\spi.c                    0x00000000   Number         0  spi.o ABSOLUTE
    ..\STM32F10x_FWLib\src\misc.c            0x00000000   Number         0  misc.o ABSOLUTE
    ..\STM32F10x_FWLib\src\stm32f10x_exti.c  0x00000000   Number         0  stm32f10x_exti.o ABSOLUTE
    ..\STM32F10x_FWLib\src\stm32f10x_gpio.c  0x00000000   Number         0  stm32f10x_gpio.o ABSOLUTE
    ..\STM32F10x_FWLib\src\stm32f10x_rcc.c   0x00000000   Number         0  stm32f10x_rcc.o ABSOLUTE
    ..\STM32F10x_FWLib\src\stm32f10x_spi.c   0x00000000   Number         0  stm32f10x_spi.o ABSOLUTE
    ..\STM32F10x_FWLib\src\stm32f10x_usart.c 0x00000000   Number         0  stm32f10x_usart.o ABSOLUTE
    ..\SYSTEM\delay\delay.c                  0x00000000   Number         0  delay.o ABSOLUTE
    ..\SYSTEM\sys\sys.c                      0x00000000   Number         0  sys.o ABSOLUTE
    ..\SYSTEM\usart\usart.c                  0x00000000   Number         0  usart.o ABSOLUTE
    ..\USB\CONFIG\hw_config.c                0x00000000   Number         0  hw_config.o ABSOLUTE
    ..\USB\CONFIG\usb_desc.c                 0x00000000   Number         0  usb_desc.o ABSOLUTE
    ..\USB\CONFIG\usb_istr.c                 0x00000000   Number         0  usb_istr.o ABSOLUTE
    ..\USB\CONFIG\usb_prop.c                 0x00000000   Number         0  usb_prop.o ABSOLUTE
    ..\USB\CONFIG\usb_pwr.c                  0x00000000   Number         0  usb_pwr.o ABSOLUTE
    ..\USB\LIB\usb_core.c                    0x00000000   Number         0  usb_core.o ABSOLUTE
    ..\USB\LIB\usb_init.c                    0x00000000   Number         0  usb_init.o ABSOLUTE
    ..\USB\LIB\usb_int.c                     0x00000000   Number         0  usb_int.o ABSOLUTE
    ..\USB\LIB\usb_mem.c                     0x00000000   Number         0  usb_mem.o ABSOLUTE
    ..\USB\LIB\usb_regs.c                    0x00000000   Number         0  usb_regs.o ABSOLUTE
    ..\\CORE\\core_cm3.c                     0x00000000   Number         0  core_cm3.o ABSOLUTE
    dc.s                                     0x00000000   Number         0  dc.o ABSOLUTE
    main.c                                   0x00000000   Number         0  main.o ABSOLUTE
    stm32f10x_it.c                           0x00000000   Number         0  stm32f10x_it.o ABSOLUTE
    system_stm32f10x.c                       0x00000000   Number         0  system_stm32f10x.o ABSOLUTE
    RESET                                    0x08000000   Section      236  startup_stm32f10x_md.o(RESET)
    !!!main                                  0x080000ec   Section        8  __main.o(!!!main)
    !!!scatter                               0x080000f4   Section       52  __scatter.o(!!!scatter)
    !!dczerorl2                              0x08000128   Section       90  __dczerorl2.o(!!dczerorl2)
    !!handler_zi                             0x08000184   Section       28  __scatter_zi.o(!!handler_zi)
    .ARM.Collect$$libinit$$00000000          0x080001a0   Section        2  libinit.o(.ARM.Collect$$libinit$$00000000)
    .ARM.Collect$$libinit$$00000002          0x080001a2   Section        0  libinit2.o(.ARM.Collect$$libinit$$00000002)
    .ARM.Collect$$libinit$$00000004          0x080001a2   Section        0  libinit2.o(.ARM.Collect$$libinit$$00000004)
    .ARM.Collect$$libinit$$0000000A          0x080001a2   Section        0  libinit2.o(.ARM.Collect$$libinit$$0000000A)
    .ARM.Collect$$libinit$$0000000C          0x080001a2   Section        0  libinit2.o(.ARM.Collect$$libinit$$0000000C)
    .ARM.Collect$$libinit$$0000000E          0x080001a2   Section        0  libinit2.o(.ARM.Collect$$libinit$$0000000E)
    .ARM.Collect$$libinit$$00000011          0x080001a2   Section        0  libinit2.o(.ARM.Collect$$libinit$$00000011)
    .ARM.Collect$$libinit$$00000013          0x080001a2   Section        0  libinit2.o(.ARM.Collect$$libinit$$00000013)
    .ARM.Collect$$libinit$$00000015          0x080001a2   Section        0  libinit2.o(.ARM.Collect$$libinit$$00000015)
    .ARM.Collect$$libinit$$00000017          0x080001a2   Section        0  libinit2.o(.ARM.Collect$$libinit$$00000017)
    .ARM.Collect$$libinit$$00000019          0x080001a2   Section        0  libinit2.o(.ARM.Collect$$libinit$$00000019)
    .ARM.Collect$$libinit$$0000001B          0x080001a2   Section        0  libinit2.o(.ARM.Collect$$libinit$$0000001B)
    .ARM.Collect$$libinit$$0000001D          0x080001a2   Section        0  libinit2.o(.ARM.Collect$$libinit$$0000001D)
    .ARM.Collect$$libinit$$0000001F          0x080001a2   Section        0  libinit2.o(.ARM.Collect$$libinit$$0000001F)
    .ARM.Collect$$libinit$$00000021          0x080001a2   Section        0  libinit2.o(.ARM.Collect$$libinit$$00000021)
    .ARM.Collect$$libinit$$00000023          0x080001a2   Section        0  libinit2.o(.ARM.Collect$$libinit$$00000023)
    .ARM.Collect$$libinit$$00000025          0x080001a2   Section        0  libinit2.o(.ARM.Collect$$libinit$$00000025)
    .ARM.Collect$$libinit$$0000002C          0x080001a2   Section        0  libinit2.o(.ARM.Collect$$libinit$$0000002C)
    .ARM.Collect$$libinit$$0000002E          0x080001a2   Section        0  libinit2.o(.ARM.Collect$$libinit$$0000002E)
    .ARM.Collect$$libinit$$00000030          0x080001a2   Section        0  libinit2.o(.ARM.Collect$$libinit$$00000030)
    .ARM.Collect$$libinit$$00000032          0x080001a2   Section        0  libinit2.o(.ARM.Collect$$libinit$$00000032)
    .ARM.Collect$$libinit$$00000033          0x080001a2   Section        2  libinit2.o(.ARM.Collect$$libinit$$00000033)
    .ARM.Collect$$libshutdown$$00000000      0x080001a4   Section        2  libshutdown.o(.ARM.Collect$$libshutdown$$00000000)
    .ARM.Collect$$libshutdown$$00000003      0x080001a6   Section        0  libshutdown2.o(.ARM.Collect$$libshutdown$$00000003)
    .ARM.Collect$$libshutdown$$00000006      0x080001a6   Section        0  libshutdown2.o(.ARM.Collect$$libshutdown$$00000006)
    .ARM.Collect$$libshutdown$$00000009      0x080001a6   Section        0  libshutdown2.o(.ARM.Collect$$libshutdown$$00000009)
    .ARM.Collect$$libshutdown$$0000000B      0x080001a6   Section        0  libshutdown2.o(.ARM.Collect$$libshutdown$$0000000B)
    .ARM.Collect$$libshutdown$$0000000E      0x080001a6   Section        0  libshutdown2.o(.ARM.Collect$$libshutdown$$0000000E)
    .ARM.Collect$$libshutdown$$0000000F      0x080001a6   Section        2  libshutdown2.o(.ARM.Collect$$libshutdown$$0000000F)
    .ARM.Collect$$rtentry$$00000000          0x080001a8   Section        0  __rtentry.o(.ARM.Collect$$rtentry$$00000000)
    .ARM.Collect$$rtentry$$00000002          0x080001a8   Section        0  __rtentry2.o(.ARM.Collect$$rtentry$$00000002)
    .ARM.Collect$$rtentry$$00000004          0x080001a8   Section        6  __rtentry4.o(.ARM.Collect$$rtentry$$00000004)
    .ARM.Collect$$rtentry$$00000009          0x080001ae   Section        0  __rtentry2.o(.ARM.Collect$$rtentry$$00000009)
    .ARM.Collect$$rtentry$$0000000A          0x080001ae   Section        4  __rtentry2.o(.ARM.Collect$$rtentry$$0000000A)
    .ARM.Collect$$rtentry$$0000000C          0x080001b2   Section        0  __rtentry2.o(.ARM.Collect$$rtentry$$0000000C)
    .ARM.Collect$$rtentry$$0000000D          0x080001b2   Section        8  __rtentry2.o(.ARM.Collect$$rtentry$$0000000D)
    .ARM.Collect$$rtexit$$00000000           0x080001ba   Section        2  rtexit.o(.ARM.Collect$$rtexit$$00000000)
    .ARM.Collect$$rtexit$$00000002           0x080001bc   Section        0  rtexit2.o(.ARM.Collect$$rtexit$$00000002)
    .ARM.Collect$$rtexit$$00000003           0x080001bc   Section        4  rtexit2.o(.ARM.Collect$$rtexit$$00000003)
    .ARM.Collect$$rtexit$$00000004           0x080001c0   Section        6  rtexit2.o(.ARM.Collect$$rtexit$$00000004)
    .text                                    0x080001c6   Section        0  main.o(.text)
    .text                                    0x0800024c   Section        0  stm32f10x_it.o(.text)
    .text                                    0x0800027c   Section        0  system_stm32f10x.o(.text)
    SetSysClockTo72                          0x0800027d   Thumb Code   214  system_stm32f10x.o(.text)
    SetSysClock                              0x08000353   Thumb Code     8  system_stm32f10x.o(.text)
    .text                                    0x0800045c   Section        0  24l01.o(.text)
    .text                                    0x0800076c   Section        0  spi.o(.text)
    .text                                    0x08000870   Section        0  delay.o(.text)
    .text                                    0x08000944   Section        0  sys.o(.text)
    .text                                    0x08000950   Section        0  usart.o(.text)
    .text                                    0x08000a90   Section       64  startup_stm32f10x_md.o(.text)
    .text                                    0x08000ad0   Section        0  misc.o(.text)
    .text                                    0x08000bac   Section        0  stm32f10x_gpio.o(.text)
    .text                                    0x08000f08   Section        0  stm32f10x_rcc.o(.text)
    .text                                    0x080012ac   Section        0  stm32f10x_usart.o(.text)
    .text                                    0x080016b4   Section        0  stm32f10x_exti.o(.text)
    .text                                    0x080017d0   Section        0  stm32f10x_spi.o(.text)
    .text                                    0x08001adc   Section        0  usb_core.o(.text)
    DataStageOut                             0x08001eef   Thumb Code   166  usb_core.o(.text)
    DataStageIn                              0x08001f95   Thumb Code   166  usb_core.o(.text)
    NoData_Setup0                            0x0800203b   Thumb Code   302  usb_core.o(.text)
    Data_Setup0                              0x08002169   Thumb Code   676  usb_core.o(.text)
    .text                                    0x080025fc   Section        0  usb_init.o(.text)
    .text                                    0x08002638   Section        0  usb_int.o(.text)
    .text                                    0x08002a0c   Section        0  usb_mem.o(.text)
    .text                                    0x08002a68   Section        0  usb_regs.o(.text)
    .text                                    0x08003220   Section        0  hw_config.o(.text)
    .text                                    0x080033f4   Section        0  usb_istr.o(.text)
    .text                                    0x080034ec   Section        0  usb_prop.o(.text)
    .text                                    0x08003788   Section        0  usb_pwr.o(.text)
    .text                                    0x080038c0   Section        2  use_no_semi_2.o(.text)
    .text                                    0x080038c2   Section        0  heapauxi.o(.text)
    .text                                    0x080038c8   Section        2  use_no_semi.o(.text)
    .text                                    0x080038ca   Section       74  sys_stackheap_outer.o(.text)
    .text                                    0x08003914   Section        0  exit.o(.text)
    .text                                    0x08003920   Section        8  libspace.o(.text)
    .constdata                               0x08003928   Section       10  24l01.o(.constdata)
    .constdata                               0x08003932   Section      265  usb_desc.o(.constdata)
    .data                                    0x20000000   Section       20  system_stm32f10x.o(.data)
    .data                                    0x20000014   Section        4  delay.o(.data)
    fac_us                                   0x20000014   Data           1  delay.o(.data)
    fac_ms                                   0x20000016   Data           2  delay.o(.data)
    .data                                    0x20000018   Section        6  usart.o(.data)
    .data                                    0x2000001e   Section       20  stm32f10x_rcc.o(.data)
    APBAHBPrescTable                         0x2000001e   Data          16  stm32f10x_rcc.o(.data)
    ADCPrescTable                            0x2000002e   Data           4  stm32f10x_rcc.o(.data)
    .data                                    0x20000032   Section        3  usb_core.o(.data)
    .data                                    0x20000038   Section       20  usb_init.o(.data)
    .data                                    0x2000004c   Section        4  usb_int.o(.data)
    .data                                    0x20000050   Section       26  usb_desc.o(.data)
    .data                                    0x2000006c   Section       60  usb_istr.o(.data)
    .data                                    0x200000a8   Section      172  usb_prop.o(.data)
    .data                                    0x20000154   Section        7  usb_pwr.o(.data)
    .bss                                     0x2000015c   Section      200  usart.o(.bss)
    .bss                                     0x20000224   Section       28  usb_init.o(.bss)
    .bss                                     0x20000240   Section       96  libspace.o(.bss)
    HEAP                                     0x200002a0   Section      512  startup_stm32f10x_md.o(HEAP)
    Heap_Mem                                 0x200002a0   Data         512  startup_stm32f10x_md.o(HEAP)
    STACK                                    0x200004a0   Section     1024  startup_stm32f10x_md.o(STACK)
    Stack_Mem                                0x200004a0   Data        1024  startup_stm32f10x_md.o(STACK)
    __initial_sp                             0x200008a0   Data           0  startup_stm32f10x_md.o(STACK)

    Global Symbols

    Symbol Name                              Value     Ov Type        Size  Object(Section)

    BuildAttributes$$THM_ISAv4$P$D$K$B$S$PE$A:L22UL41UL21$X:L11$S22US41US21$IEEE1$IW$USESV6$~STKCKD$USESV7$~SHL$OSPACE$ROPI$EBA8$UX$STANDARDLIB$REQ8$PRES8$EABIv2 0x00000000   Number         0  anon$$obj.o ABSOLUTE
    __ARM_use_no_argv                        0x00000000   Number         0  main.o ABSOLUTE
    __ARM_exceptions_init                     - Undefined Weak Reference
    __alloca_initialize                       - Undefined Weak Reference
    __arm_preinit_                            - Undefined Weak Reference
    __cpp_initialize__aeabi_                  - Undefined Weak Reference
    __cxa_finalize                            - Undefined Weak Reference
    __rt_locale                               - Undefined Weak Reference
    __sigvec_lookup                           - Undefined Weak Reference
    _atexit_init                              - Undefined Weak Reference
    _call_atexit_fns                          - Undefined Weak Reference
    _clock_init                               - Undefined Weak Reference
    _fp_trap_init                             - Undefined Weak Reference
    _fp_trap_shutdown                         - Undefined Weak Reference
    _get_lc_collate                           - Undefined Weak Reference
    _get_lc_ctype                             - Undefined Weak Reference
    _get_lc_monetary                          - Undefined Weak Reference
    _get_lc_numeric                           - Undefined Weak Reference
    _get_lc_time                              - Undefined Weak Reference
    _getenv_init                              - Undefined Weak Reference
    _handle_redirection                       - Undefined Weak Reference
    _init_alloc                               - Undefined Weak Reference
    _init_user_alloc                          - Undefined Weak Reference
    _initio                                   - Undefined Weak Reference
    _mutex_acquire                            - Undefined Weak Reference
    _mutex_release                            - Undefined Weak Reference
    _printf_post_padding                      - Undefined Weak Reference
    _printf_pre_padding                       - Undefined Weak Reference
    _printf_truncate_signed                   - Undefined Weak Reference
    _printf_truncate_unsigned                 - Undefined Weak Reference
    _rand_init                                - Undefined Weak Reference
    _signal_finish                            - Undefined Weak Reference
    _signal_init                              - Undefined Weak Reference
    _terminate_alloc                          - Undefined Weak Reference
    _terminate_user_alloc                     - Undefined Weak Reference
    _terminateio                              - Undefined Weak Reference
    __Vectors_Size                           0x000000ec   Number         0  startup_stm32f10x_md.o ABSOLUTE
    __Vectors                                0x08000000   Data           4  startup_stm32f10x_md.o(RESET)
    __Vectors_End                            0x080000ec   Data           0  startup_stm32f10x_md.o(RESET)
    __main                                   0x080000ed   Thumb Code     8  __main.o(!!!main)
    __scatterload                            0x080000f5   Thumb Code     0  __scatter.o(!!!scatter)
    __scatterload_rt2                        0x080000f5   Thumb Code    44  __scatter.o(!!!scatter)
    __scatterload_rt2_thumb_only             0x080000f5   Thumb Code     0  __scatter.o(!!!scatter)
    __scatterload_null                       0x08000103   Thumb Code     0  __scatter.o(!!!scatter)
    __decompress                             0x08000129   Thumb Code    90  __dczerorl2.o(!!dczerorl2)
    __decompress1                            0x08000129   Thumb Code     0  __dczerorl2.o(!!dczerorl2)
    __scatterload_zeroinit                   0x08000185   Thumb Code    28  __scatter_zi.o(!!handler_zi)
    __rt_lib_init                            0x080001a1   Thumb Code     0  libinit.o(.ARM.Collect$$libinit$$00000000)
    __rt_lib_init_alloca_1                   0x080001a3   Thumb Code     0  libinit2.o(.ARM.Collect$$libinit$$0000002E)
    __rt_lib_init_argv_1                     0x080001a3   Thumb Code     0  libinit2.o(.ARM.Collect$$libinit$$0000002C)
    __rt_lib_init_atexit_1                   0x080001a3   Thumb Code     0  libinit2.o(.ARM.Collect$$libinit$$0000001B)
    __rt_lib_init_clock_1                    0x080001a3   Thumb Code     0  libinit2.o(.ARM.Collect$$libinit$$00000021)
    __rt_lib_init_cpp_1                      0x080001a3   Thumb Code     0  libinit2.o(.ARM.Collect$$libinit$$00000032)
    __rt_lib_init_exceptions_1               0x080001a3   Thumb Code     0  libinit2.o(.ARM.Collect$$libinit$$00000030)
    __rt_lib_init_fp_1                       0x080001a3   Thumb Code     0  libinit2.o(.ARM.Collect$$libinit$$00000002)
    __rt_lib_init_fp_trap_1                  0x080001a3   Thumb Code     0  libinit2.o(.ARM.Collect$$libinit$$0000001F)
    __rt_lib_init_getenv_1                   0x080001a3   Thumb Code     0  libinit2.o(.ARM.Collect$$libinit$$00000023)
    __rt_lib_init_heap_1                     0x080001a3   Thumb Code     0  libinit2.o(.ARM.Collect$$libinit$$0000000A)
    __rt_lib_init_lc_collate_1               0x080001a3   Thumb Code     0  libinit2.o(.ARM.Collect$$libinit$$00000011)
    __rt_lib_init_lc_ctype_1                 0x080001a3   Thumb Code     0  libinit2.o(.ARM.Collect$$libinit$$00000013)
    __rt_lib_init_lc_monetary_1              0x080001a3   Thumb Code     0  libinit2.o(.ARM.Collect$$libinit$$00000015)
    __rt_lib_init_lc_numeric_1               0x080001a3   Thumb Code     0  libinit2.o(.ARM.Collect$$libinit$$00000017)
    __rt_lib_init_lc_time_1                  0x080001a3   Thumb Code     0  libinit2.o(.ARM.Collect$$libinit$$00000019)
    __rt_lib_init_preinit_1                  0x080001a3   Thumb Code     0  libinit2.o(.ARM.Collect$$libinit$$00000004)
    __rt_lib_init_rand_1                     0x080001a3   Thumb Code     0  libinit2.o(.ARM.Collect$$libinit$$0000000E)
    __rt_lib_init_return                     0x080001a3   Thumb Code     0  libinit2.o(.ARM.Collect$$libinit$$00000033)
    __rt_lib_init_signal_1                   0x080001a3   Thumb Code     0  libinit2.o(.ARM.Collect$$libinit$$0000001D)
    __rt_lib_init_stdio_1                    0x080001a3   Thumb Code     0  libinit2.o(.ARM.Collect$$libinit$$00000025)
    __rt_lib_init_user_alloc_1               0x080001a3   Thumb Code     0  libinit2.o(.ARM.Collect$$libinit$$0000000C)
    __rt_lib_shutdown                        0x080001a5   Thumb Code     0  libshutdown.o(.ARM.Collect$$libshutdown$$00000000)
    __rt_lib_shutdown_fp_trap_1              0x080001a7   Thumb Code     0  libshutdown2.o(.ARM.Collect$$libshutdown$$00000006)
    __rt_lib_shutdown_heap_1                 0x080001a7   Thumb Code     0  libshutdown2.o(.ARM.Collect$$libshutdown$$0000000E)
    __rt_lib_shutdown_return                 0x080001a7   Thumb Code     0  libshutdown2.o(.ARM.Collect$$libshutdown$$0000000F)
    __rt_lib_shutdown_signal_1               0x080001a7   Thumb Code     0  libshutdown2.o(.ARM.Collect$$libshutdown$$00000009)
    __rt_lib_shutdown_stdio_1                0x080001a7   Thumb Code     0  libshutdown2.o(.ARM.Collect$$libshutdown$$00000003)
    __rt_lib_shutdown_user_alloc_1           0x080001a7   Thumb Code     0  libshutdown2.o(.ARM.Collect$$libshutdown$$0000000B)
    __rt_entry                               0x080001a9   Thumb Code     0  __rtentry.o(.ARM.Collect$$rtentry$$00000000)
    __rt_entry_presh_1                       0x080001a9   Thumb Code     0  __rtentry2.o(.ARM.Collect$$rtentry$$00000002)
    __rt_entry_sh                            0x080001a9   Thumb Code     0  __rtentry4.o(.ARM.Collect$$rtentry$$00000004)
    __rt_entry_li                            0x080001af   Thumb Code     0  __rtentry2.o(.ARM.Collect$$rtentry$$0000000A)
    __rt_entry_postsh_1                      0x080001af   Thumb Code     0  __rtentry2.o(.ARM.Collect$$rtentry$$00000009)
    __rt_entry_main                          0x080001b3   Thumb Code     0  __rtentry2.o(.ARM.Collect$$rtentry$$0000000D)
    __rt_entry_postli_1                      0x080001b3   Thumb Code     0  __rtentry2.o(.ARM.Collect$$rtentry$$0000000C)
    __rt_exit                                0x080001bb   Thumb Code     0  rtexit.o(.ARM.Collect$$rtexit$$00000000)
    __rt_exit_ls                             0x080001bd   Thumb Code     0  rtexit2.o(.ARM.Collect$$rtexit$$00000003)
    __rt_exit_prels_1                        0x080001bd   Thumb Code     0  rtexit2.o(.ARM.Collect$$rtexit$$00000002)
    __rt_exit_exit                           0x080001c1   Thumb Code     0  rtexit2.o(.ARM.Collect$$rtexit$$00000004)
    usb_abs                                  0x080001c7   Thumb Code    14  main.o(.text)
    main                                     0x080001d5   Thumb Code   120  main.o(.text)
    NMI_Handler                              0x0800024d   Thumb Code     2  stm32f10x_it.o(.text)
    HardFault_Handler                        0x0800024f   Thumb Code     4  stm32f10x_it.o(.text)
    MemManage_Handler                        0x08000253   Thumb Code     4  stm32f10x_it.o(.text)
    BusFault_Handler                         0x08000257   Thumb Code     4  stm32f10x_it.o(.text)
    UsageFault_Handler                       0x0800025b   Thumb Code     4  stm32f10x_it.o(.text)
    SVC_Handler                              0x0800025f   Thumb Code     2  stm32f10x_it.o(.text)
    DebugMon_Handler                         0x08000261   Thumb Code     2  stm32f10x_it.o(.text)
    PendSV_Handler                           0x08000263   Thumb Code     2  stm32f10x_it.o(.text)
    SysTick_Handler                          0x08000265   Thumb Code     2  stm32f10x_it.o(.text)
    USB_HP_CAN_TX_IRQHandler                 0x08000267   Thumb Code     2  stm32f10x_it.o(.text)
    USB_LP_CAN1_RX0_IRQHandler               0x08000269   Thumb Code     8  stm32f10x_it.o(.text)
    USBWakeUp_IRQHandler                     0x08000271   Thumb Code    12  stm32f10x_it.o(.text)
    SystemInit                               0x0800035b   Thumb Code    78  system_stm32f10x.o(.text)
    SystemCoreClockUpdate                    0x080003a9   Thumb Code   142  system_stm32f10x.o(.text)
    NRF24L01_Init                            0x0800045d   Thumb Code   166  24l01.o(.text)
    NRF24L01_Read_Buf                        0x08000503   Thumb Code    60  24l01.o(.text)
    NRF24L01_Write_Buf                       0x0800053f   Thumb Code    60  24l01.o(.text)
    NRF24L01_Check                           0x0800057b   Thumb Code    72  24l01.o(.text)
    NRF24L01_Write_Reg                       0x080005c3   Thumb Code    40  24l01.o(.text)
    NRF24L01_Read_Reg                        0x080005eb   Thumb Code    38  24l01.o(.text)
    NRF24L01_TxPacket                        0x08000611   Thumb Code    94  24l01.o(.text)
    NRF24L01_RxPacket                        0x0800066f   Thumb Code    58  24l01.o(.text)
    NRF24L01_RX_Mode                         0x080006a9   Thumb Code    76  24l01.o(.text)
    NRF24L01_TX_Mode                         0x080006f5   Thumb Code    86  24l01.o(.text)
    SPI1_ReadWriteByte                       0x0800076d   Thumb Code    78  spi.o(.text)
    SPI2_Init                                0x080007bb   Thumb Code   136  spi.o(.text)
    SPI1_SetSpeed                            0x08000843   Thumb Code    36  spi.o(.text)
    delay_init                               0x08000871   Thumb Code    50  delay.o(.text)
    delay_us                                 0x080008a3   Thumb Code    72  delay.o(.text)
    delay_ms                                 0x080008eb   Thumb Code    72  delay.o(.text)
    NVIC_Configuration                       0x08000945   Thumb Code    12  sys.o(.text)
    _sys_exit                                0x08000951   Thumb Code     6  usart.o(.text)
    fputc                                    0x08000957   Thumb Code    24  usart.o(.text)
    uart_init                                0x0800096f   Thumb Code   152  usart.o(.text)
    USART1_IRQHandler                        0x08000a07   Thumb Code   122  usart.o(.text)
    Reset_Handler                            0x08000a91   Thumb Code     8  startup_stm32f10x_md.o(.text)
    ADC1_2_IRQHandler                        0x08000aab   Thumb Code     0  startup_stm32f10x_md.o(.text)
    CAN1_RX1_IRQHandler                      0x08000aab   Thumb Code     0  startup_stm32f10x_md.o(.text)
    CAN1_SCE_IRQHandler                      0x08000aab   Thumb Code     0  startup_stm32f10x_md.o(.text)
    DMA1_Channel1_IRQHandler                 0x08000aab   Thumb Code     0  startup_stm32f10x_md.o(.text)
    DMA1_Channel2_IRQHandler                 0x08000aab   Thumb Code     0  startup_stm32f10x_md.o(.text)
    DMA1_Channel3_IRQHandler                 0x08000aab   Thumb Code     0  startup_stm32f10x_md.o(.text)
    DMA1_Channel4_IRQHandler                 0x08000aab   Thumb Code     0  startup_stm32f10x_md.o(.text)
    DMA1_Channel5_IRQHandler                 0x08000aab   Thumb Code     0  startup_stm32f10x_md.o(.text)
    DMA1_Channel6_IRQHandler                 0x08000aab   Thumb Code     0  startup_stm32f10x_md.o(.text)
    DMA1_Channel7_IRQHandler                 0x08000aab   Thumb Code     0  startup_stm32f10x_md.o(.text)
    EXTI0_IRQHandler                         0x08000aab   Thumb Code     0  startup_stm32f10x_md.o(.text)
    EXTI15_10_IRQHandler                     0x08000aab   Thumb Code     0  startup_stm32f10x_md.o(.text)
    EXTI1_IRQHandler                         0x08000aab   Thumb Code     0  startup_stm32f10x_md.o(.text)
    EXTI2_IRQHandler                         0x08000aab   Thumb Code     0  startup_stm32f10x_md.o(.text)
    EXTI3_IRQHandler                         0x08000aab   Thumb Code     0  startup_stm32f10x_md.o(.text)
    EXTI4_IRQHandler                         0x08000aab   Thumb Code     0  startup_stm32f10x_md.o(.text)
    EXTI9_5_IRQHandler                       0x08000aab   Thumb Code     0  startup_stm32f10x_md.o(.text)
    FLASH_IRQHandler                         0x08000aab   Thumb Code     0  startup_stm32f10x_md.o(.text)
    I2C1_ER_IRQHandler                       0x08000aab   Thumb Code     0  startup_stm32f10x_md.o(.text)
    I2C1_EV_IRQHandler                       0x08000aab   Thumb Code     0  startup_stm32f10x_md.o(.text)
    I2C2_ER_IRQHandler                       0x08000aab   Thumb Code     0  startup_stm32f10x_md.o(.text)
    I2C2_EV_IRQHandler                       0x08000aab   Thumb Code     0  startup_stm32f10x_md.o(.text)
    PVD_IRQHandler                           0x08000aab   Thumb Code     0  startup_stm32f10x_md.o(.text)
    RCC_IRQHandler                           0x08000aab   Thumb Code     0  startup_stm32f10x_md.o(.text)
    RTCAlarm_IRQHandler                      0x08000aab   Thumb Code     0  startup_stm32f10x_md.o(.text)
    RTC_IRQHandler                           0x08000aab   Thumb Code     0  startup_stm32f10x_md.o(.text)
    SPI1_IRQHandler                          0x08000aab   Thumb Code     0  startup_stm32f10x_md.o(.text)
    SPI2_IRQHandler                          0x08000aab   Thumb Code     0  startup_stm32f10x_md.o(.text)
    TAMPER_IRQHandler                        0x08000aab   Thumb Code     0  startup_stm32f10x_md.o(.text)
    TIM1_BRK_IRQHandler                      0x08000aab   Thumb Code     0  startup_stm32f10x_md.o(.text)
    TIM1_CC_IRQHandler                       0x08000aab   Thumb Code     0  startup_stm32f10x_md.o(.text)
    TIM1_TRG_COM_IRQHandler                  0x08000aab   Thumb Code     0  startup_stm32f10x_md.o(.text)
    TIM1_UP_IRQHandler                       0x08000aab   Thumb Code     0  startup_stm32f10x_md.o(.text)
    TIM2_IRQHandler                          0x08000aab   Thumb Code     0  startup_stm32f10x_md.o(.text)
    TIM3_IRQHandler                          0x08000aab   Thumb Code     0  startup_stm32f10x_md.o(.text)
    TIM4_IRQHandler                          0x08000aab   Thumb Code     0  startup_stm32f10x_md.o(.text)
    USART2_IRQHandler                        0x08000aab   Thumb Code     0  startup_stm32f10x_md.o(.text)
    USART3_IRQHandler                        0x08000aab   Thumb Code     0  startup_stm32f10x_md.o(.text)
    USB_HP_CAN1_TX_IRQHandler                0x08000aab   Thumb Code     0  startup_stm32f10x_md.o(.text)
    WWDG_IRQHandler                          0x08000aab   Thumb Code     0  startup_stm32f10x_md.o(.text)
    __user_initial_stackheap                 0x08000aad   Thumb Code     0  startup_stm32f10x_md.o(.text)
    NVIC_PriorityGroupConfig                 0x08000ad1   Thumb Code    10  misc.o(.text)
    NVIC_Init                                0x08000adb   Thumb Code   100  misc.o(.text)
    NVIC_SetVectorTable                      0x08000b3f   Thumb Code    14  misc.o(.text)
    NVIC_SystemLPConfig                      0x08000b4d   Thumb Code    34  misc.o(.text)
    SysTick_CLKSourceConfig                  0x08000b6f   Thumb Code    40  misc.o(.text)
    GPIO_DeInit                              0x08000bad   Thumb Code   172  stm32f10x_gpio.o(.text)
    GPIO_AFIODeInit                          0x08000c59   Thumb Code    20  stm32f10x_gpio.o(.text)
    GPIO_Init                                0x08000c6d   Thumb Code   278  stm32f10x_gpio.o(.text)
    GPIO_StructInit                          0x08000d83   Thumb Code    16  stm32f10x_gpio.o(.text)
    GPIO_ReadInputDataBit                    0x08000d93   Thumb Code    18  stm32f10x_gpio.o(.text)
    GPIO_ReadInputData                       0x08000da5   Thumb Code     8  stm32f10x_gpio.o(.text)
    GPIO_ReadOutputDataBit                   0x08000dad   Thumb Code    18  stm32f10x_gpio.o(.text)
    GPIO_ReadOutputData                      0x08000dbf   Thumb Code     8  stm32f10x_gpio.o(.text)
    GPIO_SetBits                             0x08000dc7   Thumb Code     4  stm32f10x_gpio.o(.text)
    GPIO_ResetBits                           0x08000dcb   Thumb Code     4  stm32f10x_gpio.o(.text)
    GPIO_WriteBit                            0x08000dcf   Thumb Code    10  stm32f10x_gpio.o(.text)
    GPIO_Write                               0x08000dd9   Thumb Code     4  stm32f10x_gpio.o(.text)
    GPIO_PinLockConfig                       0x08000ddd   Thumb Code    18  stm32f10x_gpio.o(.text)
    GPIO_EventOutputConfig                   0x08000def   Thumb Code    26  stm32f10x_gpio.o(.text)
    GPIO_EventOutputCmd                      0x08000e09   Thumb Code     6  stm32f10x_gpio.o(.text)
    GPIO_PinRemapConfig                      0x08000e0f   Thumb Code   138  stm32f10x_gpio.o(.text)
    GPIO_EXTILineConfig                      0x08000e99   Thumb Code    66  stm32f10x_gpio.o(.text)
    GPIO_ETH_MediaInterfaceConfig            0x08000edb   Thumb Code     8  stm32f10x_gpio.o(.text)
    RCC_DeInit                               0x08000f09   Thumb Code    64  stm32f10x_rcc.o(.text)
    RCC_HSEConfig                            0x08000f49   Thumb Code    70  stm32f10x_rcc.o(.text)
    RCC_GetFlagStatus                        0x08000f8f   Thumb Code    56  stm32f10x_rcc.o(.text)
    RCC_WaitForHSEStartUp                    0x08000fc7   Thumb Code    56  stm32f10x_rcc.o(.text)
    RCC_AdjustHSICalibrationValue            0x08000fff   Thumb Code    20  stm32f10x_rcc.o(.text)
    RCC_HSICmd                               0x08001013   Thumb Code     6  stm32f10x_rcc.o(.text)
    RCC_PLLConfig                            0x08001019   Thumb Code    24  stm32f10x_rcc.o(.text)
    RCC_PLLCmd                               0x08001031   Thumb Code     6  stm32f10x_rcc.o(.text)
    RCC_SYSCLKConfig                         0x08001037   Thumb Code    18  stm32f10x_rcc.o(.text)
    RCC_GetSYSCLKSource                      0x08001049   Thumb Code    10  stm32f10x_rcc.o(.text)
    RCC_HCLKConfig                           0x08001053   Thumb Code    18  stm32f10x_rcc.o(.text)
    RCC_PCLK1Config                          0x08001065   Thumb Code    18  stm32f10x_rcc.o(.text)
    RCC_PCLK2Config                          0x08001077   Thumb Code    20  stm32f10x_rcc.o(.text)
    RCC_ITConfig                             0x0800108b   Thumb Code    26  stm32f10x_rcc.o(.text)
    RCC_USBCLKConfig                         0x080010a5   Thumb Code     8  stm32f10x_rcc.o(.text)
    RCC_ADCCLKConfig                         0x080010ad   Thumb Code    18  stm32f10x_rcc.o(.text)
    RCC_LSEConfig                            0x080010bf   Thumb Code    50  stm32f10x_rcc.o(.text)
    RCC_LSICmd                               0x080010f1   Thumb Code     6  stm32f10x_rcc.o(.text)
    RCC_RTCCLKConfig                         0x080010f7   Thumb Code    12  stm32f10x_rcc.o(.text)
    RCC_RTCCLKCmd                            0x08001103   Thumb Code     8  stm32f10x_rcc.o(.text)
    RCC_GetClocksFreq                        0x0800110b   Thumb Code   192  stm32f10x_rcc.o(.text)
    RCC_AHBPeriphClockCmd                    0x080011cb   Thumb Code    26  stm32f10x_rcc.o(.text)
    RCC_APB2PeriphClockCmd                   0x080011e5   Thumb Code    26  stm32f10x_rcc.o(.text)
    RCC_APB1PeriphClockCmd                   0x080011ff   Thumb Code    26  stm32f10x_rcc.o(.text)
    RCC_APB2PeriphResetCmd                   0x08001219   Thumb Code    26  stm32f10x_rcc.o(.text)
    RCC_APB1PeriphResetCmd                   0x08001233   Thumb Code    26  stm32f10x_rcc.o(.text)
    RCC_BackupResetCmd                       0x0800124d   Thumb Code     8  stm32f10x_rcc.o(.text)
    RCC_ClockSecuritySystemCmd               0x08001255   Thumb Code     6  stm32f10x_rcc.o(.text)
    RCC_MCOConfig                            0x0800125b   Thumb Code     6  stm32f10x_rcc.o(.text)
    RCC_ClearFlag                            0x08001261   Thumb Code    14  stm32f10x_rcc.o(.text)
    RCC_GetITStatus                          0x0800126f   Thumb Code    20  stm32f10x_rcc.o(.text)
    RCC_ClearITPendingBit                    0x08001283   Thumb Code     6  stm32f10x_rcc.o(.text)
    USART_DeInit                             0x080012ad   Thumb Code   134  stm32f10x_usart.o(.text)
    USART_Init                               0x08001333   Thumb Code   210  stm32f10x_usart.o(.text)
    USART_StructInit                         0x08001405   Thumb Code    24  stm32f10x_usart.o(.text)
    USART_ClockInit                          0x0800141d   Thumb Code    34  stm32f10x_usart.o(.text)
    USART_ClockStructInit                    0x0800143f   Thumb Code    12  stm32f10x_usart.o(.text)
    USART_Cmd                                0x0800144b   Thumb Code    24  stm32f10x_usart.o(.text)
    USART_ITConfig                           0x08001463   Thumb Code    74  stm32f10x_usart.o(.text)
    USART_DMACmd                             0x080014ad   Thumb Code    18  stm32f10x_usart.o(.text)
    USART_SetAddress                         0x080014bf   Thumb Code    18  stm32f10x_usart.o(.text)
    USART_WakeUpConfig                       0x080014d1   Thumb Code    18  stm32f10x_usart.o(.text)
    USART_ReceiverWakeUpCmd                  0x080014e3   Thumb Code    24  stm32f10x_usart.o(.text)
    USART_LINBreakDetectLengthConfig         0x080014fb   Thumb Code    18  stm32f10x_usart.o(.text)
    USART_LINCmd                             0x0800150d   Thumb Code    24  stm32f10x_usart.o(.text)
    USART_SendData                           0x08001525   Thumb Code     8  stm32f10x_usart.o(.text)
    USART_ReceiveData                        0x0800152d   Thumb Code    10  stm32f10x_usart.o(.text)
    USART_SendBreak                          0x08001537   Thumb Code    10  stm32f10x_usart.o(.text)
    USART_SetGuardTime                       0x08001541   Thumb Code    16  stm32f10x_usart.o(.text)
    USART_SetPrescaler                       0x08001551   Thumb Code    16  stm32f10x_usart.o(.text)
    USART_SmartCardCmd                       0x08001561   Thumb Code    24  stm32f10x_usart.o(.text)
    USART_SmartCardNACKCmd                   0x08001579   Thumb Code    24  stm32f10x_usart.o(.text)
    USART_HalfDuplexCmd                      0x08001591   Thumb Code    24  stm32f10x_usart.o(.text)
    USART_OverSampling8Cmd                   0x080015a9   Thumb Code    22  stm32f10x_usart.o(.text)
    USART_OneBitMethodCmd                    0x080015bf   Thumb Code    24  stm32f10x_usart.o(.text)
    USART_IrDAConfig                         0x080015d7   Thumb Code    18  stm32f10x_usart.o(.text)
    USART_IrDACmd                            0x080015e9   Thumb Code    24  stm32f10x_usart.o(.text)
    USART_GetFlagStatus                      0x08001601   Thumb Code    26  stm32f10x_usart.o(.text)
    USART_ClearFlag                          0x0800161b   Thumb Code    18  stm32f10x_usart.o(.text)
    USART_GetITStatus                        0x0800162d   Thumb Code    84  stm32f10x_usart.o(.text)
    USART_ClearITPendingBit                  0x08001681   Thumb Code    52  stm32f10x_usart.o(.text)
    EXTI_DeInit                              0x080016b5   Thumb Code    28  stm32f10x_exti.o(.text)
    EXTI_Init                                0x080016d1   Thumb Code   142  stm32f10x_exti.o(.text)
    EXTI_StructInit                          0x0800175f   Thumb Code    16  stm32f10x_exti.o(.text)
    EXTI_GenerateSWInterrupt                 0x0800176f   Thumb Code    16  stm32f10x_exti.o(.text)
    EXTI_GetFlagStatus                       0x0800177f   Thumb Code    22  stm32f10x_exti.o(.text)
    EXTI_ClearFlag                           0x08001795   Thumb Code     8  stm32f10x_exti.o(.text)
    EXTI_GetITStatus                         0x0800179d   Thumb Code    34  stm32f10x_exti.o(.text)
    EXTI_ClearITPendingBit                   0x080017bf   Thumb Code     8  stm32f10x_exti.o(.text)
    SPI_I2S_DeInit                           0x080017d1   Thumb Code    76  stm32f10x_spi.o(.text)
    SPI_Init                                 0x0800181d   Thumb Code    60  stm32f10x_spi.o(.text)
    I2S_Init                                 0x08001859   Thumb Code   226  stm32f10x_spi.o(.text)
    SPI_StructInit                           0x0800193b   Thumb Code    24  stm32f10x_spi.o(.text)
    I2S_StructInit                           0x08001953   Thumb Code    20  stm32f10x_spi.o(.text)
    SPI_Cmd                                  0x08001967   Thumb Code    24  stm32f10x_spi.o(.text)
    I2S_Cmd                                  0x0800197f   Thumb Code    24  stm32f10x_spi.o(.text)
    SPI_I2S_ITConfig                         0x08001997   Thumb Code    32  stm32f10x_spi.o(.text)
    SPI_I2S_DMACmd                           0x080019b7   Thumb Code    18  stm32f10x_spi.o(.text)
    SPI_I2S_SendData                         0x080019c9   Thumb Code     4  stm32f10x_spi.o(.text)
    SPI_I2S_ReceiveData                      0x080019cd   Thumb Code     6  stm32f10x_spi.o(.text)
    SPI_NSSInternalSoftwareConfig            0x080019d3   Thumb Code    30  stm32f10x_spi.o(.text)
    SPI_SSOutputCmd                          0x080019f1   Thumb Code    24  stm32f10x_spi.o(.text)
    SPI_DataSizeConfig                       0x08001a09   Thumb Code    18  stm32f10x_spi.o(.text)
    SPI_TransmitCRC                          0x08001a1b   Thumb Code    10  stm32f10x_spi.o(.text)
    SPI_CalculateCRC                         0x08001a25   Thumb Code    24  stm32f10x_spi.o(.text)
    SPI_GetCRC                               0x08001a3d   Thumb Code    16  stm32f10x_spi.o(.text)
    SPI_GetCRCPolynomial                     0x08001a4d   Thumb Code     6  stm32f10x_spi.o(.text)
    SPI_BiDirectionalLineConfig              0x08001a53   Thumb Code    28  stm32f10x_spi.o(.text)
    SPI_I2S_GetFlagStatus                    0x08001a6f   Thumb Code    18  stm32f10x_spi.o(.text)
    SPI_I2S_ClearFlag                        0x08001a81   Thumb Code     6  stm32f10x_spi.o(.text)
    SPI_I2S_GetITStatus                      0x08001a87   Thumb Code    52  stm32f10x_spi.o(.text)
    SPI_I2S_ClearITPendingBit                0x08001abb   Thumb Code    20  stm32f10x_spi.o(.text)
    Standard_GetConfiguration                0x08001add   Thumb Code    34  usb_core.o(.text)
    Standard_SetConfiguration                0x08001aff   Thumb Code    60  usb_core.o(.text)
    Standard_GetInterface                    0x08001b3b   Thumb Code    34  usb_core.o(.text)
    Standard_SetInterface                    0x08001b5d   Thumb Code    96  usb_core.o(.text)
    Standard_GetStatus                       0x08001bbd   Thumb Code   224  usb_core.o(.text)
    Standard_ClearFeature                    0x08001c9d   Thumb Code   326  usb_core.o(.text)
    Standard_SetEndPointFeature              0x08001de3   Thumb Code   176  usb_core.o(.text)
    Standard_SetDeviceFeature                0x08001e93   Thumb Code    30  usb_core.o(.text)
    Standard_GetDescriptorData               0x08001eb1   Thumb Code    62  usb_core.o(.text)
    Post0_Process                            0x0800240d   Thumb Code    54  usb_core.o(.text)
    Setup0_Process                           0x08002443   Thumb Code   162  usb_core.o(.text)
    SetDeviceAddress                         0x080024e5   Thumb Code    64  usb_core.o(.text)
    In0_Process                              0x08002525   Thumb Code    98  usb_core.o(.text)
    Out0_Process                             0x08002587   Thumb Code    70  usb_core.o(.text)
    NOP_Process                              0x080025cd   Thumb Code     2  usb_core.o(.text)
    USB_Init                                 0x080025fd   Thumb Code    36  usb_init.o(.text)
    CTR_LP                                   0x08002639   Thumb Code   774  usb_int.o(.text)
    CTR_HP                                   0x0800293f   Thumb Code   174  usb_int.o(.text)
    UserToPMABufferCopy                      0x08002a0d   Thumb Code    52  usb_mem.o(.text)
    PMAToUserBufferCopy                      0x08002a41   Thumb Code    34  usb_mem.o(.text)
    SetCNTR                                  0x08002a69   Thumb Code     6  usb_regs.o(.text)
    GetCNTR                                  0x08002a6f   Thumb Code     8  usb_regs.o(.text)
    SetISTR                                  0x08002a77   Thumb Code     8  usb_regs.o(.text)
    GetISTR                                  0x08002a7f   Thumb Code    10  usb_regs.o(.text)
    GetFNR                                   0x08002a89   Thumb Code    10  usb_regs.o(.text)
    SetDADDR                                 0x08002a93   Thumb Code     8  usb_regs.o(.text)
    GetDADDR                                 0x08002a9b   Thumb Code    10  usb_regs.o(.text)
    SetBTABLE                                0x08002aa5   Thumb Code    14  usb_regs.o(.text)
    GetBTABLE                                0x08002ab3   Thumb Code    10  usb_regs.o(.text)
    SetENDPOINT                              0x08002abd   Thumb Code    12  usb_regs.o(.text)
    GetENDPOINT                              0x08002ac9   Thumb Code    16  usb_regs.o(.text)
    SetEPType                                0x08002ad9   Thumb Code    32  usb_regs.o(.text)
    GetEPType                                0x08002af9   Thumb Code    18  usb_regs.o(.text)
    SetEPTxStatus                            0x08002b0b   Thumb Code    52  usb_regs.o(.text)
    SetEPRxStatus                            0x08002b3f   Thumb Code    52  usb_regs.o(.text)
    SetDouBleBuffEPStall                     0x08002b73   Thumb Code    54  usb_regs.o(.text)
    GetEPTxStatus                            0x08002ba9   Thumb Code    18  usb_regs.o(.text)
    GetEPRxStatus                            0x08002bbb   Thumb Code    18  usb_regs.o(.text)
    SetEPTxValid                             0x08002bcd   Thumb Code    38  usb_regs.o(.text)
    SetEPRxValid                             0x08002bf3   Thumb Code    38  usb_regs.o(.text)
    SetEP_KIND                               0x08002c19   Thumb Code    32  usb_regs.o(.text)
    ClearEP_KIND                             0x08002c39   Thumb Code    28  usb_regs.o(.text)
    Clear_Status_Out                         0x08002c55   Thumb Code    28  usb_regs.o(.text)
    Set_Status_Out                           0x08002c71   Thumb Code    32  usb_regs.o(.text)
    SetEPDoubleBuff                          0x08002c91   Thumb Code    32  usb_regs.o(.text)
    ClearEPDoubleBuff                        0x08002cb1   Thumb Code    28  usb_regs.o(.text)
    GetTxStallStatus                         0x08002ccd   Thumb Code    28  usb_regs.o(.text)
    GetRxStallStatus                         0x08002ce9   Thumb Code    30  usb_regs.o(.text)
    ClearEP_CTR_RX                           0x08002d07   Thumb Code    32  usb_regs.o(.text)
    ClearEP_CTR_TX                           0x08002d27   Thumb Code    28  usb_regs.o(.text)
    ToggleDTOG_RX                            0x08002d43   Thumb Code    32  usb_regs.o(.text)
    ToggleDTOG_TX                            0x08002d63   Thumb Code    32  usb_regs.o(.text)
    ClearDTOG_RX                             0x08002d83   Thumb Code    46  usb_regs.o(.text)
    ClearDTOG_TX                             0x08002db1   Thumb Code    46  usb_regs.o(.text)
    SetEPAddress                             0x08002ddf   Thumb Code    32  usb_regs.o(.text)
    GetEPAddress                             0x08002dff   Thumb Code    18  usb_regs.o(.text)
    SetEPTxAddr                              0x08002e11   Thumb Code    26  usb_regs.o(.text)
    SetEPRxAddr                              0x08002e2b   Thumb Code    42  usb_regs.o(.text)
    GetEPTxAddr                              0x08002e55   Thumb Code    22  usb_regs.o(.text)
    GetEPRxAddr                              0x08002e6b   Thumb Code    24  usb_regs.o(.text)
    SetEPTxCount                             0x08002e83   Thumb Code    20  usb_regs.o(.text)
    SetEPCountRxReg                          0x08002e97   Thumb Code    48  usb_regs.o(.text)
    SetEPRxCount                             0x08002ec7   Thumb Code    68  usb_regs.o(.text)
    GetEPTxCount                             0x08002f0b   Thumb Code    26  usb_regs.o(.text)
    GetEPRxCount                             0x08002f25   Thumb Code    26  usb_regs.o(.text)
    SetEPDblBuffAddr                         0x08002f3f   Thumb Code    44  usb_regs.o(.text)
    SetEPDblBuf0Addr                         0x08002f6b   Thumb Code    24  usb_regs.o(.text)
    SetEPDblBuf1Addr                         0x08002f83   Thumb Code    26  usb_regs.o(.text)
    GetEPDblBuf0Addr                         0x08002f9d   Thumb Code    22  usb_regs.o(.text)
    GetEPDblBuf1Addr                         0x08002fb3   Thumb Code    24  usb_regs.o(.text)
    SetEPDblBuffCount                        0x08002fcb   Thumb Code   186  usb_regs.o(.text)
    SetEPDblBuf0Count                        0x08003085   Thumb Code    96  usb_regs.o(.text)
    SetEPDblBuf1Count                        0x080030e5   Thumb Code    96  usb_regs.o(.text)
    GetEPDblBuf0Count                        0x08003145   Thumb Code    26  usb_regs.o(.text)
    GetEPDblBuf1Count                        0x0800315f   Thumb Code    26  usb_regs.o(.text)
    GetEPDblBufDir                           0x08003179   Thumb Code    62  usb_regs.o(.text)
    FreeUserBuffer                           0x080031b7   Thumb Code    74  usb_regs.o(.text)
    ToWord                                   0x08003201   Thumb Code     8  usb_regs.o(.text)
    ByteSwap                                 0x08003209   Thumb Code    12  usb_regs.o(.text)
    Set_USBClock                             0x08003221   Thumb Code    18  hw_config.o(.text)
    Enter_LowPowerMode                       0x08003233   Thumb Code     8  hw_config.o(.text)
    Leave_LowPowerMode                       0x0800323b   Thumb Code    22  hw_config.o(.text)
    USB_Interrupts_Config                    0x08003251   Thumb Code    92  hw_config.o(.text)
    Joystick_Send                            0x080032ad   Thumb Code   126  hw_config.o(.text)
    Send                                     0x0800332b   Thumb Code   124  hw_config.o(.text)
    Get_SerialNum                            0x080033a7   Thumb Code    62  hw_config.o(.text)
    USB_Istr                                 0x080033f5   Thumb Code   222  usb_istr.o(.text)
    Joystick_init                            0x080034ed   Thumb Code    50  usb_prop.o(.text)
    Joystick_Reset                           0x0800351f   Thumb Code   204  usb_prop.o(.text)
    Joystick_SetConfiguration                0x080035eb   Thumb Code     2  usb_prop.o(.text)
    Joystick_SetDeviceAddress                0x080035ed   Thumb Code     2  usb_prop.o(.text)
    Joystick_Status_In                       0x080035ef   Thumb Code     2  usb_prop.o(.text)
    Joystick_Status_Out                      0x080035f1   Thumb Code     2  usb_prop.o(.text)
    Joystick_GetProtocolValue                0x080035f3   Thumb Code    20  usb_prop.o(.text)
    Mouse_GetHIDDescriptor                   0x08003607   Thumb Code    14  usb_prop.o(.text)
    KP_GetHIDDescriptor                      0x08003615   Thumb Code    14  usb_prop.o(.text)
    Mouse_GetReportDescriptor                0x08003623   Thumb Code    14  usb_prop.o(.text)
    KP_GetReportDescriptor                   0x08003631   Thumb Code    14  usb_prop.o(.text)
    Joystick_Data_Setup                      0x0800363f   Thumb Code   144  usb_prop.o(.text)
    Joystick_SetProtocol                     0x080036cf   Thumb Code    14  usb_prop.o(.text)
    Joystick_NoData_Setup                    0x080036dd   Thumb Code    32  usb_prop.o(.text)
    Joystick_GetDeviceDescriptor             0x080036fd   Thumb Code    14  usb_prop.o(.text)
    Joystick_GetConfigDescriptor             0x0800370b   Thumb Code    14  usb_prop.o(.text)
    Joystick_GetStringDescriptor             0x08003719   Thumb Code    32  usb_prop.o(.text)
    Joystick_Get_Interface_Setting           0x08003739   Thumb Code    22  usb_prop.o(.text)
    PowerOn                                  0x08003789   Thumb Code    46  usb_pwr.o(.text)
    PowerOff                                 0x080037b7   Thumb Code    22  usb_pwr.o(.text)
    Suspend                                  0x080037cd   Thumb Code    34  usb_pwr.o(.text)
    Resume_Init                              0x080037ef   Thumb Code    30  usb_pwr.o(.text)
    Resume                                   0x0800380d   Thumb Code   168  usb_pwr.o(.text)
    __use_no_semihosting                     0x080038c1   Thumb Code     2  use_no_semi_2.o(.text)
    __use_two_region_memory                  0x080038c3   Thumb Code     2  heapauxi.o(.text)
    __rt_heap_escrow$2region                 0x080038c5   Thumb Code     2  heapauxi.o(.text)
    __rt_heap_expand$2region                 0x080038c7   Thumb Code     2  heapauxi.o(.text)
    __I$use$semihosting                      0x080038c9   Thumb Code     0  use_no_semi.o(.text)
    __use_no_semihosting_swi                 0x080038c9   Thumb Code     2  use_no_semi.o(.text)
    __user_setup_stackheap                   0x080038cb   Thumb Code    74  sys_stackheap_outer.o(.text)
    exit                                     0x08003915   Thumb Code    12  exit.o(.text)
    __user_libspace                          0x08003921   Thumb Code     8  libspace.o(.text)
    __user_perproc_libspace                  0x08003921   Thumb Code     0  libspace.o(.text)
    __user_perthread_libspace                0x08003921   Thumb Code     0  libspace.o(.text)
    TX_ADDRESS                               0x08003928   Data           5  24l01.o(.constdata)
    RX_ADDRESS                               0x0800392d   Data           5  24l01.o(.constdata)
    Joystick_DeviceDescriptor                0x08003932   Data          18  usb_desc.o(.constdata)
    Joystick_ConfigDescriptor                0x08003944   Data          66  usb_desc.o(.constdata)
    KeyboardReportDescriptor                 0x08003986   Data          63  usb_desc.o(.constdata)
    MouseReportDescriptor                    0x080039c5   Data          54  usb_desc.o(.constdata)
    Joystick_StringLangID                    0x080039fb   Data           4  usb_desc.o(.constdata)
    Joystick_StringVendor                    0x080039ff   Data          26  usb_desc.o(.constdata)
    Joystick_StringProduct                   0x08003a19   Data          34  usb_desc.o(.constdata)
    Region$$Table$$Base                      0x08003a3c   Number         0  anon$$obj.o(Region$$Table)
    Region$$Table$$Limit                     0x08003a5c   Number         0  anon$$obj.o(Region$$Table)
    SystemCoreClock                          0x20000000   Data           4  system_stm32f10x.o(.data)
    AHBPrescTable                            0x20000004   Data          16  system_stm32f10x.o(.data)
    __stdout                                 0x20000018   Data           4  usart.o(.data)
    USART_RX_STA                             0x2000001c   Data           2  usart.o(.data)
    StatusInfo                               0x20000032   Data           2  usb_core.o(.data)
    Data_Mul_MaxPacketSize                   0x20000034   Data           1  usb_core.o(.data)
    EPindex                                  0x20000038   Data           1  usb_init.o(.data)
    pInformation                             0x2000003c   Data           4  usb_init.o(.data)
    pProperty                                0x20000040   Data           4  usb_init.o(.data)
    SaveState                                0x20000044   Data           2  usb_init.o(.data)
    wInterrupt_Mask                          0x20000046   Data           2  usb_init.o(.data)
    pUser_Standard_Requests                  0x20000048   Data           4  usb_init.o(.data)
    SaveRState                               0x2000004c   Data           2  usb_int.o(.data)
    SaveTState                               0x2000004e   Data           2  usb_int.o(.data)
    Joystick_StringSerial                    0x20000050   Data          26  usb_desc.o(.data)
    wIstr                                    0x2000006c   Data           2  usb_istr.o(.data)
    bIntPackSOF                              0x2000006e   Data           1  usb_istr.o(.data)
    pEpInt_IN                                0x20000070   Data          28  usb_istr.o(.data)
    pEpInt_OUT                               0x2000008c   Data          28  usb_istr.o(.data)
    ProtocolValue                            0x200000a8   Data           4  usb_prop.o(.data)
    Device_Table                             0x200000ac   Data           2  usb_prop.o(.data)
    Device_Property                          0x200000b0   Data          48  usb_prop.o(.data)
    User_Standard_Requests                   0x200000e0   Data          36  usb_prop.o(.data)
    Device_Descriptor                        0x20000104   Data           8  usb_prop.o(.data)
    Config_Descriptor                        0x2000010c   Data           8  usb_prop.o(.data)
    KP_Report_Descriptor                     0x20000114   Data           8  usb_prop.o(.data)
    KP_Hid_Descriptor                        0x2000011c   Data           8  usb_prop.o(.data)
    Mouse_Report_Descriptor                  0x20000124   Data           8  usb_prop.o(.data)
    Mouse_Hid_Descriptor                     0x2000012c   Data           8  usb_prop.o(.data)
    String_Descriptor                        0x20000134   Data          32  usb_prop.o(.data)
    bDeviceState                             0x20000154   Data           4  usb_pwr.o(.data)
    fSuspendEnabled                          0x20000158   Data           1  usb_pwr.o(.data)
    ResumeS                                  0x20000159   Data           2  usb_pwr.o(.data)
    USART_RX_BUF                             0x2000015c   Data         200  usart.o(.bss)
    Device_Info                              0x20000224   Data          28  usb_init.o(.bss)
    __libspace_start                         0x20000240   Data          96  libspace.o(.bss)
    __temporary_stack_top$libspace           0x200002a0   Data           0  libspace.o(.bss)



==============================================================================

Memory Map of the image

  Image Entry point : 0x080000ed

  Load Region LR_IROM1 (Base: 0x08000000, Size: 0x00003bb8, Max: 0x00010000, ABSOLUTE, COMPRESSED[0x00003af8])

    Execution Region ER_IROM1 (Base: 0x08000000, Size: 0x00003a5c, Max: 0x00010000, ABSOLUTE)

    Base Addr    Size         Type   Attr      Idx    E Section Name        Object

    0x08000000   0x000000ec   Data   RO          344    RESET               startup_stm32f10x_md.o
    0x080000ec   0x00000008   Code   RO          660  * !!!main             c_w.l(__main.o)
    0x080000f4   0x00000034   Code   RO          854    !!!scatter          c_w.l(__scatter.o)
    0x08000128   0x0000005a   Code   RO          852    !!dczerorl2         c_w.l(__dczerorl2.o)
    0x08000182   0x00000002   PAD
    0x08000184   0x0000001c   Code   RO          856    !!handler_zi        c_w.l(__scatter_zi.o)
    0x080001a0   0x00000002   Code   RO          727    .ARM.Collect$$libinit$$00000000  c_w.l(libinit.o)
    0x080001a2   0x00000000   Code   RO          734    .ARM.Collect$$libinit$$00000002  c_w.l(libinit2.o)
    0x080001a2   0x00000000   Code   RO          736    .ARM.Collect$$libinit$$00000004  c_w.l(libinit2.o)
    0x080001a2   0x00000000   Code   RO          739    .ARM.Collect$$libinit$$0000000A  c_w.l(libinit2.o)
    0x080001a2   0x00000000   Code   RO          741    .ARM.Collect$$libinit$$0000000C  c_w.l(libinit2.o)
    0x080001a2   0x00000000   Code   RO          743    .ARM.Collect$$libinit$$0000000E  c_w.l(libinit2.o)
    0x080001a2   0x00000000   Code   RO          746    .ARM.Collect$$libinit$$00000011  c_w.l(libinit2.o)
    0x080001a2   0x00000000   Code   RO          748    .ARM.Collect$$libinit$$00000013  c_w.l(libinit2.o)
    0x080001a2   0x00000000   Code   RO          750    .ARM.Collect$$libinit$$00000015  c_w.l(libinit2.o)
    0x080001a2   0x00000000   Code   RO          752    .ARM.Collect$$libinit$$00000017  c_w.l(libinit2.o)
    0x080001a2   0x00000000   Code   RO          754    .ARM.Collect$$libinit$$00000019  c_w.l(libinit2.o)
    0x080001a2   0x00000000   Code   RO          756    .ARM.Collect$$libinit$$0000001B  c_w.l(libinit2.o)
    0x080001a2   0x00000000   Code   RO          758    .ARM.Collect$$libinit$$0000001D  c_w.l(libinit2.o)
    0x080001a2   0x00000000   Code   RO          760    .ARM.Collect$$libinit$$0000001F  c_w.l(libinit2.o)
    0x080001a2   0x00000000   Code   RO          762    .ARM.Collect$$libinit$$00000021  c_w.l(libinit2.o)
    0x080001a2   0x00000000   Code   RO          764    .ARM.Collect$$libinit$$00000023  c_w.l(libinit2.o)
    0x080001a2   0x00000000   Code   RO          766    .ARM.Collect$$libinit$$00000025  c_w.l(libinit2.o)
    0x080001a2   0x00000000   Code   RO          770    .ARM.Collect$$libinit$$0000002C  c_w.l(libinit2.o)
    0x080001a2   0x00000000   Code   RO          772    .ARM.Collect$$libinit$$0000002E  c_w.l(libinit2.o)
    0x080001a2   0x00000000   Code   RO          774    .ARM.Collect$$libinit$$00000030  c_w.l(libinit2.o)
    0x080001a2   0x00000000   Code   RO          776    .ARM.Collect$$libinit$$00000032  c_w.l(libinit2.o)
    0x080001a2   0x00000002   Code   RO          777    .ARM.Collect$$libinit$$00000033  c_w.l(libinit2.o)
    0x080001a4   0x00000002   Code   RO          795    .ARM.Collect$$libshutdown$$00000000  c_w.l(libshutdown.o)
    0x080001a6   0x00000000   Code   RO          806    .ARM.Collect$$libshutdown$$00000003  c_w.l(libshutdown2.o)
    0x080001a6   0x00000000   Code   RO          809    .ARM.Collect$$libshutdown$$00000006  c_w.l(libshutdown2.o)
    0x080001a6   0x00000000   Code   RO          812    .ARM.Collect$$libshutdown$$00000009  c_w.l(libshutdown2.o)
    0x080001a6   0x00000000   Code   RO          814    .ARM.Collect$$libshutdown$$0000000B  c_w.l(libshutdown2.o)
    0x080001a6   0x00000000   Code   RO          817    .ARM.Collect$$libshutdown$$0000000E  c_w.l(libshutdown2.o)
    0x080001a6   0x00000002   Code   RO          818    .ARM.Collect$$libshutdown$$0000000F  c_w.l(libshutdown2.o)
    0x080001a8   0x00000000   Code   RO          684    .ARM.Collect$$rtentry$$00000000  c_w.l(__rtentry.o)
    0x080001a8   0x00000000   Code   RO          696    .ARM.Collect$$rtentry$$00000002  c_w.l(__rtentry2.o)
    0x080001a8   0x00000006   Code   RO          708    .ARM.Collect$$rtentry$$00000004  c_w.l(__rtentry4.o)
    0x080001ae   0x00000000   Code   RO          698    .ARM.Collect$$rtentry$$00000009  c_w.l(__rtentry2.o)
    0x080001ae   0x00000004   Code   RO          699    .ARM.Collect$$rtentry$$0000000A  c_w.l(__rtentry2.o)
    0x080001b2   0x00000000   Code   RO          701    .ARM.Collect$$rtentry$$0000000C  c_w.l(__rtentry2.o)
    0x080001b2   0x00000008   Code   RO          702    .ARM.Collect$$rtentry$$0000000D  c_w.l(__rtentry2.o)
    0x080001ba   0x00000002   Code   RO          731    .ARM.Collect$$rtexit$$00000000  c_w.l(rtexit.o)
    0x080001bc   0x00000000   Code   RO          779    .ARM.Collect$$rtexit$$00000002  c_w.l(rtexit2.o)
    0x080001bc   0x00000004   Code   RO          780    .ARM.Collect$$rtexit$$00000003  c_w.l(rtexit2.o)
    0x080001c0   0x00000006   Code   RO          781    .ARM.Collect$$rtexit$$00000004  c_w.l(rtexit2.o)
    0x080001c6   0x00000086   Code   RO            1    .text               main.o
    0x0800024c   0x00000030   Code   RO          125    .text               stm32f10x_it.o
    0x0800027c   0x000001e0   Code   RO          185    .text               system_stm32f10x.o
    0x0800045c   0x00000310   Code   RO          252    .text               24l01.o
    0x0800076c   0x00000104   Code   RO          270    .text               spi.o
    0x08000870   0x000000d4   Code   RO          282    .text               delay.o
    0x08000944   0x0000000c   Code   RO          296    .text               sys.o
    0x08000950   0x00000140   Code   RO          308    .text               usart.o
    0x08000a90   0x00000040   Code   RO          345    .text               startup_stm32f10x_md.o
    0x08000ad0   0x000000dc   Code   RO          349    .text               misc.o
    0x08000bac   0x0000035c   Code   RO          361    .text               stm32f10x_gpio.o
    0x08000f08   0x000003a4   Code   RO          373    .text               stm32f10x_rcc.o
    0x080012ac   0x00000408   Code   RO          387    .text               stm32f10x_usart.o
    0x080016b4   0x0000011c   Code   RO          399    .text               stm32f10x_exti.o
    0x080017d0   0x0000030c   Code   RO          411    .text               stm32f10x_spi.o
    0x08001adc   0x00000b20   Code   RO          423    .text               usb_core.o
    0x080025fc   0x0000003c   Code   RO          453    .text               usb_init.o
    0x08002638   0x000003d4   Code   RO          476    .text               usb_int.o
    0x08002a0c   0x0000005c   Code   RO          500    .text               usb_mem.o
    0x08002a68   0x000007b8   Code   RO          512    .text               usb_regs.o
    0x08003220   0x000001d4   Code   RO          524    .text               hw_config.o
    0x080033f4   0x000000f8   Code   RO          554    .text               usb_istr.o
    0x080034ec   0x0000029c   Code   RO          579    .text               usb_prop.o
    0x08003788   0x00000138   Code   RO          606    .text               usb_pwr.o
    0x080038c0   0x00000002   Code   RO          626    .text               c_w.l(use_no_semi_2.o)
    0x080038c2   0x00000006   Code   RO          658    .text               c_w.l(heapauxi.o)
    0x080038c8   0x00000002   Code   RO          682    .text               c_w.l(use_no_semi.o)
    0x080038ca   0x0000004a   Code   RO          716    .text               c_w.l(sys_stackheap_outer.o)
    0x08003914   0x0000000c   Code   RO          720    .text               c_w.l(exit.o)
    0x08003920   0x00000008   Code   RO          728    .text               c_w.l(libspace.o)
    0x08003928   0x0000000a   Data   RO          253    .constdata          24l01.o
    0x08003932   0x00000109   Data   RO          540    .constdata          usb_desc.o
    0x08003a3b   0x00000001   PAD
    0x08003a3c   0x00000020   Data   RO          850    Region$$Table       anon$$obj.o


    Execution Region RW_IRAM1 (Base: 0x20000000, Size: 0x000008a0, Max: 0x00005000, ABSOLUTE, COMPRESSED[0x0000009c])

    Base Addr    Size         Type   Attr      Idx    E Section Name        Object

    0x20000000   0x00000014   Data   RW          186    .data               system_stm32f10x.o
    0x20000014   0x00000004   Data   RW          283    .data               delay.o
    0x20000018   0x00000006   Data   RW          310    .data               usart.o
    0x2000001e   0x00000014   Data   RW          374    .data               stm32f10x_rcc.o
    0x20000032   0x00000003   Data   RW          424    .data               usb_core.o
    0x20000035   0x00000003   PAD
    0x20000038   0x00000014   Data   RW          455    .data               usb_init.o
    0x2000004c   0x00000004   Data   RW          477    .data               usb_int.o
    0x20000050   0x0000001a   Data   RW          541    .data               usb_desc.o
    0x2000006a   0x00000002   PAD
    0x2000006c   0x0000003c   Data   RW          555    .data               usb_istr.o
    0x200000a8   0x000000ac   Data   RW          580    .data               usb_prop.o
    0x20000154   0x00000007   Data   RW          607    .data               usb_pwr.o
    0x2000015b   0x00000001   PAD
    0x2000015c   0x000000c8   Zero   RW          309    .bss                usart.o
    0x20000224   0x0000001c   Zero   RW          454    .bss                usb_init.o
    0x20000240   0x00000060   Zero   RW          729    .bss                c_w.l(libspace.o)
    0x200002a0   0x00000200   Zero   RW          343    HEAP                startup_stm32f10x_md.o
    0x200004a0   0x00000400   Zero   RW          342    STACK               startup_stm32f10x_md.o


==============================================================================

Image component sizes


      Code (inc. data)   RO Data    RW Data    ZI Data      Debug   Object Name

       784         34         10          0          0       3667   24l01.o
         0          0          0          0          0         32   core_cm3.o
       212         18          0          4          0        991   delay.o
       468         16          0          0          0       2476   hw_config.o
       134          0          0          0          0     243579   main.o
       220         22          0          0          0       1777   misc.o
       260         10          0          0          0       1085   spi.o
        64         26        236          0       1536        776   startup_stm32f10x_md.o
       284         10          0          0          0       2207   stm32f10x_exti.o
       860         38          0          0          0       5621   stm32f10x_gpio.o
        48          0          0          0          0       1619   stm32f10x_it.o
       932         36          0         20          0       8776   stm32f10x_rcc.o
       780         14          0          0          0       6502   stm32f10x_spi.o
      1032         22          0          0          0       8344   stm32f10x_usart.o
        12          0          0          0          0        437   sys.o
       480         38          0         20          0       1703   system_stm32f10x.o
       320         16          0          6        200       3114   usart.o
      2848        112          0          3          0      18971   usb_core.o
         0          0        265         26          0       1078   usb_desc.o
        60         24          0         20         28       3890   usb_init.o
       980         32          0          4          0       1768   usb_int.o
       248         26          0         60          0       1272   usb_istr.o
        92          6          0          0          0       1286   usb_mem.o
       668         58          0        172          0       7875   usb_prop.o
       312         20          0          7          0       2549   usb_pwr.o
      1976         26          0          0          0      11533   usb_regs.o

    ----------------------------------------------------------------------
     14074        604        544        348       1764     342928   Object Totals
         0          0         32          0          0          0   (incl. Generated)
         0          0          1          6          0          0   (incl. Padding)

    ----------------------------------------------------------------------

      Code (inc. data)   RO Data    RW Data    ZI Data      Debug   Library Member Name

        90          0          0          0          0          0   __dczerorl2.o
         8          0          0          0          0         68   __main.o
         0          0          0          0          0          0   __rtentry.o
        12          0          0          0          0          0   __rtentry2.o
         6          0          0          0          0          0   __rtentry4.o
        52          8          0          0          0          0   __scatter.o
        28          0          0          0          0          0   __scatter_zi.o
        12          0          0          0          0         72   exit.o
         6          0          0          0          0        152   heapauxi.o
         2          0          0          0          0          0   libinit.o
         2          0          0          0          0          0   libinit2.o
         2          0          0          0          0          0   libshutdown.o
         2          0          0          0          0          0   libshutdown2.o
         8          4          0          0         96         68   libspace.o
         2          0          0          0          0          0   rtexit.o
        10          0          0          0          0          0   rtexit2.o
        74          0          0          0          0         80   sys_stackheap_outer.o
         2          0          0          0          0         68   use_no_semi.o
         2          0          0          0          0         68   use_no_semi_2.o

    ----------------------------------------------------------------------
       322         12          0          0         96        576   Library Totals
         2          0          0          0          0          0   (incl. Padding)

    ----------------------------------------------------------------------

      Code (inc. data)   RO Data    RW Data    ZI Data      Debug   Library Name

       320         12          0          0         96        576   c_w.l

    ----------------------------------------------------------------------
       322         12          0          0         96        576   Library Totals

    ----------------------------------------------------------------------

==============================================================================


      Code (inc. data)   RO Data    RW Data    ZI Data      Debug   

     14396        616        544        348       1860     341056   Grand Totals
     14396        616        544        156       1860     341056   ELF Image Totals (compressed)
     14396        616        544        156          0          0   ROM Totals

==============================================================================

    Total RO  Size (Code + RO Data)                14940 (  14.59kB)
    Total RW  Size (RW Data + ZI Data)              2208 (   2.16kB)
    Total ROM Size (Code + RO Data + RW Data)      15096 (  14.74kB)

==============================================================================

