<html>
<body>
<pre>
<h1>礦ision Build Log</h1>
<h2>Tool Versions:</h2>
IDE-Version: μVision V5.14.0.0
Copyright (C) 2015 ARM Ltd and ARM Germany GmbH. All rights reserved.
License Information: pan shao, feng, LIC=X1EVE-5MXQX-66IQS-LPP86-N40U0-Q2SNT
 
Tool Versions:
Toolchain:       MDK-ARM Professional  Version: 5.14.0.0
Toolchain Path:  C:\Keil_v5\ARM\ARMCC\Bin
C Compiler:      Armcc.exe V5.05 update 1 (build 106)
Assembler:       Armasm.exe V5.05 update 1 (build 106)
Linker/Locator:  ArmLink.exe V5.05 update 1 (build 106)
Library Manager: ArmAr.exe V5.05 update 1 (build 106)
Hex Converter:   FromElf.exe V5.05 update 1 (build 106)
CPU DLL:         SARMCM3.DLL V5.14.0.0
Dialog DLL:      DLM.DLL V1.24.0.0
Target DLL:      Segger\JL2CM3.dll V2.99.13.0
Dialog DLL:      TLM.DLL V1.22.0.2
 
<h2>Project:</h2>
D:\我的资料\合泰\合泰接收端\example\example\example\MDK_ARMv5\Project_1656.uvprojx
Project File Date:  03/20/2018

<h2>Output:</h2>
Build target 'HT32'
linking...
Program Size: Code=4832 RO-data=296 RW-data=68 ZI-data=740  
FromELF: creating hex file...
After Build - User command #1: fromelf --bin -o D:\我的资料\合泰\合泰接收端\example\example\example\MDK_ARMv5\HT32\1656\Obj\HT32.axf.bin D:\我的资料\合泰\合泰接收端\example\example\example\MDK_ARMv5\HT32\1656\Obj\HT32.axf
".\HT32\1656\Obj\HT32.axf" - 0 Error(s), 0 Warning(s).

<h2>Collection of Component include folders:</h2>
  D:\我的资料\合泰\合泰接收端\example\example\example\MDK_ARMv5\RTE
  C:\Keil_v5\ARM\PACK\Holtek\HT32_DFP\1.0.14

<h2>Collection of Component Files used:</h2>
</pre>
</body>
</html>
