<html>
<body>
<pre>
<h1>礦ision Build Log</h1>
<h2>Tool Versions:</h2>
IDE-Version: μVision V5.14.0.0
Copyright (C) 2015 ARM Ltd and ARM Germany GmbH. All rights reserved.
License Information: varen yuan, tencent, LIC=6XJRA-10DF3-F0ZN5-GNVZW-Y3STF-RLMIG
 
Tool Versions:
Toolchain:       MDK-ARM Professional  Version: 5.14.0.0
Toolchain Path:  E:\MDK5\ARM\ARMCC\Bin
C Compiler:      Armcc.exe V5.05 update 1 (build 106)
Assembler:       Armasm.exe V5.05 update 1 (build 106)
Linker/Locator:  ArmLink.exe V5.05 update 1 (build 106)
Library Manager: ArmAr.exe V5.05 update 1 (build 106)
Hex Converter:   FromElf.exe V5.05 update 1 (build 106)
CPU DLL:         SARMCM3.DLL V5.14.0.0
Dialog DLL:      DLM.DLL V1.24.0.0
Target DLL:      Segger\JL2CM3.dll V2.99.13.0
Dialog DLL:      TLM.DLL V1.22.0.2
 
<h2>Project:</h2>
E:\电子\合泰\软件部份\合泰代码\合泰发射端\example\examole\example\MDK_ARMv5\Project_1656.uvprojx
Project File Date:  04/22/2018

<h2>Output:</h2>
Build target 'HT32'
compiling main.c...
..\HARDWARE\key.h(21): warning:  #1295-D: Deprecated declaration KEY_Double - give arg types
  u8 KEY_Double();  //按键同时按下
..\HARDWARE\led.h(15): warning:  #1295-D: Deprecated declaration LED_Init - give arg types
  void LED_Init();
..\main.c(20): warning:  #177-D: variable "state" was declared but never referenced
        u8 state;
..\main.c: 3 warnings, 0 errors
linking...
Program Size: Code=5820 RO-data=64 RW-data=16 ZI-data=512  
FromELF: creating hex file...
After Build - User command #1: fromelf --bin -o E:\电子\合泰\软件部份\合泰代码\合泰发射端\example\examole\example\MDK_ARMv5\HT32\1656\Obj\HT32.axf.bin E:\电子\合泰\软件部份\合泰代码\合泰发射端\example\examole\example\MDK_ARMv5\HT32\1656\Obj\HT32.axf
".\HT32\1656\Obj\HT32.axf" - 0 Error(s), 3 Warning(s).
</pre>
</body>
</html>
