<!doctype html public "-//w3c//dtd html 4.0 transitional//en">
<html><head>
<title>Static Call Graph - [.\HT32\1656\Obj\HT32.axf]</title></head>
<body><HR>
<H1>Static Call Graph for image .\HT32\1656\Obj\HT32.axf</H1><HR>
<BR><P>#&#060CALLGRAPH&#062# ARM Linker, 5050106: Last Updated: Thu May 17 19:12:40 2018
<BR><P>
<H3>Maximum Stack Usage =        136 bytes + Unknown(Cycles, Untraceable Function Pointers)</H3><H3>
Call chain for Maximum Stack Depth:</H3>
main &rArr; NRF24L01_Init &rArr; SPI0_Init &rArr; AFIO_GPxConfig
<P>
<H3>
Mutually Recursive functions
</H3> <LI><a href="#[23]">ADC_IRQHandler</a>&nbsp;&nbsp;&nbsp;&rArr;&nbsp;&nbsp;&nbsp;<a href="#[23]">ADC_IRQHandler</a><BR>
 <LI><a href="#[4]">BusFault_Handler</a>&nbsp;&nbsp;&nbsp;&rArr;&nbsp;&nbsp;&nbsp;<a href="#[4]">BusFault_Handler</a><BR>
 <LI><a href="#[2]">HardFault_Handler</a>&nbsp;&nbsp;&nbsp;&rArr;&nbsp;&nbsp;&nbsp;<a href="#[2]">HardFault_Handler</a><BR>
 <LI><a href="#[3]">MemManage_Handler</a>&nbsp;&nbsp;&nbsp;&rArr;&nbsp;&nbsp;&nbsp;<a href="#[3]">MemManage_Handler</a><BR>
 <LI><a href="#[5]">UsageFault_Handler</a>&nbsp;&nbsp;&nbsp;&rArr;&nbsp;&nbsp;&nbsp;<a href="#[5]">UsageFault_Handler</a><BR>
</UL>
<P>
<H3>
Function Pointers
</H3><UL>
 <LI><a href="#[23]">ADC_IRQHandler</a> from startup_ht32f1xxxx_01.o(RESET) referenced from startup_ht32f1xxxx_01.o(RESET)
 <LI><a href="#[2e]">BFTM0_IRQHandler</a> from startup_ht32f1xxxx_01.o(RESET) referenced from startup_ht32f1xxxx_01.o(RESET)
 <LI><a href="#[2f]">BFTM1_IRQHandler</a> from startup_ht32f1xxxx_01.o(RESET) referenced from startup_ht32f1xxxx_01.o(RESET)
 <LI><a href="#[c]">BOD_IRQHandler</a> from startup_ht32f1xxxx_01.o(RESET) referenced from startup_ht32f1xxxx_01.o(RESET)
 <LI><a href="#[4]">BusFault_Handler</a> from ht32f1xxxx_01_it.o(i.BusFault_Handler) referenced from startup_ht32f1xxxx_01.o(RESET)
 <LI><a href="#[a]">CKRDY_IRQHandler</a> from startup_ht32f1xxxx_01.o(RESET) referenced from startup_ht32f1xxxx_01.o(RESET)
 <LI><a href="#[22]">COMP_IRQHandler</a> from startup_ht32f1xxxx_01.o(RESET) referenced from startup_ht32f1xxxx_01.o(RESET)
 <LI><a href="#[7]">DebugMon_Handler</a> from ht32f1xxxx_01_it.o(i.DebugMon_Handler) referenced from startup_ht32f1xxxx_01.o(RESET)
 <LI><a href="#[43]">EBI_IRQHandler</a> from startup_ht32f1xxxx_01.o(RESET) referenced from startup_ht32f1xxxx_01.o(RESET)
 <LI><a href="#[10]">EVWUP_IRQHandler</a> from startup_ht32f1xxxx_01.o(RESET) referenced from startup_ht32f1xxxx_01.o(RESET)
 <LI><a href="#[12]">EXTI0_IRQHandler</a> from startup_ht32f1xxxx_01.o(RESET) referenced from startup_ht32f1xxxx_01.o(RESET)
 <LI><a href="#[1c]">EXTI10_IRQHandler</a> from startup_ht32f1xxxx_01.o(RESET) referenced from startup_ht32f1xxxx_01.o(RESET)
 <LI><a href="#[1d]">EXTI11_IRQHandler</a> from startup_ht32f1xxxx_01.o(RESET) referenced from startup_ht32f1xxxx_01.o(RESET)
 <LI><a href="#[1e]">EXTI12_IRQHandler</a> from startup_ht32f1xxxx_01.o(RESET) referenced from startup_ht32f1xxxx_01.o(RESET)
 <LI><a href="#[1f]">EXTI13_IRQHandler</a> from startup_ht32f1xxxx_01.o(RESET) referenced from startup_ht32f1xxxx_01.o(RESET)
 <LI><a href="#[20]">EXTI14_IRQHandler</a> from startup_ht32f1xxxx_01.o(RESET) referenced from startup_ht32f1xxxx_01.o(RESET)
 <LI><a href="#[21]">EXTI15_IRQHandler</a> from startup_ht32f1xxxx_01.o(RESET) referenced from startup_ht32f1xxxx_01.o(RESET)
 <LI><a href="#[13]">EXTI1_IRQHandler</a> from startup_ht32f1xxxx_01.o(RESET) referenced from startup_ht32f1xxxx_01.o(RESET)
 <LI><a href="#[14]">EXTI2_IRQHandler</a> from startup_ht32f1xxxx_01.o(RESET) referenced from startup_ht32f1xxxx_01.o(RESET)
 <LI><a href="#[15]">EXTI3_IRQHandler</a> from startup_ht32f1xxxx_01.o(RESET) referenced from startup_ht32f1xxxx_01.o(RESET)
 <LI><a href="#[16]">EXTI4_IRQHandler</a> from startup_ht32f1xxxx_01.o(RESET) referenced from startup_ht32f1xxxx_01.o(RESET)
 <LI><a href="#[17]">EXTI5_IRQHandler</a> from startup_ht32f1xxxx_01.o(RESET) referenced from startup_ht32f1xxxx_01.o(RESET)
 <LI><a href="#[18]">EXTI6_IRQHandler</a> from startup_ht32f1xxxx_01.o(RESET) referenced from startup_ht32f1xxxx_01.o(RESET)
 <LI><a href="#[19]">EXTI7_IRQHandler</a> from startup_ht32f1xxxx_01.o(RESET) referenced from startup_ht32f1xxxx_01.o(RESET)
 <LI><a href="#[1a]">EXTI8_IRQHandler</a> from startup_ht32f1xxxx_01.o(RESET) referenced from startup_ht32f1xxxx_01.o(RESET)
 <LI><a href="#[1b]">EXTI9_IRQHandler</a> from startup_ht32f1xxxx_01.o(RESET) referenced from startup_ht32f1xxxx_01.o(RESET)
 <LI><a href="#[f]">FLASH_IRQHandler</a> from startup_ht32f1xxxx_01.o(RESET) referenced from startup_ht32f1xxxx_01.o(RESET)
 <LI><a href="#[2c]">GPTM0_IRQHandler</a> from startup_ht32f1xxxx_01.o(RESET) referenced from startup_ht32f1xxxx_01.o(RESET)
 <LI><a href="#[2d]">GPTM1_IRQHandler</a> from startup_ht32f1xxxx_01.o(RESET) referenced from startup_ht32f1xxxx_01.o(RESET)
 <LI><a href="#[2]">HardFault_Handler</a> from ht32f1xxxx_01_it.o(i.HardFault_Handler) referenced from startup_ht32f1xxxx_01.o(RESET)
 <LI><a href="#[30]">I2C0_IRQHandler</a> from startup_ht32f1xxxx_01.o(RESET) referenced from startup_ht32f1xxxx_01.o(RESET)
 <LI><a href="#[31]">I2C1_IRQHandler</a> from startup_ht32f1xxxx_01.o(RESET) referenced from startup_ht32f1xxxx_01.o(RESET)
 <LI><a href="#[39]">I2S_IRQHandler</a> from startup_ht32f1xxxx_01.o(RESET) referenced from startup_ht32f1xxxx_01.o(RESET)
 <LI><a href="#[11]">LPWUP_IRQHandler</a> from startup_ht32f1xxxx_01.o(RESET) referenced from startup_ht32f1xxxx_01.o(RESET)
 <LI><a href="#[b]">LVD_IRQHandler</a> from startup_ht32f1xxxx_01.o(RESET) referenced from startup_ht32f1xxxx_01.o(RESET)
 <LI><a href="#[24]">MCTM0BRK_IRQHandler</a> from startup_ht32f1xxxx_01.o(RESET) referenced from startup_ht32f1xxxx_01.o(RESET)
 <LI><a href="#[27]">MCTM0CC_IRQHandler</a> from startup_ht32f1xxxx_01.o(RESET) referenced from startup_ht32f1xxxx_01.o(RESET)
 <LI><a href="#[26]">MCTM0TR_IRQHandler</a> from startup_ht32f1xxxx_01.o(RESET) referenced from startup_ht32f1xxxx_01.o(RESET)
 <LI><a href="#[25]">MCTM0UP_IRQHandler</a> from startup_ht32f1xxxx_01.o(RESET) referenced from startup_ht32f1xxxx_01.o(RESET)
 <LI><a href="#[28]">MCTM1BRK_IRQHandler</a> from startup_ht32f1xxxx_01.o(RESET) referenced from startup_ht32f1xxxx_01.o(RESET)
 <LI><a href="#[2b]">MCTM1CC_IRQHandler</a> from startup_ht32f1xxxx_01.o(RESET) referenced from startup_ht32f1xxxx_01.o(RESET)
 <LI><a href="#[2a]">MCTM1TR_IRQHandler</a> from startup_ht32f1xxxx_01.o(RESET) referenced from startup_ht32f1xxxx_01.o(RESET)
 <LI><a href="#[29]">MCTM1UP_IRQHandler</a> from startup_ht32f1xxxx_01.o(RESET) referenced from startup_ht32f1xxxx_01.o(RESET)
 <LI><a href="#[3]">MemManage_Handler</a> from ht32f1xxxx_01_it.o(i.MemManage_Handler) referenced from startup_ht32f1xxxx_01.o(RESET)
 <LI><a href="#[1]">NMI_Handler</a> from ht32f1xxxx_01_it.o(i.NMI_Handler) referenced from startup_ht32f1xxxx_01.o(RESET)
 <LI><a href="#[3b]">PDMA_CH0_IRQHandler</a> from startup_ht32f1xxxx_01.o(RESET) referenced from startup_ht32f1xxxx_01.o(RESET)
 <LI><a href="#[3c]">PDMA_CH1_IRQHandler</a> from startup_ht32f1xxxx_01.o(RESET) referenced from startup_ht32f1xxxx_01.o(RESET)
 <LI><a href="#[3d]">PDMA_CH2_IRQHandler</a> from startup_ht32f1xxxx_01.o(RESET) referenced from startup_ht32f1xxxx_01.o(RESET)
 <LI><a href="#[3e]">PDMA_CH3_IRQHandler</a> from startup_ht32f1xxxx_01.o(RESET) referenced from startup_ht32f1xxxx_01.o(RESET)
 <LI><a href="#[3f]">PDMA_CH4_IRQHandler</a> from startup_ht32f1xxxx_01.o(RESET) referenced from startup_ht32f1xxxx_01.o(RESET)
 <LI><a href="#[40]">PDMA_CH5_IRQHandler</a> from startup_ht32f1xxxx_01.o(RESET) referenced from startup_ht32f1xxxx_01.o(RESET)
 <LI><a href="#[41]">PDMA_CH6_IRQHandler</a> from startup_ht32f1xxxx_01.o(RESET) referenced from startup_ht32f1xxxx_01.o(RESET)
 <LI><a href="#[42]">PDMA_CH7_IRQHandler</a> from startup_ht32f1xxxx_01.o(RESET) referenced from startup_ht32f1xxxx_01.o(RESET)
 <LI><a href="#[8]">PendSV_Handler</a> from ht32f1xxxx_01_it.o(i.PendSV_Handler) referenced from startup_ht32f1xxxx_01.o(RESET)
 <LI><a href="#[e]">RTC_IRQHandler</a> from startup_ht32f1xxxx_01.o(RESET) referenced from startup_ht32f1xxxx_01.o(RESET)
 <LI><a href="#[48]">Reset_Handler</a> from startup_ht32f1xxxx_01.o(RESET) referenced from startup_ht32f1xxxx_01.o(RESET)
 <LI><a href="#[38]">SCI_IRQHandler</a> from startup_ht32f1xxxx_01.o(RESET) referenced from startup_ht32f1xxxx_01.o(RESET)
 <LI><a href="#[32]">SPI0_IRQHandler</a> from startup_ht32f1xxxx_01.o(RESET) referenced from startup_ht32f1xxxx_01.o(RESET)
 <LI><a href="#[33]">SPI1_IRQHandler</a> from startup_ht32f1xxxx_01.o(RESET) referenced from startup_ht32f1xxxx_01.o(RESET)
 <LI><a href="#[6]">SVC_Handler</a> from ht32f1xxxx_01_it.o(i.SVC_Handler) referenced from startup_ht32f1xxxx_01.o(RESET)
 <LI><a href="#[9]">SysTick_Handler</a> from ht32f1xxxx_01_it.o(i.SysTick_Handler) referenced from startup_ht32f1xxxx_01.o(RESET)
 <LI><a href="#[44]">SystemInit</a> from system_ht32f1xxxx_01.o(i.SystemInit) referenced from startup_ht32f1xxxx_01.o(RESET)
 <LI><a href="#[36]">UART0_IRQHandler</a> from startup_ht32f1xxxx_01.o(RESET) referenced from startup_ht32f1xxxx_01.o(RESET)
 <LI><a href="#[37]">UART1_IRQHandler</a> from startup_ht32f1xxxx_01.o(RESET) referenced from startup_ht32f1xxxx_01.o(RESET)
 <LI><a href="#[34]">USART0_IRQHandler</a> from startup_ht32f1xxxx_01.o(RESET) referenced from startup_ht32f1xxxx_01.o(RESET)
 <LI><a href="#[35]">USART1_IRQHandler</a> from startup_ht32f1xxxx_01.o(RESET) referenced from startup_ht32f1xxxx_01.o(RESET)
 <LI><a href="#[3a]">USB_IRQHandler</a> from startup_ht32f1xxxx_01.o(RESET) referenced from startup_ht32f1xxxx_01.o(RESET)
 <LI><a href="#[5]">UsageFault_Handler</a> from ht32f1xxxx_01_it.o(i.UsageFault_Handler) referenced from startup_ht32f1xxxx_01.o(RESET)
 <LI><a href="#[d]">WDT_IRQHandler</a> from startup_ht32f1xxxx_01.o(RESET) referenced from startup_ht32f1xxxx_01.o(RESET)
 <LI><a href="#[45]">__main</a> from entry.o(.ARM.Collect$$$$00000000) referenced from startup_ht32f1xxxx_01.o(RESET)
 <LI><a href="#[47]">fputc</a> from ht32_retarget.o(i.fputc) referenced from printf6.o(i.__0printf$6)
 <LI><a href="#[46]">main</a> from main.o(i.main) referenced from entry9a.o(.ARM.Collect$$$$0000000B)
</UL>
<P>
<H3>
Global Symbols
</H3>
<P><STRONG><a name="[48]"></a>Reset_Handler</STRONG> (Thumb, 8 bytes, Stack size 0 bytes, startup_ht32f1xxxx_01.o(RESET))

<P><STRONG><a name="[23]"></a>ADC_IRQHandler</STRONG> (Thumb, 0 bytes, Stack size 0 bytes, startup_ht32f1xxxx_01.o(RESET))
<BR><BR>[Calls]<UL><LI><a href="#[23]">&gt;&gt;</a>&nbsp;&nbsp;&nbsp;ADC_IRQHandler
</UL>
<BR>[Called By]<UL><LI><a href="#[23]">&gt;&gt;</a>&nbsp;&nbsp;&nbsp;ADC_IRQHandler
</UL>
<BR>[Address Reference Count : 1]<UL><LI> startup_ht32f1xxxx_01.o(RESET)
</UL>
<P><STRONG><a name="[49]"></a>AES_IRQHandler</STRONG> (Thumb, 0 bytes, Stack size 0 bytes, startup_ht32f1xxxx_01.o(RESET), UNUSED, KEPT)

<P><STRONG><a name="[2e]"></a>BFTM0_IRQHandler</STRONG> (Thumb, 0 bytes, Stack size 0 bytes, startup_ht32f1xxxx_01.o(RESET))
<BR>[Address Reference Count : 1]<UL><LI> startup_ht32f1xxxx_01.o(RESET)
</UL>
<P><STRONG><a name="[2f]"></a>BFTM1_IRQHandler</STRONG> (Thumb, 0 bytes, Stack size 0 bytes, startup_ht32f1xxxx_01.o(RESET))
<BR>[Address Reference Count : 1]<UL><LI> startup_ht32f1xxxx_01.o(RESET)
</UL>
<P><STRONG><a name="[c]"></a>BOD_IRQHandler</STRONG> (Thumb, 0 bytes, Stack size 0 bytes, startup_ht32f1xxxx_01.o(RESET))
<BR>[Address Reference Count : 1]<UL><LI> startup_ht32f1xxxx_01.o(RESET)
</UL>
<P><STRONG><a name="[a]"></a>CKRDY_IRQHandler</STRONG> (Thumb, 0 bytes, Stack size 0 bytes, startup_ht32f1xxxx_01.o(RESET))
<BR>[Address Reference Count : 1]<UL><LI> startup_ht32f1xxxx_01.o(RESET)
</UL>
<P><STRONG><a name="[22]"></a>COMP_IRQHandler</STRONG> (Thumb, 0 bytes, Stack size 0 bytes, startup_ht32f1xxxx_01.o(RESET))
<BR>[Address Reference Count : 1]<UL><LI> startup_ht32f1xxxx_01.o(RESET)
</UL>
<P><STRONG><a name="[4a]"></a>CSIF_IRQHandler</STRONG> (Thumb, 0 bytes, Stack size 0 bytes, startup_ht32f1xxxx_01.o(RESET), UNUSED, KEPT)

<P><STRONG><a name="[43]"></a>EBI_IRQHandler</STRONG> (Thumb, 0 bytes, Stack size 0 bytes, startup_ht32f1xxxx_01.o(RESET))
<BR>[Address Reference Count : 1]<UL><LI> startup_ht32f1xxxx_01.o(RESET)
</UL>
<P><STRONG><a name="[10]"></a>EVWUP_IRQHandler</STRONG> (Thumb, 0 bytes, Stack size 0 bytes, startup_ht32f1xxxx_01.o(RESET))
<BR>[Address Reference Count : 1]<UL><LI> startup_ht32f1xxxx_01.o(RESET)
</UL>
<P><STRONG><a name="[12]"></a>EXTI0_IRQHandler</STRONG> (Thumb, 0 bytes, Stack size 0 bytes, startup_ht32f1xxxx_01.o(RESET))
<BR>[Address Reference Count : 1]<UL><LI> startup_ht32f1xxxx_01.o(RESET)
</UL>
<P><STRONG><a name="[1c]"></a>EXTI10_IRQHandler</STRONG> (Thumb, 0 bytes, Stack size 0 bytes, startup_ht32f1xxxx_01.o(RESET))
<BR>[Address Reference Count : 1]<UL><LI> startup_ht32f1xxxx_01.o(RESET)
</UL>
<P><STRONG><a name="[1d]"></a>EXTI11_IRQHandler</STRONG> (Thumb, 0 bytes, Stack size 0 bytes, startup_ht32f1xxxx_01.o(RESET))
<BR>[Address Reference Count : 1]<UL><LI> startup_ht32f1xxxx_01.o(RESET)
</UL>
<P><STRONG><a name="[1e]"></a>EXTI12_IRQHandler</STRONG> (Thumb, 0 bytes, Stack size 0 bytes, startup_ht32f1xxxx_01.o(RESET))
<BR>[Address Reference Count : 1]<UL><LI> startup_ht32f1xxxx_01.o(RESET)
</UL>
<P><STRONG><a name="[1f]"></a>EXTI13_IRQHandler</STRONG> (Thumb, 0 bytes, Stack size 0 bytes, startup_ht32f1xxxx_01.o(RESET))
<BR>[Address Reference Count : 1]<UL><LI> startup_ht32f1xxxx_01.o(RESET)
</UL>
<P><STRONG><a name="[20]"></a>EXTI14_IRQHandler</STRONG> (Thumb, 0 bytes, Stack size 0 bytes, startup_ht32f1xxxx_01.o(RESET))
<BR>[Address Reference Count : 1]<UL><LI> startup_ht32f1xxxx_01.o(RESET)
</UL>
<P><STRONG><a name="[21]"></a>EXTI15_IRQHandler</STRONG> (Thumb, 0 bytes, Stack size 0 bytes, startup_ht32f1xxxx_01.o(RESET))
<BR>[Address Reference Count : 1]<UL><LI> startup_ht32f1xxxx_01.o(RESET)
</UL>
<P><STRONG><a name="[13]"></a>EXTI1_IRQHandler</STRONG> (Thumb, 0 bytes, Stack size 0 bytes, startup_ht32f1xxxx_01.o(RESET))
<BR>[Address Reference Count : 1]<UL><LI> startup_ht32f1xxxx_01.o(RESET)
</UL>
<P><STRONG><a name="[14]"></a>EXTI2_IRQHandler</STRONG> (Thumb, 0 bytes, Stack size 0 bytes, startup_ht32f1xxxx_01.o(RESET))
<BR>[Address Reference Count : 1]<UL><LI> startup_ht32f1xxxx_01.o(RESET)
</UL>
<P><STRONG><a name="[15]"></a>EXTI3_IRQHandler</STRONG> (Thumb, 0 bytes, Stack size 0 bytes, startup_ht32f1xxxx_01.o(RESET))
<BR>[Address Reference Count : 1]<UL><LI> startup_ht32f1xxxx_01.o(RESET)
</UL>
<P><STRONG><a name="[16]"></a>EXTI4_IRQHandler</STRONG> (Thumb, 0 bytes, Stack size 0 bytes, startup_ht32f1xxxx_01.o(RESET))
<BR>[Address Reference Count : 1]<UL><LI> startup_ht32f1xxxx_01.o(RESET)
</UL>
<P><STRONG><a name="[17]"></a>EXTI5_IRQHandler</STRONG> (Thumb, 0 bytes, Stack size 0 bytes, startup_ht32f1xxxx_01.o(RESET))
<BR>[Address Reference Count : 1]<UL><LI> startup_ht32f1xxxx_01.o(RESET)
</UL>
<P><STRONG><a name="[18]"></a>EXTI6_IRQHandler</STRONG> (Thumb, 0 bytes, Stack size 0 bytes, startup_ht32f1xxxx_01.o(RESET))
<BR>[Address Reference Count : 1]<UL><LI> startup_ht32f1xxxx_01.o(RESET)
</UL>
<P><STRONG><a name="[19]"></a>EXTI7_IRQHandler</STRONG> (Thumb, 0 bytes, Stack size 0 bytes, startup_ht32f1xxxx_01.o(RESET))
<BR>[Address Reference Count : 1]<UL><LI> startup_ht32f1xxxx_01.o(RESET)
</UL>
<P><STRONG><a name="[1a]"></a>EXTI8_IRQHandler</STRONG> (Thumb, 0 bytes, Stack size 0 bytes, startup_ht32f1xxxx_01.o(RESET))
<BR>[Address Reference Count : 1]<UL><LI> startup_ht32f1xxxx_01.o(RESET)
</UL>
<P><STRONG><a name="[1b]"></a>EXTI9_IRQHandler</STRONG> (Thumb, 0 bytes, Stack size 0 bytes, startup_ht32f1xxxx_01.o(RESET))
<BR>[Address Reference Count : 1]<UL><LI> startup_ht32f1xxxx_01.o(RESET)
</UL>
<P><STRONG><a name="[f]"></a>FLASH_IRQHandler</STRONG> (Thumb, 0 bytes, Stack size 0 bytes, startup_ht32f1xxxx_01.o(RESET))
<BR>[Address Reference Count : 1]<UL><LI> startup_ht32f1xxxx_01.o(RESET)
</UL>
<P><STRONG><a name="[2c]"></a>GPTM0_IRQHandler</STRONG> (Thumb, 0 bytes, Stack size 0 bytes, startup_ht32f1xxxx_01.o(RESET))
<BR>[Address Reference Count : 1]<UL><LI> startup_ht32f1xxxx_01.o(RESET)
</UL>
<P><STRONG><a name="[2d]"></a>GPTM1_IRQHandler</STRONG> (Thumb, 0 bytes, Stack size 0 bytes, startup_ht32f1xxxx_01.o(RESET))
<BR>[Address Reference Count : 1]<UL><LI> startup_ht32f1xxxx_01.o(RESET)
</UL>
<P><STRONG><a name="[30]"></a>I2C0_IRQHandler</STRONG> (Thumb, 0 bytes, Stack size 0 bytes, startup_ht32f1xxxx_01.o(RESET))
<BR>[Address Reference Count : 1]<UL><LI> startup_ht32f1xxxx_01.o(RESET)
</UL>
<P><STRONG><a name="[31]"></a>I2C1_IRQHandler</STRONG> (Thumb, 0 bytes, Stack size 0 bytes, startup_ht32f1xxxx_01.o(RESET))
<BR>[Address Reference Count : 1]<UL><LI> startup_ht32f1xxxx_01.o(RESET)
</UL>
<P><STRONG><a name="[39]"></a>I2S_IRQHandler</STRONG> (Thumb, 0 bytes, Stack size 0 bytes, startup_ht32f1xxxx_01.o(RESET))
<BR>[Address Reference Count : 1]<UL><LI> startup_ht32f1xxxx_01.o(RESET)
</UL>
<P><STRONG><a name="[11]"></a>LPWUP_IRQHandler</STRONG> (Thumb, 0 bytes, Stack size 0 bytes, startup_ht32f1xxxx_01.o(RESET))
<BR>[Address Reference Count : 1]<UL><LI> startup_ht32f1xxxx_01.o(RESET)
</UL>
<P><STRONG><a name="[b]"></a>LVD_IRQHandler</STRONG> (Thumb, 0 bytes, Stack size 0 bytes, startup_ht32f1xxxx_01.o(RESET))
<BR>[Address Reference Count : 1]<UL><LI> startup_ht32f1xxxx_01.o(RESET)
</UL>
<P><STRONG><a name="[24]"></a>MCTM0BRK_IRQHandler</STRONG> (Thumb, 0 bytes, Stack size 0 bytes, startup_ht32f1xxxx_01.o(RESET))
<BR>[Address Reference Count : 1]<UL><LI> startup_ht32f1xxxx_01.o(RESET)
</UL>
<P><STRONG><a name="[27]"></a>MCTM0CC_IRQHandler</STRONG> (Thumb, 0 bytes, Stack size 0 bytes, startup_ht32f1xxxx_01.o(RESET))
<BR>[Address Reference Count : 1]<UL><LI> startup_ht32f1xxxx_01.o(RESET)
</UL>
<P><STRONG><a name="[26]"></a>MCTM0TR_IRQHandler</STRONG> (Thumb, 0 bytes, Stack size 0 bytes, startup_ht32f1xxxx_01.o(RESET))
<BR>[Address Reference Count : 1]<UL><LI> startup_ht32f1xxxx_01.o(RESET)
</UL>
<P><STRONG><a name="[25]"></a>MCTM0UP_IRQHandler</STRONG> (Thumb, 0 bytes, Stack size 0 bytes, startup_ht32f1xxxx_01.o(RESET))
<BR>[Address Reference Count : 1]<UL><LI> startup_ht32f1xxxx_01.o(RESET)
</UL>
<P><STRONG><a name="[28]"></a>MCTM1BRK_IRQHandler</STRONG> (Thumb, 0 bytes, Stack size 0 bytes, startup_ht32f1xxxx_01.o(RESET))
<BR>[Address Reference Count : 1]<UL><LI> startup_ht32f1xxxx_01.o(RESET)
</UL>
<P><STRONG><a name="[2b]"></a>MCTM1CC_IRQHandler</STRONG> (Thumb, 0 bytes, Stack size 0 bytes, startup_ht32f1xxxx_01.o(RESET))
<BR>[Address Reference Count : 1]<UL><LI> startup_ht32f1xxxx_01.o(RESET)
</UL>
<P><STRONG><a name="[2a]"></a>MCTM1TR_IRQHandler</STRONG> (Thumb, 0 bytes, Stack size 0 bytes, startup_ht32f1xxxx_01.o(RESET))
<BR>[Address Reference Count : 1]<UL><LI> startup_ht32f1xxxx_01.o(RESET)
</UL>
<P><STRONG><a name="[29]"></a>MCTM1UP_IRQHandler</STRONG> (Thumb, 0 bytes, Stack size 0 bytes, startup_ht32f1xxxx_01.o(RESET))
<BR>[Address Reference Count : 1]<UL><LI> startup_ht32f1xxxx_01.o(RESET)
</UL>
<P><STRONG><a name="[3b]"></a>PDMA_CH0_IRQHandler</STRONG> (Thumb, 0 bytes, Stack size 0 bytes, startup_ht32f1xxxx_01.o(RESET))
<BR>[Address Reference Count : 1]<UL><LI> startup_ht32f1xxxx_01.o(RESET)
</UL>
<P><STRONG><a name="[4b]"></a>PDMA_CH10_IRQHandler</STRONG> (Thumb, 0 bytes, Stack size 0 bytes, startup_ht32f1xxxx_01.o(RESET), UNUSED, KEPT)

<P><STRONG><a name="[4c]"></a>PDMA_CH11_IRQHandler</STRONG> (Thumb, 0 bytes, Stack size 0 bytes, startup_ht32f1xxxx_01.o(RESET), UNUSED, KEPT)

<P><STRONG><a name="[3c]"></a>PDMA_CH1_IRQHandler</STRONG> (Thumb, 0 bytes, Stack size 0 bytes, startup_ht32f1xxxx_01.o(RESET))
<BR>[Address Reference Count : 1]<UL><LI> startup_ht32f1xxxx_01.o(RESET)
</UL>
<P><STRONG><a name="[3d]"></a>PDMA_CH2_IRQHandler</STRONG> (Thumb, 0 bytes, Stack size 0 bytes, startup_ht32f1xxxx_01.o(RESET))
<BR>[Address Reference Count : 1]<UL><LI> startup_ht32f1xxxx_01.o(RESET)
</UL>
<P><STRONG><a name="[3e]"></a>PDMA_CH3_IRQHandler</STRONG> (Thumb, 0 bytes, Stack size 0 bytes, startup_ht32f1xxxx_01.o(RESET))
<BR>[Address Reference Count : 1]<UL><LI> startup_ht32f1xxxx_01.o(RESET)
</UL>
<P><STRONG><a name="[3f]"></a>PDMA_CH4_IRQHandler</STRONG> (Thumb, 0 bytes, Stack size 0 bytes, startup_ht32f1xxxx_01.o(RESET))
<BR>[Address Reference Count : 1]<UL><LI> startup_ht32f1xxxx_01.o(RESET)
</UL>
<P><STRONG><a name="[40]"></a>PDMA_CH5_IRQHandler</STRONG> (Thumb, 0 bytes, Stack size 0 bytes, startup_ht32f1xxxx_01.o(RESET))
<BR>[Address Reference Count : 1]<UL><LI> startup_ht32f1xxxx_01.o(RESET)
</UL>
<P><STRONG><a name="[41]"></a>PDMA_CH6_IRQHandler</STRONG> (Thumb, 0 bytes, Stack size 0 bytes, startup_ht32f1xxxx_01.o(RESET))
<BR>[Address Reference Count : 1]<UL><LI> startup_ht32f1xxxx_01.o(RESET)
</UL>
<P><STRONG><a name="[42]"></a>PDMA_CH7_IRQHandler</STRONG> (Thumb, 0 bytes, Stack size 0 bytes, startup_ht32f1xxxx_01.o(RESET))
<BR>[Address Reference Count : 1]<UL><LI> startup_ht32f1xxxx_01.o(RESET)
</UL>
<P><STRONG><a name="[4d]"></a>PDMA_CH8_IRQHandler</STRONG> (Thumb, 0 bytes, Stack size 0 bytes, startup_ht32f1xxxx_01.o(RESET), UNUSED, KEPT)

<P><STRONG><a name="[4e]"></a>PDMA_CH9_IRQHandler</STRONG> (Thumb, 0 bytes, Stack size 0 bytes, startup_ht32f1xxxx_01.o(RESET), UNUSED, KEPT)

<P><STRONG><a name="[e]"></a>RTC_IRQHandler</STRONG> (Thumb, 0 bytes, Stack size 0 bytes, startup_ht32f1xxxx_01.o(RESET))
<BR>[Address Reference Count : 1]<UL><LI> startup_ht32f1xxxx_01.o(RESET)
</UL>
<P><STRONG><a name="[38]"></a>SCI_IRQHandler</STRONG> (Thumb, 0 bytes, Stack size 0 bytes, startup_ht32f1xxxx_01.o(RESET))
<BR>[Address Reference Count : 1]<UL><LI> startup_ht32f1xxxx_01.o(RESET)
</UL>
<P><STRONG><a name="[4f]"></a>SDIO_IRQHandler</STRONG> (Thumb, 0 bytes, Stack size 0 bytes, startup_ht32f1xxxx_01.o(RESET), UNUSED, KEPT)

<P><STRONG><a name="[32]"></a>SPI0_IRQHandler</STRONG> (Thumb, 0 bytes, Stack size 0 bytes, startup_ht32f1xxxx_01.o(RESET))
<BR>[Address Reference Count : 1]<UL><LI> startup_ht32f1xxxx_01.o(RESET)
</UL>
<P><STRONG><a name="[33]"></a>SPI1_IRQHandler</STRONG> (Thumb, 0 bytes, Stack size 0 bytes, startup_ht32f1xxxx_01.o(RESET))
<BR>[Address Reference Count : 1]<UL><LI> startup_ht32f1xxxx_01.o(RESET)
</UL>
<P><STRONG><a name="[36]"></a>UART0_IRQHandler</STRONG> (Thumb, 0 bytes, Stack size 0 bytes, startup_ht32f1xxxx_01.o(RESET))
<BR>[Address Reference Count : 1]<UL><LI> startup_ht32f1xxxx_01.o(RESET)
</UL>
<P><STRONG><a name="[37]"></a>UART1_IRQHandler</STRONG> (Thumb, 0 bytes, Stack size 0 bytes, startup_ht32f1xxxx_01.o(RESET))
<BR>[Address Reference Count : 1]<UL><LI> startup_ht32f1xxxx_01.o(RESET)
</UL>
<P><STRONG><a name="[34]"></a>USART0_IRQHandler</STRONG> (Thumb, 0 bytes, Stack size 0 bytes, startup_ht32f1xxxx_01.o(RESET))
<BR>[Address Reference Count : 1]<UL><LI> startup_ht32f1xxxx_01.o(RESET)
</UL>
<P><STRONG><a name="[35]"></a>USART1_IRQHandler</STRONG> (Thumb, 0 bytes, Stack size 0 bytes, startup_ht32f1xxxx_01.o(RESET))
<BR>[Address Reference Count : 1]<UL><LI> startup_ht32f1xxxx_01.o(RESET)
</UL>
<P><STRONG><a name="[3a]"></a>USB_IRQHandler</STRONG> (Thumb, 0 bytes, Stack size 0 bytes, startup_ht32f1xxxx_01.o(RESET))
<BR>[Address Reference Count : 1]<UL><LI> startup_ht32f1xxxx_01.o(RESET)
</UL>
<P><STRONG><a name="[d]"></a>WDT_IRQHandler</STRONG> (Thumb, 0 bytes, Stack size 0 bytes, startup_ht32f1xxxx_01.o(RESET))
<BR>[Address Reference Count : 1]<UL><LI> startup_ht32f1xxxx_01.o(RESET)
</UL>
<P><STRONG><a name="[45]"></a>__main</STRONG> (Thumb, 0 bytes, Stack size unknown bytes, entry.o(.ARM.Collect$$$$00000000))
<BR>[Address Reference Count : 1]<UL><LI> startup_ht32f1xxxx_01.o(RESET)
</UL>
<P><STRONG><a name="[98]"></a>_main_stk</STRONG> (Thumb, 0 bytes, Stack size unknown bytes, entry2.o(.ARM.Collect$$$$00000001))

<P><STRONG><a name="[50]"></a>_main_scatterload</STRONG> (Thumb, 0 bytes, Stack size unknown bytes, entry5.o(.ARM.Collect$$$$00000004))
<BR><BR>[Calls]<UL><LI><a href="#[51]">&gt;&gt;</a>&nbsp;&nbsp;&nbsp;__scatterload
</UL>

<P><STRONG><a name="[57]"></a>__main_after_scatterload</STRONG> (Thumb, 0 bytes, Stack size unknown bytes, entry5.o(.ARM.Collect$$$$00000004))
<BR><BR>[Called By]<UL><LI><a href="#[51]">&gt;&gt;</a>&nbsp;&nbsp;&nbsp;__scatterload
</UL>

<P><STRONG><a name="[99]"></a>_main_clock</STRONG> (Thumb, 0 bytes, Stack size unknown bytes, entry7b.o(.ARM.Collect$$$$00000008))

<P><STRONG><a name="[9a]"></a>_main_cpp_init</STRONG> (Thumb, 0 bytes, Stack size unknown bytes, entry8b.o(.ARM.Collect$$$$0000000A))

<P><STRONG><a name="[9b]"></a>_main_init</STRONG> (Thumb, 0 bytes, Stack size unknown bytes, entry9a.o(.ARM.Collect$$$$0000000B))

<P><STRONG><a name="[9c]"></a>__rt_final_cpp</STRONG> (Thumb, 0 bytes, Stack size unknown bytes, entry10a.o(.ARM.Collect$$$$0000000D))

<P><STRONG><a name="[9d]"></a>__rt_final_exit</STRONG> (Thumb, 0 bytes, Stack size unknown bytes, entry11a.o(.ARM.Collect$$$$0000000F))

<P><STRONG><a name="[52]"></a>__aeabi_i2d</STRONG> (Thumb, 34 bytes, Stack size 16 bytes, dflti.o(.text))
<BR><BR>[Stack]<UL><LI>Max Depth = 56<LI>Call Chain = __aeabi_i2d &rArr; _double_epilogue &rArr; _double_round
</UL>
<BR>[Calls]<UL><LI><a href="#[53]">&gt;&gt;</a>&nbsp;&nbsp;&nbsp;_double_epilogue
</UL>
<BR>[Called By]<UL><LI><a href="#[46]">&gt;&gt;</a>&nbsp;&nbsp;&nbsp;main
</UL>

<P><STRONG><a name="[96]"></a>__aeabi_cdrcmple</STRONG> (Thumb, 48 bytes, Stack size 0 bytes, cdrcmple.o(.text))
<BR><BR>[Called By]<UL><LI><a href="#[46]">&gt;&gt;</a>&nbsp;&nbsp;&nbsp;main
</UL>

<P><STRONG><a name="[9e]"></a>__aeabi_uidiv</STRONG> (Thumb, 0 bytes, Stack size 12 bytes, uidiv.o(.text), UNUSED)

<P><STRONG><a name="[91]"></a>__aeabi_uidivmod</STRONG> (Thumb, 44 bytes, Stack size 12 bytes, uidiv.o(.text), UNUSED)
<BR><BR>[Called By]<UL><LI><a href="#[8f]">&gt;&gt;</a>&nbsp;&nbsp;&nbsp;_printf_core
</UL>

<P><STRONG><a name="[54]"></a>__aeabi_llsl</STRONG> (Thumb, 30 bytes, Stack size 0 bytes, llshl.o(.text))
<BR><BR>[Called By]<UL><LI><a href="#[53]">&gt;&gt;</a>&nbsp;&nbsp;&nbsp;_double_epilogue
</UL>

<P><STRONG><a name="[9f]"></a>_ll_shift_l</STRONG> (Thumb, 0 bytes, Stack size 0 bytes, llshl.o(.text), UNUSED)

<P><STRONG><a name="[a0]"></a>__I$use$fp</STRONG> (Thumb, 0 bytes, Stack size 8 bytes, iusefp.o(.text), UNUSED)

<P><STRONG><a name="[56]"></a>_double_round</STRONG> (Thumb, 30 bytes, Stack size 8 bytes, depilogue.o(.text))
<BR><BR>[Stack]<UL><LI>Max Depth = 8<LI>Call Chain = _double_round
</UL>
<BR>[Called By]<UL><LI><a href="#[53]">&gt;&gt;</a>&nbsp;&nbsp;&nbsp;_double_epilogue
</UL>

<P><STRONG><a name="[53]"></a>_double_epilogue</STRONG> (Thumb, 156 bytes, Stack size 32 bytes, depilogue.o(.text))
<BR><BR>[Stack]<UL><LI>Max Depth = 40<LI>Call Chain = _double_epilogue &rArr; _double_round
</UL>
<BR>[Calls]<UL><LI><a href="#[55]">&gt;&gt;</a>&nbsp;&nbsp;&nbsp;__aeabi_llsr
<LI><a href="#[54]">&gt;&gt;</a>&nbsp;&nbsp;&nbsp;__aeabi_llsl
<LI><a href="#[56]">&gt;&gt;</a>&nbsp;&nbsp;&nbsp;_double_round
</UL>
<BR>[Called By]<UL><LI><a href="#[52]">&gt;&gt;</a>&nbsp;&nbsp;&nbsp;__aeabi_i2d
</UL>

<P><STRONG><a name="[51]"></a>__scatterload</STRONG> (Thumb, 28 bytes, Stack size 0 bytes, init.o(.text))
<BR><BR>[Calls]<UL><LI><a href="#[57]">&gt;&gt;</a>&nbsp;&nbsp;&nbsp;__main_after_scatterload
</UL>
<BR>[Called By]<UL><LI><a href="#[50]">&gt;&gt;</a>&nbsp;&nbsp;&nbsp;_main_scatterload
</UL>

<P><STRONG><a name="[a1]"></a>__scatterload_rt2</STRONG> (Thumb, 0 bytes, Stack size 0 bytes, init.o(.text), UNUSED)

<P><STRONG><a name="[55]"></a>__aeabi_llsr</STRONG> (Thumb, 32 bytes, Stack size 0 bytes, llushr.o(.text))
<BR><BR>[Called By]<UL><LI><a href="#[53]">&gt;&gt;</a>&nbsp;&nbsp;&nbsp;_double_epilogue
</UL>

<P><STRONG><a name="[a2]"></a>_ll_ushift_r</STRONG> (Thumb, 0 bytes, Stack size 0 bytes, llushr.o(.text), UNUSED)

<P><STRONG><a name="[5d]"></a>AFIO_GPxConfig</STRONG> (Thumb, 94 bytes, Stack size 32 bytes, ht32f1xxxx_gpio.o(i.AFIO_GPxConfig))
<BR><BR>[Stack]<UL><LI>Max Depth = 32<LI>Call Chain = AFIO_GPxConfig
</UL>
<BR>[Called By]<UL><LI><a href="#[93]">&gt;&gt;</a>&nbsp;&nbsp;&nbsp;usart0_Init
<LI><a href="#[64]">&gt;&gt;</a>&nbsp;&nbsp;&nbsp;LED_Init
<LI><a href="#[5b]">&gt;&gt;</a>&nbsp;&nbsp;&nbsp;KEY_Init
<LI><a href="#[7d]">&gt;&gt;</a>&nbsp;&nbsp;&nbsp;SPI0_Init
</UL>

<P><STRONG><a name="[4]"></a>BusFault_Handler</STRONG> (Thumb, 2 bytes, Stack size 0 bytes, ht32f1xxxx_01_it.o(i.BusFault_Handler))
<BR><BR>[Calls]<UL><LI><a href="#[4]">&gt;&gt;</a>&nbsp;&nbsp;&nbsp;BusFault_Handler
</UL>
<BR>[Called By]<UL><LI><a href="#[4]">&gt;&gt;</a>&nbsp;&nbsp;&nbsp;BusFault_Handler
</UL>
<BR>[Address Reference Count : 1]<UL><LI> startup_ht32f1xxxx_01.o(RESET)
</UL>
<P><STRONG><a name="[58]"></a>CKCU_GetClocksFrequency</STRONG> (Thumb, 76 bytes, Stack size 16 bytes, ht32f1xxxx_ckcu.o(i.CKCU_GetClocksFrequency))
<BR><BR>[Stack]<UL><LI>Max Depth = 16<LI>Call Chain = CKCU_GetClocksFrequency
</UL>
<BR>[Calls]<UL><LI><a href="#[59]">&gt;&gt;</a>&nbsp;&nbsp;&nbsp;CKCU_GetPLLFrequency
</UL>
<BR>[Called By]<UL><LI><a href="#[5a]">&gt;&gt;</a>&nbsp;&nbsp;&nbsp;CKCU_GetPeripFrequency
</UL>

<P><STRONG><a name="[59]"></a>CKCU_GetPLLFrequency</STRONG> (Thumb, 52 bytes, Stack size 0 bytes, ht32f1xxxx_ckcu.o(i.CKCU_GetPLLFrequency))
<BR><BR>[Called By]<UL><LI><a href="#[58]">&gt;&gt;</a>&nbsp;&nbsp;&nbsp;CKCU_GetClocksFrequency
</UL>

<P><STRONG><a name="[5a]"></a>CKCU_GetPeripFrequency</STRONG> (Thumb, 16 bytes, Stack size 24 bytes, ht32f1xxxx_ckcu.o(i.CKCU_GetPeripFrequency))
<BR><BR>[Stack]<UL><LI>Max Depth = 40<LI>Call Chain = CKCU_GetPeripFrequency &rArr; CKCU_GetClocksFrequency
</UL>
<BR>[Calls]<UL><LI><a href="#[58]">&gt;&gt;</a>&nbsp;&nbsp;&nbsp;CKCU_GetClocksFrequency
</UL>
<BR>[Called By]<UL><LI><a href="#[8d]">&gt;&gt;</a>&nbsp;&nbsp;&nbsp;USART_Init
</UL>

<P><STRONG><a name="[5c]"></a>CKCU_PeripClockConfig</STRONG> (Thumb, 32 bytes, Stack size 20 bytes, ht32f1xxxx_ckcu.o(i.CKCU_PeripClockConfig))
<BR><BR>[Stack]<UL><LI>Max Depth = 20<LI>Call Chain = CKCU_PeripClockConfig
</UL>
<BR>[Called By]<UL><LI><a href="#[93]">&gt;&gt;</a>&nbsp;&nbsp;&nbsp;usart0_Init
<LI><a href="#[7c]">&gt;&gt;</a>&nbsp;&nbsp;&nbsp;NRF24L01_Init
<LI><a href="#[64]">&gt;&gt;</a>&nbsp;&nbsp;&nbsp;LED_Init
<LI><a href="#[5b]">&gt;&gt;</a>&nbsp;&nbsp;&nbsp;KEY_Init
<LI><a href="#[7d]">&gt;&gt;</a>&nbsp;&nbsp;&nbsp;SPI0_Init
<LI><a href="#[6a]">&gt;&gt;</a>&nbsp;&nbsp;&nbsp;MPU_IIC_Init
</UL>

<P><STRONG><a name="[7]"></a>DebugMon_Handler</STRONG> (Thumb, 2 bytes, Stack size 0 bytes, ht32f1xxxx_01_it.o(i.DebugMon_Handler))
<BR>[Address Reference Count : 1]<UL><LI> startup_ht32f1xxxx_01.o(RESET)
</UL>
<P><STRONG><a name="[5e]"></a>GPIO_DirectionConfig</STRONG> (Thumb, 16 bytes, Stack size 0 bytes, ht32f1xxxx_gpio.o(i.GPIO_DirectionConfig))
<BR><BR>[Called By]<UL><LI><a href="#[7c]">&gt;&gt;</a>&nbsp;&nbsp;&nbsp;NRF24L01_Init
<LI><a href="#[64]">&gt;&gt;</a>&nbsp;&nbsp;&nbsp;LED_Init
<LI><a href="#[5b]">&gt;&gt;</a>&nbsp;&nbsp;&nbsp;KEY_Init
<LI><a href="#[7d]">&gt;&gt;</a>&nbsp;&nbsp;&nbsp;SPI0_Init
<LI><a href="#[6b]">&gt;&gt;</a>&nbsp;&nbsp;&nbsp;MPU_IIC_NAck
<LI><a href="#[68]">&gt;&gt;</a>&nbsp;&nbsp;&nbsp;MPU_IIC_Ack
<LI><a href="#[70]">&gt;&gt;</a>&nbsp;&nbsp;&nbsp;MPU_IIC_Wait_Ack
<LI><a href="#[6f]">&gt;&gt;</a>&nbsp;&nbsp;&nbsp;MPU_IIC_Stop
<LI><a href="#[6e]">&gt;&gt;</a>&nbsp;&nbsp;&nbsp;MPU_IIC_Start
<LI><a href="#[6d]">&gt;&gt;</a>&nbsp;&nbsp;&nbsp;MPU_IIC_Send_Byte
<LI><a href="#[6c]">&gt;&gt;</a>&nbsp;&nbsp;&nbsp;MPU_IIC_Read_Byte
<LI><a href="#[6a]">&gt;&gt;</a>&nbsp;&nbsp;&nbsp;MPU_IIC_Init
</UL>

<P><STRONG><a name="[60]"></a>GPIO_InputConfig</STRONG> (Thumb, 16 bytes, Stack size 0 bytes, ht32f1xxxx_gpio.o(i.GPIO_InputConfig))
<BR><BR>[Called By]<UL><LI><a href="#[5b]">&gt;&gt;</a>&nbsp;&nbsp;&nbsp;KEY_Init
<LI><a href="#[70]">&gt;&gt;</a>&nbsp;&nbsp;&nbsp;MPU_IIC_Wait_Ack
<LI><a href="#[6c]">&gt;&gt;</a>&nbsp;&nbsp;&nbsp;MPU_IIC_Read_Byte
</UL>

<P><STRONG><a name="[5f]"></a>GPIO_PullResistorConfig</STRONG> (Thumb, 40 bytes, Stack size 0 bytes, ht32f1xxxx_gpio.o(i.GPIO_PullResistorConfig))
<BR><BR>[Called By]<UL><LI><a href="#[5b]">&gt;&gt;</a>&nbsp;&nbsp;&nbsp;KEY_Init
</UL>

<P><STRONG><a name="[62]"></a>GPIO_ReadInBit</STRONG> (Thumb, 10 bytes, Stack size 0 bytes, ht32f1xxxx_gpio.o(i.GPIO_ReadInBit))
<BR><BR>[Called By]<UL><LI><a href="#[61]">&gt;&gt;</a>&nbsp;&nbsp;&nbsp;KEY_Scan
<LI><a href="#[7b]">&gt;&gt;</a>&nbsp;&nbsp;&nbsp;NRF24L01_IRQ
<LI><a href="#[70]">&gt;&gt;</a>&nbsp;&nbsp;&nbsp;MPU_IIC_Wait_Ack
<LI><a href="#[6c]">&gt;&gt;</a>&nbsp;&nbsp;&nbsp;MPU_IIC_Read_Byte
</UL>

<P><STRONG><a name="[86]"></a>GPIO_SetOutBits</STRONG> (Thumb, 4 bytes, Stack size 0 bytes, ht32f1xxxx_gpio.o(i.GPIO_SetOutBits))
<BR><BR>[Called By]<UL><LI><a href="#[7d]">&gt;&gt;</a>&nbsp;&nbsp;&nbsp;SPI0_Init
</UL>

<P><STRONG><a name="[65]"></a>GPIO_WriteOutBits</STRONG> (Thumb, 10 bytes, Stack size 0 bytes, ht32f1xxxx_gpio.o(i.GPIO_WriteOutBits))
<BR><BR>[Called By]<UL><LI><a href="#[82]">&gt;&gt;</a>&nbsp;&nbsp;&nbsp;NRF24L01_TxPacket
<LI><a href="#[80]">&gt;&gt;</a>&nbsp;&nbsp;&nbsp;NRF24L01_TX_Mode
<LI><a href="#[7c]">&gt;&gt;</a>&nbsp;&nbsp;&nbsp;NRF24L01_Init
<LI><a href="#[64]">&gt;&gt;</a>&nbsp;&nbsp;&nbsp;LED_Init
<LI><a href="#[81]">&gt;&gt;</a>&nbsp;&nbsp;&nbsp;NRF24L01_Write_Reg
<LI><a href="#[79]">&gt;&gt;</a>&nbsp;&nbsp;&nbsp;NRF24L01_Write_Buf
<LI><a href="#[7f]">&gt;&gt;</a>&nbsp;&nbsp;&nbsp;NRF24L01_Read_Reg
<LI><a href="#[7a]">&gt;&gt;</a>&nbsp;&nbsp;&nbsp;NRF24L01_Read_Buf
<LI><a href="#[6b]">&gt;&gt;</a>&nbsp;&nbsp;&nbsp;MPU_IIC_NAck
<LI><a href="#[68]">&gt;&gt;</a>&nbsp;&nbsp;&nbsp;MPU_IIC_Ack
<LI><a href="#[70]">&gt;&gt;</a>&nbsp;&nbsp;&nbsp;MPU_IIC_Wait_Ack
<LI><a href="#[6f]">&gt;&gt;</a>&nbsp;&nbsp;&nbsp;MPU_IIC_Stop
<LI><a href="#[6e]">&gt;&gt;</a>&nbsp;&nbsp;&nbsp;MPU_IIC_Start
<LI><a href="#[6d]">&gt;&gt;</a>&nbsp;&nbsp;&nbsp;MPU_IIC_Send_Byte
<LI><a href="#[6c]">&gt;&gt;</a>&nbsp;&nbsp;&nbsp;MPU_IIC_Read_Byte
<LI><a href="#[6a]">&gt;&gt;</a>&nbsp;&nbsp;&nbsp;MPU_IIC_Init
</UL>

<P><STRONG><a name="[2]"></a>HardFault_Handler</STRONG> (Thumb, 2 bytes, Stack size 0 bytes, ht32f1xxxx_01_it.o(i.HardFault_Handler))
<BR><BR>[Calls]<UL><LI><a href="#[2]">&gt;&gt;</a>&nbsp;&nbsp;&nbsp;HardFault_Handler
</UL>
<BR>[Called By]<UL><LI><a href="#[2]">&gt;&gt;</a>&nbsp;&nbsp;&nbsp;HardFault_Handler
</UL>
<BR>[Address Reference Count : 1]<UL><LI> startup_ht32f1xxxx_01.o(RESET)
</UL>
<P><STRONG><a name="[5b]"></a>KEY_Init</STRONG> (Thumb, 136 bytes, Stack size 16 bytes, key.o(i.KEY_Init))
<BR><BR>[Stack]<UL><LI>Max Depth = 48<LI>Call Chain = KEY_Init &rArr; AFIO_GPxConfig
</UL>
<BR>[Calls]<UL><LI><a href="#[5c]">&gt;&gt;</a>&nbsp;&nbsp;&nbsp;CKCU_PeripClockConfig
<LI><a href="#[5f]">&gt;&gt;</a>&nbsp;&nbsp;&nbsp;GPIO_PullResistorConfig
<LI><a href="#[60]">&gt;&gt;</a>&nbsp;&nbsp;&nbsp;GPIO_InputConfig
<LI><a href="#[5e]">&gt;&gt;</a>&nbsp;&nbsp;&nbsp;GPIO_DirectionConfig
<LI><a href="#[5d]">&gt;&gt;</a>&nbsp;&nbsp;&nbsp;AFIO_GPxConfig
</UL>
<BR>[Called By]<UL><LI><a href="#[46]">&gt;&gt;</a>&nbsp;&nbsp;&nbsp;main
</UL>

<P><STRONG><a name="[61]"></a>KEY_Scan</STRONG> (Thumb, 240 bytes, Stack size 24 bytes, key.o(i.KEY_Scan))
<BR><BR>[Stack]<UL><LI>Max Depth = 24<LI>Call Chain = KEY_Scan
</UL>
<BR>[Calls]<UL><LI><a href="#[63]">&gt;&gt;</a>&nbsp;&nbsp;&nbsp;delay_ms
<LI><a href="#[62]">&gt;&gt;</a>&nbsp;&nbsp;&nbsp;GPIO_ReadInBit
</UL>
<BR>[Called By]<UL><LI><a href="#[46]">&gt;&gt;</a>&nbsp;&nbsp;&nbsp;main
</UL>

<P><STRONG><a name="[64]"></a>LED_Init</STRONG> (Thumb, 56 bytes, Stack size 16 bytes, led.o(i.LED_Init))
<BR><BR>[Stack]<UL><LI>Max Depth = 48<LI>Call Chain = LED_Init &rArr; AFIO_GPxConfig
</UL>
<BR>[Calls]<UL><LI><a href="#[5c]">&gt;&gt;</a>&nbsp;&nbsp;&nbsp;CKCU_PeripClockConfig
<LI><a href="#[65]">&gt;&gt;</a>&nbsp;&nbsp;&nbsp;GPIO_WriteOutBits
<LI><a href="#[5e]">&gt;&gt;</a>&nbsp;&nbsp;&nbsp;GPIO_DirectionConfig
<LI><a href="#[5d]">&gt;&gt;</a>&nbsp;&nbsp;&nbsp;AFIO_GPxConfig
</UL>
<BR>[Called By]<UL><LI><a href="#[46]">&gt;&gt;</a>&nbsp;&nbsp;&nbsp;main
</UL>

<P><STRONG><a name="[66]"></a>MPU_Get_Gyroscope</STRONG> (Thumb, 46 bytes, Stack size 16 bytes, mpu6050.o(i.MPU_Get_Gyroscope))
<BR><BR>[Stack]<UL><LI>Max Depth = 88<LI>Call Chain = MPU_Get_Gyroscope &rArr; MPU_Read_Len &rArr; MPU_IIC_Read_Byte &rArr; MPU_IIC_NAck
</UL>
<BR>[Calls]<UL><LI><a href="#[67]">&gt;&gt;</a>&nbsp;&nbsp;&nbsp;MPU_Read_Len
</UL>
<BR>[Called By]<UL><LI><a href="#[46]">&gt;&gt;</a>&nbsp;&nbsp;&nbsp;main
</UL>

<P><STRONG><a name="[68]"></a>MPU_IIC_Ack</STRONG> (Thumb, 72 bytes, Stack size 16 bytes, mpuiic.o(i.MPU_IIC_Ack))
<BR><BR>[Stack]<UL><LI>Max Depth = 16<LI>Call Chain = MPU_IIC_Ack
</UL>
<BR>[Calls]<UL><LI><a href="#[65]">&gt;&gt;</a>&nbsp;&nbsp;&nbsp;GPIO_WriteOutBits
<LI><a href="#[5e]">&gt;&gt;</a>&nbsp;&nbsp;&nbsp;GPIO_DirectionConfig
<LI><a href="#[69]">&gt;&gt;</a>&nbsp;&nbsp;&nbsp;MPU_IIC_Delay
</UL>
<BR>[Called By]<UL><LI><a href="#[6c]">&gt;&gt;</a>&nbsp;&nbsp;&nbsp;MPU_IIC_Read_Byte
</UL>

<P><STRONG><a name="[69]"></a>MPU_IIC_Delay</STRONG> (Thumb, 20 bytes, Stack size 0 bytes, mpuiic.o(i.MPU_IIC_Delay))
<BR><BR>[Called By]<UL><LI><a href="#[6b]">&gt;&gt;</a>&nbsp;&nbsp;&nbsp;MPU_IIC_NAck
<LI><a href="#[68]">&gt;&gt;</a>&nbsp;&nbsp;&nbsp;MPU_IIC_Ack
<LI><a href="#[70]">&gt;&gt;</a>&nbsp;&nbsp;&nbsp;MPU_IIC_Wait_Ack
<LI><a href="#[6f]">&gt;&gt;</a>&nbsp;&nbsp;&nbsp;MPU_IIC_Stop
<LI><a href="#[6e]">&gt;&gt;</a>&nbsp;&nbsp;&nbsp;MPU_IIC_Start
<LI><a href="#[6d]">&gt;&gt;</a>&nbsp;&nbsp;&nbsp;MPU_IIC_Send_Byte
<LI><a href="#[6c]">&gt;&gt;</a>&nbsp;&nbsp;&nbsp;MPU_IIC_Read_Byte
</UL>

<P><STRONG><a name="[6a]"></a>MPU_IIC_Init</STRONG> (Thumb, 66 bytes, Stack size 16 bytes, mpuiic.o(i.MPU_IIC_Init))
<BR><BR>[Stack]<UL><LI>Max Depth = 36<LI>Call Chain = MPU_IIC_Init &rArr; CKCU_PeripClockConfig
</UL>
<BR>[Calls]<UL><LI><a href="#[5c]">&gt;&gt;</a>&nbsp;&nbsp;&nbsp;CKCU_PeripClockConfig
<LI><a href="#[65]">&gt;&gt;</a>&nbsp;&nbsp;&nbsp;GPIO_WriteOutBits
<LI><a href="#[5e]">&gt;&gt;</a>&nbsp;&nbsp;&nbsp;GPIO_DirectionConfig
</UL>
<BR>[Called By]<UL><LI><a href="#[71]">&gt;&gt;</a>&nbsp;&nbsp;&nbsp;MPU_Init
</UL>

<P><STRONG><a name="[6b]"></a>MPU_IIC_NAck</STRONG> (Thumb, 72 bytes, Stack size 16 bytes, mpuiic.o(i.MPU_IIC_NAck))
<BR><BR>[Stack]<UL><LI>Max Depth = 16<LI>Call Chain = MPU_IIC_NAck
</UL>
<BR>[Calls]<UL><LI><a href="#[65]">&gt;&gt;</a>&nbsp;&nbsp;&nbsp;GPIO_WriteOutBits
<LI><a href="#[5e]">&gt;&gt;</a>&nbsp;&nbsp;&nbsp;GPIO_DirectionConfig
<LI><a href="#[69]">&gt;&gt;</a>&nbsp;&nbsp;&nbsp;MPU_IIC_Delay
</UL>
<BR>[Called By]<UL><LI><a href="#[6c]">&gt;&gt;</a>&nbsp;&nbsp;&nbsp;MPU_IIC_Read_Byte
</UL>

<P><STRONG><a name="[6c]"></a>MPU_IIC_Read_Byte</STRONG> (Thumb, 116 bytes, Stack size 32 bytes, mpuiic.o(i.MPU_IIC_Read_Byte))
<BR><BR>[Stack]<UL><LI>Max Depth = 48<LI>Call Chain = MPU_IIC_Read_Byte &rArr; MPU_IIC_NAck
</UL>
<BR>[Calls]<UL><LI><a href="#[65]">&gt;&gt;</a>&nbsp;&nbsp;&nbsp;GPIO_WriteOutBits
<LI><a href="#[62]">&gt;&gt;</a>&nbsp;&nbsp;&nbsp;GPIO_ReadInBit
<LI><a href="#[60]">&gt;&gt;</a>&nbsp;&nbsp;&nbsp;GPIO_InputConfig
<LI><a href="#[5e]">&gt;&gt;</a>&nbsp;&nbsp;&nbsp;GPIO_DirectionConfig
<LI><a href="#[6b]">&gt;&gt;</a>&nbsp;&nbsp;&nbsp;MPU_IIC_NAck
<LI><a href="#[69]">&gt;&gt;</a>&nbsp;&nbsp;&nbsp;MPU_IIC_Delay
<LI><a href="#[68]">&gt;&gt;</a>&nbsp;&nbsp;&nbsp;MPU_IIC_Ack
</UL>
<BR>[Called By]<UL><LI><a href="#[67]">&gt;&gt;</a>&nbsp;&nbsp;&nbsp;MPU_Read_Len
<LI><a href="#[76]">&gt;&gt;</a>&nbsp;&nbsp;&nbsp;MPU_Read_Byte
</UL>

<P><STRONG><a name="[6d]"></a>MPU_IIC_Send_Byte</STRONG> (Thumb, 94 bytes, Stack size 32 bytes, mpuiic.o(i.MPU_IIC_Send_Byte))
<BR><BR>[Stack]<UL><LI>Max Depth = 32<LI>Call Chain = MPU_IIC_Send_Byte
</UL>
<BR>[Calls]<UL><LI><a href="#[65]">&gt;&gt;</a>&nbsp;&nbsp;&nbsp;GPIO_WriteOutBits
<LI><a href="#[5e]">&gt;&gt;</a>&nbsp;&nbsp;&nbsp;GPIO_DirectionConfig
<LI><a href="#[69]">&gt;&gt;</a>&nbsp;&nbsp;&nbsp;MPU_IIC_Delay
</UL>
<BR>[Called By]<UL><LI><a href="#[72]">&gt;&gt;</a>&nbsp;&nbsp;&nbsp;MPU_Write_Byte
<LI><a href="#[67]">&gt;&gt;</a>&nbsp;&nbsp;&nbsp;MPU_Read_Len
<LI><a href="#[76]">&gt;&gt;</a>&nbsp;&nbsp;&nbsp;MPU_Read_Byte
</UL>

<P><STRONG><a name="[6e]"></a>MPU_IIC_Start</STRONG> (Thumb, 70 bytes, Stack size 16 bytes, mpuiic.o(i.MPU_IIC_Start))
<BR><BR>[Stack]<UL><LI>Max Depth = 16<LI>Call Chain = MPU_IIC_Start
</UL>
<BR>[Calls]<UL><LI><a href="#[65]">&gt;&gt;</a>&nbsp;&nbsp;&nbsp;GPIO_WriteOutBits
<LI><a href="#[5e]">&gt;&gt;</a>&nbsp;&nbsp;&nbsp;GPIO_DirectionConfig
<LI><a href="#[69]">&gt;&gt;</a>&nbsp;&nbsp;&nbsp;MPU_IIC_Delay
</UL>
<BR>[Called By]<UL><LI><a href="#[72]">&gt;&gt;</a>&nbsp;&nbsp;&nbsp;MPU_Write_Byte
<LI><a href="#[67]">&gt;&gt;</a>&nbsp;&nbsp;&nbsp;MPU_Read_Len
<LI><a href="#[76]">&gt;&gt;</a>&nbsp;&nbsp;&nbsp;MPU_Read_Byte
</UL>

<P><STRONG><a name="[6f]"></a>MPU_IIC_Stop</STRONG> (Thumb, 70 bytes, Stack size 16 bytes, mpuiic.o(i.MPU_IIC_Stop))
<BR><BR>[Stack]<UL><LI>Max Depth = 16<LI>Call Chain = MPU_IIC_Stop
</UL>
<BR>[Calls]<UL><LI><a href="#[65]">&gt;&gt;</a>&nbsp;&nbsp;&nbsp;GPIO_WriteOutBits
<LI><a href="#[5e]">&gt;&gt;</a>&nbsp;&nbsp;&nbsp;GPIO_DirectionConfig
<LI><a href="#[69]">&gt;&gt;</a>&nbsp;&nbsp;&nbsp;MPU_IIC_Delay
</UL>
<BR>[Called By]<UL><LI><a href="#[70]">&gt;&gt;</a>&nbsp;&nbsp;&nbsp;MPU_IIC_Wait_Ack
<LI><a href="#[72]">&gt;&gt;</a>&nbsp;&nbsp;&nbsp;MPU_Write_Byte
<LI><a href="#[67]">&gt;&gt;</a>&nbsp;&nbsp;&nbsp;MPU_Read_Len
<LI><a href="#[76]">&gt;&gt;</a>&nbsp;&nbsp;&nbsp;MPU_Read_Byte
</UL>

<P><STRONG><a name="[70]"></a>MPU_IIC_Wait_Ack</STRONG> (Thumb, 108 bytes, Stack size 24 bytes, mpuiic.o(i.MPU_IIC_Wait_Ack))
<BR><BR>[Stack]<UL><LI>Max Depth = 40<LI>Call Chain = MPU_IIC_Wait_Ack &rArr; MPU_IIC_Stop
</UL>
<BR>[Calls]<UL><LI><a href="#[65]">&gt;&gt;</a>&nbsp;&nbsp;&nbsp;GPIO_WriteOutBits
<LI><a href="#[62]">&gt;&gt;</a>&nbsp;&nbsp;&nbsp;GPIO_ReadInBit
<LI><a href="#[60]">&gt;&gt;</a>&nbsp;&nbsp;&nbsp;GPIO_InputConfig
<LI><a href="#[5e]">&gt;&gt;</a>&nbsp;&nbsp;&nbsp;GPIO_DirectionConfig
<LI><a href="#[69]">&gt;&gt;</a>&nbsp;&nbsp;&nbsp;MPU_IIC_Delay
<LI><a href="#[6f]">&gt;&gt;</a>&nbsp;&nbsp;&nbsp;MPU_IIC_Stop
</UL>
<BR>[Called By]<UL><LI><a href="#[72]">&gt;&gt;</a>&nbsp;&nbsp;&nbsp;MPU_Write_Byte
<LI><a href="#[67]">&gt;&gt;</a>&nbsp;&nbsp;&nbsp;MPU_Read_Len
<LI><a href="#[76]">&gt;&gt;</a>&nbsp;&nbsp;&nbsp;MPU_Read_Byte
</UL>

<P><STRONG><a name="[71]"></a>MPU_Init</STRONG> (Thumb, 118 bytes, Stack size 8 bytes, mpu6050.o(i.MPU_Init))
<BR><BR>[Stack]<UL><LI>Max Depth = 72<LI>Call Chain = MPU_Init &rArr; MPU_Set_Rate &rArr; MPU_Write_Byte &rArr; MPU_IIC_Wait_Ack &rArr; MPU_IIC_Stop
</UL>
<BR>[Calls]<UL><LI><a href="#[63]">&gt;&gt;</a>&nbsp;&nbsp;&nbsp;delay_ms
<LI><a href="#[6a]">&gt;&gt;</a>&nbsp;&nbsp;&nbsp;MPU_IIC_Init
<LI><a href="#[72]">&gt;&gt;</a>&nbsp;&nbsp;&nbsp;MPU_Write_Byte
<LI><a href="#[75]">&gt;&gt;</a>&nbsp;&nbsp;&nbsp;MPU_Set_Rate
<LI><a href="#[73]">&gt;&gt;</a>&nbsp;&nbsp;&nbsp;MPU_Set_Gyro_Fsr
<LI><a href="#[74]">&gt;&gt;</a>&nbsp;&nbsp;&nbsp;MPU_Set_Accel_Fsr
<LI><a href="#[76]">&gt;&gt;</a>&nbsp;&nbsp;&nbsp;MPU_Read_Byte
</UL>
<BR>[Called By]<UL><LI><a href="#[46]">&gt;&gt;</a>&nbsp;&nbsp;&nbsp;main
</UL>

<P><STRONG><a name="[76]"></a>MPU_Read_Byte</STRONG> (Thumb, 58 bytes, Stack size 8 bytes, mpu6050.o(i.MPU_Read_Byte))
<BR><BR>[Stack]<UL><LI>Max Depth = 56<LI>Call Chain = MPU_Read_Byte &rArr; MPU_IIC_Read_Byte &rArr; MPU_IIC_NAck
</UL>
<BR>[Calls]<UL><LI><a href="#[70]">&gt;&gt;</a>&nbsp;&nbsp;&nbsp;MPU_IIC_Wait_Ack
<LI><a href="#[6f]">&gt;&gt;</a>&nbsp;&nbsp;&nbsp;MPU_IIC_Stop
<LI><a href="#[6e]">&gt;&gt;</a>&nbsp;&nbsp;&nbsp;MPU_IIC_Start
<LI><a href="#[6d]">&gt;&gt;</a>&nbsp;&nbsp;&nbsp;MPU_IIC_Send_Byte
<LI><a href="#[6c]">&gt;&gt;</a>&nbsp;&nbsp;&nbsp;MPU_IIC_Read_Byte
</UL>
<BR>[Called By]<UL><LI><a href="#[71]">&gt;&gt;</a>&nbsp;&nbsp;&nbsp;MPU_Init
</UL>

<P><STRONG><a name="[67]"></a>MPU_Read_Len</STRONG> (Thumb, 106 bytes, Stack size 24 bytes, mpu6050.o(i.MPU_Read_Len))
<BR><BR>[Stack]<UL><LI>Max Depth = 72<LI>Call Chain = MPU_Read_Len &rArr; MPU_IIC_Read_Byte &rArr; MPU_IIC_NAck
</UL>
<BR>[Calls]<UL><LI><a href="#[70]">&gt;&gt;</a>&nbsp;&nbsp;&nbsp;MPU_IIC_Wait_Ack
<LI><a href="#[6f]">&gt;&gt;</a>&nbsp;&nbsp;&nbsp;MPU_IIC_Stop
<LI><a href="#[6e]">&gt;&gt;</a>&nbsp;&nbsp;&nbsp;MPU_IIC_Start
<LI><a href="#[6d]">&gt;&gt;</a>&nbsp;&nbsp;&nbsp;MPU_IIC_Send_Byte
<LI><a href="#[6c]">&gt;&gt;</a>&nbsp;&nbsp;&nbsp;MPU_IIC_Read_Byte
</UL>
<BR>[Called By]<UL><LI><a href="#[66]">&gt;&gt;</a>&nbsp;&nbsp;&nbsp;MPU_Get_Gyroscope
</UL>

<P><STRONG><a name="[74]"></a>MPU_Set_Accel_Fsr</STRONG> (Thumb, 10 bytes, Stack size 0 bytes, mpu6050.o(i.MPU_Set_Accel_Fsr))
<BR><BR>[Stack]<UL><LI>Max Depth = 56<LI>Call Chain = MPU_Set_Accel_Fsr &rArr; MPU_Write_Byte &rArr; MPU_IIC_Wait_Ack &rArr; MPU_IIC_Stop
</UL>
<BR>[Calls]<UL><LI><a href="#[72]">&gt;&gt;</a>&nbsp;&nbsp;&nbsp;MPU_Write_Byte
</UL>
<BR>[Called By]<UL><LI><a href="#[71]">&gt;&gt;</a>&nbsp;&nbsp;&nbsp;MPU_Init
</UL>

<P><STRONG><a name="[73]"></a>MPU_Set_Gyro_Fsr</STRONG> (Thumb, 10 bytes, Stack size 0 bytes, mpu6050.o(i.MPU_Set_Gyro_Fsr))
<BR><BR>[Stack]<UL><LI>Max Depth = 56<LI>Call Chain = MPU_Set_Gyro_Fsr &rArr; MPU_Write_Byte &rArr; MPU_IIC_Wait_Ack &rArr; MPU_IIC_Stop
</UL>
<BR>[Calls]<UL><LI><a href="#[72]">&gt;&gt;</a>&nbsp;&nbsp;&nbsp;MPU_Write_Byte
</UL>
<BR>[Called By]<UL><LI><a href="#[71]">&gt;&gt;</a>&nbsp;&nbsp;&nbsp;MPU_Init
</UL>

<P><STRONG><a name="[77]"></a>MPU_Set_LPF</STRONG> (Thumb, 48 bytes, Stack size 0 bytes, mpu6050.o(i.MPU_Set_LPF))
<BR><BR>[Stack]<UL><LI>Max Depth = 56<LI>Call Chain = MPU_Set_LPF &rArr; MPU_Write_Byte &rArr; MPU_IIC_Wait_Ack &rArr; MPU_IIC_Stop
</UL>
<BR>[Calls]<UL><LI><a href="#[72]">&gt;&gt;</a>&nbsp;&nbsp;&nbsp;MPU_Write_Byte
</UL>
<BR>[Called By]<UL><LI><a href="#[75]">&gt;&gt;</a>&nbsp;&nbsp;&nbsp;MPU_Set_Rate
</UL>

<P><STRONG><a name="[75]"></a>MPU_Set_Rate</STRONG> (Thumb, 46 bytes, Stack size 8 bytes, mpu6050.o(i.MPU_Set_Rate))
<BR><BR>[Stack]<UL><LI>Max Depth = 64<LI>Call Chain = MPU_Set_Rate &rArr; MPU_Write_Byte &rArr; MPU_IIC_Wait_Ack &rArr; MPU_IIC_Stop
</UL>
<BR>[Calls]<UL><LI><a href="#[72]">&gt;&gt;</a>&nbsp;&nbsp;&nbsp;MPU_Write_Byte
<LI><a href="#[77]">&gt;&gt;</a>&nbsp;&nbsp;&nbsp;MPU_Set_LPF
</UL>
<BR>[Called By]<UL><LI><a href="#[71]">&gt;&gt;</a>&nbsp;&nbsp;&nbsp;MPU_Init
</UL>

<P><STRONG><a name="[72]"></a>MPU_Write_Byte</STRONG> (Thumb, 60 bytes, Stack size 16 bytes, mpu6050.o(i.MPU_Write_Byte))
<BR><BR>[Stack]<UL><LI>Max Depth = 56<LI>Call Chain = MPU_Write_Byte &rArr; MPU_IIC_Wait_Ack &rArr; MPU_IIC_Stop
</UL>
<BR>[Calls]<UL><LI><a href="#[70]">&gt;&gt;</a>&nbsp;&nbsp;&nbsp;MPU_IIC_Wait_Ack
<LI><a href="#[6f]">&gt;&gt;</a>&nbsp;&nbsp;&nbsp;MPU_IIC_Stop
<LI><a href="#[6e]">&gt;&gt;</a>&nbsp;&nbsp;&nbsp;MPU_IIC_Start
<LI><a href="#[6d]">&gt;&gt;</a>&nbsp;&nbsp;&nbsp;MPU_IIC_Send_Byte
</UL>
<BR>[Called By]<UL><LI><a href="#[71]">&gt;&gt;</a>&nbsp;&nbsp;&nbsp;MPU_Init
<LI><a href="#[75]">&gt;&gt;</a>&nbsp;&nbsp;&nbsp;MPU_Set_Rate
<LI><a href="#[77]">&gt;&gt;</a>&nbsp;&nbsp;&nbsp;MPU_Set_LPF
<LI><a href="#[73]">&gt;&gt;</a>&nbsp;&nbsp;&nbsp;MPU_Set_Gyro_Fsr
<LI><a href="#[74]">&gt;&gt;</a>&nbsp;&nbsp;&nbsp;MPU_Set_Accel_Fsr
</UL>

<P><STRONG><a name="[3]"></a>MemManage_Handler</STRONG> (Thumb, 2 bytes, Stack size 0 bytes, ht32f1xxxx_01_it.o(i.MemManage_Handler))
<BR><BR>[Calls]<UL><LI><a href="#[3]">&gt;&gt;</a>&nbsp;&nbsp;&nbsp;MemManage_Handler
</UL>
<BR>[Called By]<UL><LI><a href="#[3]">&gt;&gt;</a>&nbsp;&nbsp;&nbsp;MemManage_Handler
</UL>
<BR>[Address Reference Count : 1]<UL><LI> startup_ht32f1xxxx_01.o(RESET)
</UL>
<P><STRONG><a name="[1]"></a>NMI_Handler</STRONG> (Thumb, 2 bytes, Stack size 0 bytes, ht32f1xxxx_01_it.o(i.NMI_Handler))
<BR>[Address Reference Count : 1]<UL><LI> startup_ht32f1xxxx_01.o(RESET)
</UL>
<P><STRONG><a name="[78]"></a>NRF24L01_Check</STRONG> (Thumb, 62 bytes, Stack size 16 bytes, nrf24l01.o(i.NRF24L01_Check))
<BR><BR>[Stack]<UL><LI>Max Depth = 56<LI>Call Chain = NRF24L01_Check &rArr; NRF24L01_Write_Buf &rArr; SPI0_ReadWriteByte
</UL>
<BR>[Calls]<UL><LI><a href="#[79]">&gt;&gt;</a>&nbsp;&nbsp;&nbsp;NRF24L01_Write_Buf
<LI><a href="#[7a]">&gt;&gt;</a>&nbsp;&nbsp;&nbsp;NRF24L01_Read_Buf
</UL>
<BR>[Called By]<UL><LI><a href="#[46]">&gt;&gt;</a>&nbsp;&nbsp;&nbsp;main
</UL>

<P><STRONG><a name="[7b]"></a>NRF24L01_IRQ</STRONG> (Thumb, 32 bytes, Stack size 8 bytes, nrf24l01.o(i.NRF24L01_IRQ))
<BR><BR>[Stack]<UL><LI>Max Depth = 8<LI>Call Chain = NRF24L01_IRQ
</UL>
<BR>[Calls]<UL><LI><a href="#[62]">&gt;&gt;</a>&nbsp;&nbsp;&nbsp;GPIO_ReadInBit
</UL>
<BR>[Called By]<UL><LI><a href="#[82]">&gt;&gt;</a>&nbsp;&nbsp;&nbsp;NRF24L01_TxPacket
</UL>

<P><STRONG><a name="[7c]"></a>NRF24L01_Init</STRONG> (Thumb, 76 bytes, Stack size 8 bytes, nrf24l01.o(i.NRF24L01_Init))
<BR><BR>[Stack]<UL><LI>Max Depth = 104<LI>Call Chain = NRF24L01_Init &rArr; SPI0_Init &rArr; AFIO_GPxConfig
</UL>
<BR>[Calls]<UL><LI><a href="#[5c]">&gt;&gt;</a>&nbsp;&nbsp;&nbsp;CKCU_PeripClockConfig
<LI><a href="#[65]">&gt;&gt;</a>&nbsp;&nbsp;&nbsp;GPIO_WriteOutBits
<LI><a href="#[5e]">&gt;&gt;</a>&nbsp;&nbsp;&nbsp;GPIO_DirectionConfig
<LI><a href="#[7d]">&gt;&gt;</a>&nbsp;&nbsp;&nbsp;SPI0_Init
</UL>
<BR>[Called By]<UL><LI><a href="#[46]">&gt;&gt;</a>&nbsp;&nbsp;&nbsp;main
</UL>

<P><STRONG><a name="[7a]"></a>NRF24L01_Read_Buf</STRONG> (Thumb, 68 bytes, Stack size 24 bytes, nrf24l01.o(i.NRF24L01_Read_Buf))
<BR><BR>[Stack]<UL><LI>Max Depth = 40<LI>Call Chain = NRF24L01_Read_Buf &rArr; SPI0_ReadWriteByte
</UL>
<BR>[Calls]<UL><LI><a href="#[65]">&gt;&gt;</a>&nbsp;&nbsp;&nbsp;GPIO_WriteOutBits
<LI><a href="#[7e]">&gt;&gt;</a>&nbsp;&nbsp;&nbsp;SPI0_ReadWriteByte
</UL>
<BR>[Called By]<UL><LI><a href="#[78]">&gt;&gt;</a>&nbsp;&nbsp;&nbsp;NRF24L01_Check
</UL>

<P><STRONG><a name="[7f]"></a>NRF24L01_Read_Reg</STRONG> (Thumb, 44 bytes, Stack size 16 bytes, nrf24l01.o(i.NRF24L01_Read_Reg))
<BR><BR>[Stack]<UL><LI>Max Depth = 32<LI>Call Chain = NRF24L01_Read_Reg &rArr; SPI0_ReadWriteByte
</UL>
<BR>[Calls]<UL><LI><a href="#[65]">&gt;&gt;</a>&nbsp;&nbsp;&nbsp;GPIO_WriteOutBits
<LI><a href="#[7e]">&gt;&gt;</a>&nbsp;&nbsp;&nbsp;SPI0_ReadWriteByte
</UL>
<BR>[Called By]<UL><LI><a href="#[82]">&gt;&gt;</a>&nbsp;&nbsp;&nbsp;NRF24L01_TxPacket
</UL>

<P><STRONG><a name="[80]"></a>NRF24L01_TX_Mode</STRONG> (Thumb, 98 bytes, Stack size 8 bytes, nrf24l01.o(i.NRF24L01_TX_Mode))
<BR><BR>[Stack]<UL><LI>Max Depth = 48<LI>Call Chain = NRF24L01_TX_Mode &rArr; NRF24L01_Write_Buf &rArr; SPI0_ReadWriteByte
</UL>
<BR>[Calls]<UL><LI><a href="#[65]">&gt;&gt;</a>&nbsp;&nbsp;&nbsp;GPIO_WriteOutBits
<LI><a href="#[81]">&gt;&gt;</a>&nbsp;&nbsp;&nbsp;NRF24L01_Write_Reg
<LI><a href="#[79]">&gt;&gt;</a>&nbsp;&nbsp;&nbsp;NRF24L01_Write_Buf
</UL>
<BR>[Called By]<UL><LI><a href="#[46]">&gt;&gt;</a>&nbsp;&nbsp;&nbsp;main
</UL>

<P><STRONG><a name="[82]"></a>NRF24L01_TxPacket</STRONG> (Thumb, 88 bytes, Stack size 16 bytes, nrf24l01.o(i.NRF24L01_TxPacket))
<BR><BR>[Stack]<UL><LI>Max Depth = 56<LI>Call Chain = NRF24L01_TxPacket &rArr; NRF24L01_Write_Buf &rArr; SPI0_ReadWriteByte
</UL>
<BR>[Calls]<UL><LI><a href="#[65]">&gt;&gt;</a>&nbsp;&nbsp;&nbsp;GPIO_WriteOutBits
<LI><a href="#[81]">&gt;&gt;</a>&nbsp;&nbsp;&nbsp;NRF24L01_Write_Reg
<LI><a href="#[79]">&gt;&gt;</a>&nbsp;&nbsp;&nbsp;NRF24L01_Write_Buf
<LI><a href="#[7f]">&gt;&gt;</a>&nbsp;&nbsp;&nbsp;NRF24L01_Read_Reg
<LI><a href="#[7b]">&gt;&gt;</a>&nbsp;&nbsp;&nbsp;NRF24L01_IRQ
</UL>
<BR>[Called By]<UL><LI><a href="#[46]">&gt;&gt;</a>&nbsp;&nbsp;&nbsp;main
</UL>

<P><STRONG><a name="[79]"></a>NRF24L01_Write_Buf</STRONG> (Thumb, 68 bytes, Stack size 24 bytes, nrf24l01.o(i.NRF24L01_Write_Buf))
<BR><BR>[Stack]<UL><LI>Max Depth = 40<LI>Call Chain = NRF24L01_Write_Buf &rArr; SPI0_ReadWriteByte
</UL>
<BR>[Calls]<UL><LI><a href="#[65]">&gt;&gt;</a>&nbsp;&nbsp;&nbsp;GPIO_WriteOutBits
<LI><a href="#[7e]">&gt;&gt;</a>&nbsp;&nbsp;&nbsp;SPI0_ReadWriteByte
</UL>
<BR>[Called By]<UL><LI><a href="#[82]">&gt;&gt;</a>&nbsp;&nbsp;&nbsp;NRF24L01_TxPacket
<LI><a href="#[80]">&gt;&gt;</a>&nbsp;&nbsp;&nbsp;NRF24L01_TX_Mode
<LI><a href="#[78]">&gt;&gt;</a>&nbsp;&nbsp;&nbsp;NRF24L01_Check
</UL>

<P><STRONG><a name="[81]"></a>NRF24L01_Write_Reg</STRONG> (Thumb, 46 bytes, Stack size 16 bytes, nrf24l01.o(i.NRF24L01_Write_Reg))
<BR><BR>[Stack]<UL><LI>Max Depth = 32<LI>Call Chain = NRF24L01_Write_Reg &rArr; SPI0_ReadWriteByte
</UL>
<BR>[Calls]<UL><LI><a href="#[65]">&gt;&gt;</a>&nbsp;&nbsp;&nbsp;GPIO_WriteOutBits
<LI><a href="#[7e]">&gt;&gt;</a>&nbsp;&nbsp;&nbsp;SPI0_ReadWriteByte
</UL>
<BR>[Called By]<UL><LI><a href="#[82]">&gt;&gt;</a>&nbsp;&nbsp;&nbsp;NRF24L01_TxPacket
<LI><a href="#[80]">&gt;&gt;</a>&nbsp;&nbsp;&nbsp;NRF24L01_TX_Mode
</UL>

<P><STRONG><a name="[8]"></a>PendSV_Handler</STRONG> (Thumb, 2 bytes, Stack size 0 bytes, ht32f1xxxx_01_it.o(i.PendSV_Handler))
<BR>[Address Reference Count : 1]<UL><LI> startup_ht32f1xxxx_01.o(RESET)
</UL>
<P><STRONG><a name="[83]"></a>SERIAL_PutChar</STRONG> (Thumb, 32 bytes, Stack size 16 bytes, ht32_serial.o(i.SERIAL_PutChar))
<BR><BR>[Stack]<UL><LI>Max Depth = 16<LI>Call Chain = SERIAL_PutChar
</UL>
<BR>[Calls]<UL><LI><a href="#[85]">&gt;&gt;</a>&nbsp;&nbsp;&nbsp;USART_GetFlagStatus
<LI><a href="#[84]">&gt;&gt;</a>&nbsp;&nbsp;&nbsp;USART_SendData
</UL>
<BR>[Called By]<UL><LI><a href="#[47]">&gt;&gt;</a>&nbsp;&nbsp;&nbsp;fputc
</UL>

<P><STRONG><a name="[7d]"></a>SPI0_Init</STRONG> (Thumb, 136 bytes, Stack size 64 bytes, spi.o(i.SPI0_Init))
<BR><BR>[Stack]<UL><LI>Max Depth = 96<LI>Call Chain = SPI0_Init &rArr; AFIO_GPxConfig
</UL>
<BR>[Calls]<UL><LI><a href="#[5c]">&gt;&gt;</a>&nbsp;&nbsp;&nbsp;CKCU_PeripClockConfig
<LI><a href="#[86]">&gt;&gt;</a>&nbsp;&nbsp;&nbsp;GPIO_SetOutBits
<LI><a href="#[5e]">&gt;&gt;</a>&nbsp;&nbsp;&nbsp;GPIO_DirectionConfig
<LI><a href="#[5d]">&gt;&gt;</a>&nbsp;&nbsp;&nbsp;AFIO_GPxConfig
<LI><a href="#[88]">&gt;&gt;</a>&nbsp;&nbsp;&nbsp;SPI_SELOutputCmd
<LI><a href="#[87]">&gt;&gt;</a>&nbsp;&nbsp;&nbsp;SPI_Init
<LI><a href="#[89]">&gt;&gt;</a>&nbsp;&nbsp;&nbsp;SPI_Cmd
<LI><a href="#[7e]">&gt;&gt;</a>&nbsp;&nbsp;&nbsp;SPI0_ReadWriteByte
</UL>
<BR>[Called By]<UL><LI><a href="#[7c]">&gt;&gt;</a>&nbsp;&nbsp;&nbsp;NRF24L01_Init
</UL>

<P><STRONG><a name="[7e]"></a>SPI0_ReadWriteByte</STRONG> (Thumb, 78 bytes, Stack size 16 bytes, spi.o(i.SPI0_ReadWriteByte))
<BR><BR>[Stack]<UL><LI>Max Depth = 16<LI>Call Chain = SPI0_ReadWriteByte
</UL>
<BR>[Calls]<UL><LI><a href="#[8b]">&gt;&gt;</a>&nbsp;&nbsp;&nbsp;SPI_SendData
<LI><a href="#[8c]">&gt;&gt;</a>&nbsp;&nbsp;&nbsp;SPI_ReceiveData
<LI><a href="#[8a]">&gt;&gt;</a>&nbsp;&nbsp;&nbsp;SPI_GetFlagStatus
</UL>
<BR>[Called By]<UL><LI><a href="#[7d]">&gt;&gt;</a>&nbsp;&nbsp;&nbsp;SPI0_Init
<LI><a href="#[81]">&gt;&gt;</a>&nbsp;&nbsp;&nbsp;NRF24L01_Write_Reg
<LI><a href="#[79]">&gt;&gt;</a>&nbsp;&nbsp;&nbsp;NRF24L01_Write_Buf
<LI><a href="#[7f]">&gt;&gt;</a>&nbsp;&nbsp;&nbsp;NRF24L01_Read_Reg
<LI><a href="#[7a]">&gt;&gt;</a>&nbsp;&nbsp;&nbsp;NRF24L01_Read_Buf
</UL>

<P><STRONG><a name="[89]"></a>SPI_Cmd</STRONG> (Thumb, 20 bytes, Stack size 0 bytes, ht32f1xxxx_spi.o(i.SPI_Cmd))
<BR><BR>[Called By]<UL><LI><a href="#[7d]">&gt;&gt;</a>&nbsp;&nbsp;&nbsp;SPI0_Init
</UL>

<P><STRONG><a name="[8a]"></a>SPI_GetFlagStatus</STRONG> (Thumb, 14 bytes, Stack size 0 bytes, ht32f1xxxx_spi.o(i.SPI_GetFlagStatus))
<BR><BR>[Called By]<UL><LI><a href="#[7e]">&gt;&gt;</a>&nbsp;&nbsp;&nbsp;SPI0_ReadWriteByte
</UL>

<P><STRONG><a name="[87]"></a>SPI_Init</STRONG> (Thumb, 74 bytes, Stack size 12 bytes, ht32f1xxxx_spi.o(i.SPI_Init))
<BR><BR>[Stack]<UL><LI>Max Depth = 12<LI>Call Chain = SPI_Init
</UL>
<BR>[Called By]<UL><LI><a href="#[7d]">&gt;&gt;</a>&nbsp;&nbsp;&nbsp;SPI0_Init
</UL>

<P><STRONG><a name="[8c]"></a>SPI_ReceiveData</STRONG> (Thumb, 6 bytes, Stack size 0 bytes, ht32f1xxxx_spi.o(i.SPI_ReceiveData))
<BR><BR>[Called By]<UL><LI><a href="#[7e]">&gt;&gt;</a>&nbsp;&nbsp;&nbsp;SPI0_ReadWriteByte
</UL>

<P><STRONG><a name="[88]"></a>SPI_SELOutputCmd</STRONG> (Thumb, 20 bytes, Stack size 0 bytes, ht32f1xxxx_spi.o(i.SPI_SELOutputCmd))
<BR><BR>[Called By]<UL><LI><a href="#[7d]">&gt;&gt;</a>&nbsp;&nbsp;&nbsp;SPI0_Init
</UL>

<P><STRONG><a name="[8b]"></a>SPI_SendData</STRONG> (Thumb, 4 bytes, Stack size 0 bytes, ht32f1xxxx_spi.o(i.SPI_SendData))
<BR><BR>[Called By]<UL><LI><a href="#[7e]">&gt;&gt;</a>&nbsp;&nbsp;&nbsp;SPI0_ReadWriteByte
</UL>

<P><STRONG><a name="[6]"></a>SVC_Handler</STRONG> (Thumb, 2 bytes, Stack size 0 bytes, ht32f1xxxx_01_it.o(i.SVC_Handler))
<BR>[Address Reference Count : 1]<UL><LI> startup_ht32f1xxxx_01.o(RESET)
</UL>
<P><STRONG><a name="[9]"></a>SysTick_Handler</STRONG> (Thumb, 2 bytes, Stack size 0 bytes, ht32f1xxxx_01_it.o(i.SysTick_Handler))
<BR>[Address Reference Count : 1]<UL><LI> startup_ht32f1xxxx_01.o(RESET)
</UL>
<P><STRONG><a name="[44]"></a>SystemInit</STRONG> (Thumb, 174 bytes, Stack size 16 bytes, system_ht32f1xxxx_01.o(i.SystemInit))
<BR><BR>[Stack]<UL><LI>Max Depth = 16<LI>Call Chain = SystemInit
</UL>
<BR>[Address Reference Count : 1]<UL><LI> startup_ht32f1xxxx_01.o(RESET)
</UL>
<P><STRONG><a name="[85]"></a>USART_GetFlagStatus</STRONG> (Thumb, 28 bytes, Stack size 0 bytes, ht32f1xxxx_usart.o(i.USART_GetFlagStatus))
<BR><BR>[Called By]<UL><LI><a href="#[83]">&gt;&gt;</a>&nbsp;&nbsp;&nbsp;SERIAL_PutChar
</UL>

<P><STRONG><a name="[8d]"></a>USART_Init</STRONG> (Thumb, 90 bytes, Stack size 16 bytes, ht32f1xxxx_usart.o(i.USART_Init))
<BR><BR>[Stack]<UL><LI>Max Depth = 56<LI>Call Chain = USART_Init &rArr; CKCU_GetPeripFrequency &rArr; CKCU_GetClocksFrequency
</UL>
<BR>[Calls]<UL><LI><a href="#[5a]">&gt;&gt;</a>&nbsp;&nbsp;&nbsp;CKCU_GetPeripFrequency
</UL>
<BR>[Called By]<UL><LI><a href="#[93]">&gt;&gt;</a>&nbsp;&nbsp;&nbsp;usart0_Init
</UL>

<P><STRONG><a name="[84]"></a>USART_SendData</STRONG> (Thumb, 4 bytes, Stack size 0 bytes, ht32f1xxxx_usart.o(i.USART_SendData))
<BR><BR>[Called By]<UL><LI><a href="#[83]">&gt;&gt;</a>&nbsp;&nbsp;&nbsp;SERIAL_PutChar
</UL>

<P><STRONG><a name="[97]"></a>USART_TxRxCmd</STRONG> (Thumb, 20 bytes, Stack size 0 bytes, ht32f1xxxx_usart.o(i.USART_TxRxCmd))
<BR><BR>[Called By]<UL><LI><a href="#[93]">&gt;&gt;</a>&nbsp;&nbsp;&nbsp;usart0_Init
</UL>

<P><STRONG><a name="[5]"></a>UsageFault_Handler</STRONG> (Thumb, 2 bytes, Stack size 0 bytes, ht32f1xxxx_01_it.o(i.UsageFault_Handler))
<BR><BR>[Calls]<UL><LI><a href="#[5]">&gt;&gt;</a>&nbsp;&nbsp;&nbsp;UsageFault_Handler
</UL>
<BR>[Called By]<UL><LI><a href="#[5]">&gt;&gt;</a>&nbsp;&nbsp;&nbsp;UsageFault_Handler
</UL>
<BR>[Address Reference Count : 1]<UL><LI> startup_ht32f1xxxx_01.o(RESET)
</UL>
<P><STRONG><a name="[8e]"></a>__0printf$6</STRONG> (Thumb, 22 bytes, Stack size 24 bytes, printf6.o(i.__0printf$6), UNUSED)
<BR><BR>[Calls]<UL><LI><a href="#[8f]">&gt;&gt;</a>&nbsp;&nbsp;&nbsp;_printf_core
</UL>

<P><STRONG><a name="[a3]"></a>__1printf$6</STRONG> (Thumb, 0 bytes, Stack size 24 bytes, printf6.o(i.__0printf$6), UNUSED)

<P><STRONG><a name="[95]"></a>__2printf</STRONG> (Thumb, 0 bytes, Stack size 24 bytes, printf6.o(i.__0printf$6))
<BR><BR>[Stack]<UL><LI>Max Depth = 24<LI>Call Chain = __2printf
</UL>
<BR>[Called By]<UL><LI><a href="#[46]">&gt;&gt;</a>&nbsp;&nbsp;&nbsp;main
</UL>

<P><STRONG><a name="[a4]"></a>__scatterload_copy</STRONG> (Thumb, 14 bytes, Stack size unknown bytes, handlers.o(i.__scatterload_copy), UNUSED)

<P><STRONG><a name="[a5]"></a>__scatterload_null</STRONG> (Thumb, 2 bytes, Stack size unknown bytes, handlers.o(i.__scatterload_null), UNUSED)

<P><STRONG><a name="[a6]"></a>__scatterload_zeroinit</STRONG> (Thumb, 14 bytes, Stack size unknown bytes, handlers.o(i.__scatterload_zeroinit), UNUSED)

<P><STRONG><a name="[94]"></a>delay_init</STRONG> (Thumb, 36 bytes, Stack size 0 bytes, delay.o(i.delay_init))
<BR><BR>[Called By]<UL><LI><a href="#[46]">&gt;&gt;</a>&nbsp;&nbsp;&nbsp;main
</UL>

<P><STRONG><a name="[63]"></a>delay_ms</STRONG> (Thumb, 46 bytes, Stack size 0 bytes, delay.o(i.delay_ms))
<BR><BR>[Called By]<UL><LI><a href="#[71]">&gt;&gt;</a>&nbsp;&nbsp;&nbsp;MPU_Init
<LI><a href="#[61]">&gt;&gt;</a>&nbsp;&nbsp;&nbsp;KEY_Scan
<LI><a href="#[46]">&gt;&gt;</a>&nbsp;&nbsp;&nbsp;main
</UL>

<P><STRONG><a name="[47]"></a>fputc</STRONG> (Thumb, 4 bytes, Stack size 0 bytes, ht32_retarget.o(i.fputc))
<BR><BR>[Stack]<UL><LI>Max Depth = 16<LI>Call Chain = fputc &rArr; SERIAL_PutChar
</UL>
<BR>[Calls]<UL><LI><a href="#[83]">&gt;&gt;</a>&nbsp;&nbsp;&nbsp;SERIAL_PutChar
</UL>
<BR>[Address Reference Count : 1]<UL><LI> printf6.o(i.__0printf$6)
</UL>
<P><STRONG><a name="[46]"></a>main</STRONG> (Thumb, 368 bytes, Stack size 32 bytes, main.o(i.main))
<BR><BR>[Stack]<UL><LI>Max Depth = 136<LI>Call Chain = main &rArr; NRF24L01_Init &rArr; SPI0_Init &rArr; AFIO_GPxConfig
</UL>
<BR>[Calls]<UL><LI><a href="#[93]">&gt;&gt;</a>&nbsp;&nbsp;&nbsp;usart0_Init
<LI><a href="#[63]">&gt;&gt;</a>&nbsp;&nbsp;&nbsp;delay_ms
<LI><a href="#[94]">&gt;&gt;</a>&nbsp;&nbsp;&nbsp;delay_init
<LI><a href="#[52]">&gt;&gt;</a>&nbsp;&nbsp;&nbsp;__aeabi_i2d
<LI><a href="#[96]">&gt;&gt;</a>&nbsp;&nbsp;&nbsp;__aeabi_cdrcmple
<LI><a href="#[82]">&gt;&gt;</a>&nbsp;&nbsp;&nbsp;NRF24L01_TxPacket
<LI><a href="#[80]">&gt;&gt;</a>&nbsp;&nbsp;&nbsp;NRF24L01_TX_Mode
<LI><a href="#[7c]">&gt;&gt;</a>&nbsp;&nbsp;&nbsp;NRF24L01_Init
<LI><a href="#[78]">&gt;&gt;</a>&nbsp;&nbsp;&nbsp;NRF24L01_Check
<LI><a href="#[71]">&gt;&gt;</a>&nbsp;&nbsp;&nbsp;MPU_Init
<LI><a href="#[66]">&gt;&gt;</a>&nbsp;&nbsp;&nbsp;MPU_Get_Gyroscope
<LI><a href="#[64]">&gt;&gt;</a>&nbsp;&nbsp;&nbsp;LED_Init
<LI><a href="#[61]">&gt;&gt;</a>&nbsp;&nbsp;&nbsp;KEY_Scan
<LI><a href="#[5b]">&gt;&gt;</a>&nbsp;&nbsp;&nbsp;KEY_Init
<LI><a href="#[95]">&gt;&gt;</a>&nbsp;&nbsp;&nbsp;__2printf
</UL>
<BR>[Address Reference Count : 1]<UL><LI> entry9a.o(.ARM.Collect$$$$0000000B)
</UL>
<P><STRONG><a name="[93]"></a>usart0_Init</STRONG> (Thumb, 92 bytes, Stack size 24 bytes, usart0.o(i.usart0_Init))
<BR><BR>[Stack]<UL><LI>Max Depth = 80<LI>Call Chain = usart0_Init &rArr; USART_Init &rArr; CKCU_GetPeripFrequency &rArr; CKCU_GetClocksFrequency
</UL>
<BR>[Calls]<UL><LI><a href="#[5c]">&gt;&gt;</a>&nbsp;&nbsp;&nbsp;CKCU_PeripClockConfig
<LI><a href="#[5d]">&gt;&gt;</a>&nbsp;&nbsp;&nbsp;AFIO_GPxConfig
<LI><a href="#[8d]">&gt;&gt;</a>&nbsp;&nbsp;&nbsp;USART_Init
<LI><a href="#[97]">&gt;&gt;</a>&nbsp;&nbsp;&nbsp;USART_TxRxCmd
</UL>
<BR>[Called By]<UL><LI><a href="#[46]">&gt;&gt;</a>&nbsp;&nbsp;&nbsp;main
</UL>
<P>
<H3>
Local Symbols
</H3>
<P><STRONG><a name="[8f]"></a>_printf_core</STRONG> (Thumb, 748 bytes, Stack size 96 bytes, printf6.o(i._printf_core), UNUSED)
<BR><BR>[Calls]<UL><LI><a href="#[91]">&gt;&gt;</a>&nbsp;&nbsp;&nbsp;__aeabi_uidivmod
<LI><a href="#[90]">&gt;&gt;</a>&nbsp;&nbsp;&nbsp;_printf_pre_padding
<LI><a href="#[92]">&gt;&gt;</a>&nbsp;&nbsp;&nbsp;_printf_post_padding
</UL>
<BR>[Called By]<UL><LI><a href="#[8e]">&gt;&gt;</a>&nbsp;&nbsp;&nbsp;__0printf$6
</UL>

<P><STRONG><a name="[92]"></a>_printf_post_padding</STRONG> (Thumb, 36 bytes, Stack size 24 bytes, printf6.o(i._printf_post_padding), UNUSED)
<BR><BR>[Called By]<UL><LI><a href="#[8f]">&gt;&gt;</a>&nbsp;&nbsp;&nbsp;_printf_core
</UL>

<P><STRONG><a name="[90]"></a>_printf_pre_padding</STRONG> (Thumb, 46 bytes, Stack size 24 bytes, printf6.o(i._printf_pre_padding), UNUSED)
<BR><BR>[Called By]<UL><LI><a href="#[8f]">&gt;&gt;</a>&nbsp;&nbsp;&nbsp;_printf_core
</UL>
<P>
<H3>
Undefined Global Symbols
</H3><HR></body></html>
