Component: ARM Compiler 5.05 update 1 (build 106) Tool: armlink [4d0efa]

==============================================================================

Section Cross References

    main.o(i.main) refers to key.o(i.KEY_Init) for KEY_Init
    main.o(i.main) refers to led.o(i.LED_Init) for LED_Init
    main.o(i.main) refers to usart0.o(i.usart0_Init) for usart0_Init
    main.o(i.main) refers to delay.o(i.delay_init) for delay_init
    main.o(i.main) refers to printf6.o(i.__0printf$6) for __2printf
    main.o(i.main) refers to mpu6050.o(i.MPU_Init) for MPU_Init
    main.o(i.main) refers to nrf24l01.o(i.NRF24L01_Init) for NRF24L01_Init
    main.o(i.main) refers to delay.o(i.delay_ms) for delay_ms
    main.o(i.main) refers to nrf24l01.o(i.NRF24L01_Check) for NRF24L01_Check
    main.o(i.main) refers to nrf24l01.o(i.NRF24L01_TX_Mode) for NRF24L01_TX_Mode
    main.o(i.main) refers to mpu6050.o(i.MPU_Get_Gyroscope) for MPU_Get_Gyroscope
    main.o(i.main) refers to key.o(i.KEY_Scan) for KEY_Scan
    main.o(i.main) refers to dflti.o(.text) for __aeabi_i2d
    main.o(i.main) refers to cdrcmple.o(.text) for __aeabi_cdrcmple
    main.o(i.main) refers to nrf24l01.o(i.NRF24L01_TxPacket) for NRF24L01_TxPacket
    system_ht32f1xxxx_01.o(i.SystemCoreClockUpdate) refers to system_ht32f1xxxx_01.o(.data) for .data
    startup_ht32f1xxxx_01.o(RESET) refers to startup_ht32f1xxxx_01.o(STACK) for __initial_sp
    startup_ht32f1xxxx_01.o(RESET) refers to ht32f1xxxx_01_it.o(i.NMI_Handler) for NMI_Handler
    startup_ht32f1xxxx_01.o(RESET) refers to ht32f1xxxx_01_it.o(i.HardFault_Handler) for HardFault_Handler
    startup_ht32f1xxxx_01.o(RESET) refers to ht32f1xxxx_01_it.o(i.MemManage_Handler) for MemManage_Handler
    startup_ht32f1xxxx_01.o(RESET) refers to ht32f1xxxx_01_it.o(i.BusFault_Handler) for BusFault_Handler
    startup_ht32f1xxxx_01.o(RESET) refers to ht32f1xxxx_01_it.o(i.UsageFault_Handler) for UsageFault_Handler
    startup_ht32f1xxxx_01.o(RESET) refers to ht32f1xxxx_01_it.o(i.SVC_Handler) for SVC_Handler
    startup_ht32f1xxxx_01.o(RESET) refers to ht32f1xxxx_01_it.o(i.DebugMon_Handler) for DebugMon_Handler
    startup_ht32f1xxxx_01.o(RESET) refers to ht32f1xxxx_01_it.o(i.PendSV_Handler) for PendSV_Handler
    startup_ht32f1xxxx_01.o(RESET) refers to ht32f1xxxx_01_it.o(i.SysTick_Handler) for SysTick_Handler
    startup_ht32f1xxxx_01.o(RESET) refers to system_ht32f1xxxx_01.o(i.SystemInit) for SystemInit
    startup_ht32f1xxxx_01.o(RESET) refers to entry.o(.ARM.Collect$$$$00000000) for __main
    ht32_usbd_core.o(i.USBDCore_GetStatus) refers to ht32_usbd_core.o(.data) for .data
    ht32_usbd_core.o(i.USBDCore_IRQHandler) refers to ht32f1xxxx_usbd.o(i.USBD_GetINT) for USBD_GetINT
    ht32_usbd_core.o(i.USBDCore_IRQHandler) refers to ht32f1xxxx_usbd.o(i.USBD_ClearINT) for USBD_ClearINT
    ht32_usbd_core.o(i.USBDCore_IRQHandler) refers to ht32f1xxxx_usbd.o(i.USBD_PowerOff) for USBD_PowerOff
    ht32_usbd_core.o(i.USBDCore_IRQHandler) refers to ht32f1xxxx_usbd.o(i.USBD_DeInit) for USBD_DeInit
    ht32_usbd_core.o(i.USBDCore_IRQHandler) refers to ht32f1xxxx_usbd.o(i.USBD_PowerOn) for USBD_PowerOn
    ht32_usbd_core.o(i.USBDCore_IRQHandler) refers to ht32f1xxxx_usbd.o(i.USBD_EPTInit) for USBD_EPTInit
    ht32_usbd_core.o(i.USBDCore_IRQHandler) refers to ht32f1xxxx_usbd.o(i.USBD_EnableINT) for USBD_EnableINT
    ht32_usbd_core.o(i.USBDCore_IRQHandler) refers to ht32f1xxxx_usbd.o(i.USBD_EPTGetINT) for USBD_EPTGetINT
    ht32_usbd_core.o(i.USBDCore_IRQHandler) refers to ht32f1xxxx_usbd.o(i.USBD_ReadSETUPData) for USBD_ReadSETUPData
    ht32_usbd_core.o(i.USBDCore_IRQHandler) refers to ht32_usbd_core.o(i._USBDCore_Standard_Request) for _USBDCore_Standard_Request
    ht32_usbd_core.o(i.USBDCore_IRQHandler) refers to ht32f1xxxx_usbd.o(i.USBD_EPTSendSTALL) for USBD_EPTSendSTALL
    ht32_usbd_core.o(i.USBDCore_IRQHandler) refers to ht32f1xxxx_usbd.o(i.USBD_EPTClearINT) for USBD_EPTClearINT
    ht32_usbd_core.o(i.USBDCore_IRQHandler) refers to ht32_usbd_core.o(i._USBDCore_ControlIN) for _USBDCore_ControlIN
    ht32_usbd_core.o(i.USBDCore_IRQHandler) refers to ht32f1xxxx_usbd.o(i.USBD_EPTWriteINData) for USBD_EPTWriteINData
    ht32_usbd_core.o(i.USBDCore_IRQHandler) refers to ht32f1xxxx_usbd.o(i.USBD_EPTReadOUTData) for USBD_EPTReadOUTData
    ht32_usbd_core.o(i.USBDCore_IRQHandler) refers to ht32f1xxxx_usbd.o(i.USBD_GetEPTnINTNumber) for USBD_GetEPTnINTNumber
    ht32_usbd_core.o(i.USBDCore_Init) refers to ht32f1xxxx_usbd.o(i.USBD_Init) for USBD_Init
    ht32_usbd_core.o(i.USBDCore_Init) refers to ht32_usbd_core.o(.data) for .data
    ht32_usbd_core.o(i.USBDCore_MainRoutine) refers to ht32f1xxxx_usbd.o(i.USBD_PowerUp) for USBD_PowerUp
    ht32_usbd_core.o(i.USBDCore_TriggerRemoteWakeup) refers to ht32f1xxxx_usbd.o(i.USBD_PowerOn) for USBD_PowerOn
    ht32_usbd_core.o(i.USBDCore_TriggerRemoteWakeup) refers to ht32f1xxxx_usbd.o(i.USBD_RemoteWakeup) for USBD_RemoteWakeup
[...]
    Removing ht32f1xxxx_bftm.o(.rrx_text), (6 bytes).
    Removing ht32f1xxxx_bftm.o(i.BFTM_ClearFlag), (14 bytes).
    Removing ht32f1xxxx_bftm.o(i.BFTM_DeInit), (48 bytes).
    Removing ht32f1xxxx_bftm.o(i.BFTM_EnaCmd), (20 bytes).
    Removing ht32f1xxxx_bftm.o(i.BFTM_GetCompare), (4 bytes).
    Removing ht32f1xxxx_bftm.o(i.BFTM_GetCounter), (4 bytes).
    Removing ht32f1xxxx_bftm.o(i.BFTM_GetFlagStatus), (10 bytes).
    Removing ht32f1xxxx_bftm.o(i.BFTM_IntConfig), (20 bytes).
    Removing ht32f1xxxx_bftm.o(i.BFTM_OneShotModeCmd), (20 bytes).
    Removing ht32f1xxxx_bftm.o(i.BFTM_SetCompare), (4 bytes).
    Removing ht32f1xxxx_bftm.o(i.BFTM_SetCounter), (4 bytes).
    Removing ht32f1xxxx_ckcu.o(.rev16_text), (4 bytes).
    Removing ht32f1xxxx_ckcu.o(.revsh_text), (4 bytes).
    Removing ht32f1xxxx_ckcu.o(.rrx_text), (6 bytes).
    Removing ht32f1xxxx_ckcu.o(i.CKCU_BKISOCmd), (20 bytes).
    Removing ht32f1xxxx_ckcu.o(i.CKCU_CKMCmd), (12 bytes).
    Removing ht32f1xxxx_ckcu.o(i.CKCU_CKOUTConfig), (20 bytes).
    Removing ht32f1xxxx_ckcu.o(i.CKCU_ClearIntFlag), (16 bytes).
    Removing ht32f1xxxx_ckcu.o(i.CKCU_DeInit), (84 bytes).
    Removing ht32f1xxxx_ckcu.o(i.CKCU_GetClockReadyStatus), (20 bytes).
    Removing ht32f1xxxx_ckcu.o(i.CKCU_GetIntStatus), (20 bytes).
    Removing ht32f1xxxx_ckcu.o(i.CKCU_GetSysClockSource), (12 bytes).
    Removing ht32f1xxxx_ckcu.o(i.CKCU_HSECmd), (12 bytes).
    Removing ht32f1xxxx_ckcu.o(i.CKCU_HSICmd), (12 bytes).
    Removing ht32f1xxxx_ckcu.o(i.CKCU_IS_HSE_USED), (20 bytes).
    Removing ht32f1xxxx_ckcu.o(i.CKCU_IS_HSI_USED), (20 bytes).
    Removing ht32f1xxxx_ckcu.o(i.CKCU_IS_PLL_USED), (20 bytes).
    Removing ht32f1xxxx_ckcu.o(i.CKCU_IntConfig), (24 bytes).
    Removing ht32f1xxxx_ckcu.o(i.CKCU_MCUDBGConfig), (28 bytes).
    Removing ht32f1xxxx_ckcu.o(i.CKCU_PLLCmd), (12 bytes).
    Removing ht32f1xxxx_ckcu.o(i.CKCU_PLLInit), (36 bytes).
    Removing ht32f1xxxx_ckcu.o(i.CKCU_PSRCWKUPCmd), (12 bytes).
    Removing ht32f1xxxx_ckcu.o(i.CKCU_SetADCPrescaler), (20 bytes).
    Removing ht32f1xxxx_ckcu.o(i.CKCU_SetCKREFPrescaler), (20 bytes).
    Removing ht32f1xxxx_ckcu.o(i.CKCU_SetHCLKPrescaler), (12 bytes).
    Removing ht32f1xxxx_ckcu.o(i.CKCU_SetUSARTPrescaler), (20 bytes).
    Removing ht32f1xxxx_ckcu.o(i.CKCU_SetUSBPrescaler), (20 bytes).
    Removing ht32f1xxxx_ckcu.o(i.CKCU_SleepClockConfig), (24 bytes).
    Removing ht32f1xxxx_ckcu.o(i.CKCU_SysClockConfig), (44 bytes).
    Removing ht32f1xxxx_ckcu.o(i.CKCU_WaitHSEReady), (32 bytes).
    Removing ht32f1xxxx_cmp_op.o(.rev16_text), (4 bytes).
    Removing ht32f1xxxx_cmp_op.o(.revsh_text), (4 bytes).
    Removing ht32f1xxxx_cmp_op.o(.rrx_text), (6 bytes).
    Removing ht32f1xxxx_cmp_op.o(i.CMP_OP_CancellationModeConfig), (16 bytes).
    Removing ht32f1xxxx_cmp_op.o(i.CMP_OP_ClearIntPendingBit), (4 bytes).
    Removing ht32f1xxxx_cmp_op.o(i.CMP_OP_Cmd), (20 bytes).
    Removing ht32f1xxxx_cmp_op.o(i.CMP_OP_Config), (14 bytes).
    Removing ht32f1xxxx_cmp_op.o(i.CMP_OP_DeInit), (32 bytes).
    Removing ht32f1xxxx_cmp_op.o(i.CMP_OP_GetCancellationVaule), (4 bytes).
    Removing ht32f1xxxx_cmp_op.o(i.CMP_OP_GetFlagStatus), (10 bytes).
    Removing ht32f1xxxx_cmp_op.o(i.CMP_OP_GetIntStatus), (10 bytes).
    Removing ht32f1xxxx_cmp_op.o(i.CMP_OP_GetOutputStatus), (14 bytes).
    Removing ht32f1xxxx_cmp_op.o(i.CMP_OP_IntConfig), (16 bytes).
    Removing ht32f1xxxx_cmp_op.o(i.CMP_OP_SetCancellationVaule), (4 bytes).
    Removing ht32f1xxxx_crc.o(.rev16_text), (4 bytes).
    Removing ht32f1xxxx_crc.o(.revsh_text), (4 bytes).
    Removing ht32f1xxxx_crc.o(.rrx_text), (6 bytes).
    Removing ht32f1xxxx_crc.o(i.CRC_16), (32 bytes).
    Removing ht32f1xxxx_crc.o(i.CRC_32), (28 bytes).
    Removing ht32f1xxxx_crc.o(i.CRC_CCITT), (32 bytes).
    Removing ht32f1xxxx_crc.o(i.CRC_DeInit), (12 bytes).
    Removing ht32f1xxxx_crc.o(i.CRC_Init), (34 bytes).
    Removing ht32f1xxxx_crc.o(i.CRC_Process), (24 bytes).
    Removing ht32f1xxxx_ebi.o(.rev16_text), (4 bytes).
    Removing ht32f1xxxx_ebi.o(.revsh_text), (4 bytes).
    Removing ht32f1xxxx_ebi.o(.rrx_text), (6 bytes).
    Removing ht32f1xxxx_ebi.o(i.EBI_ClearIntFlag), (12 bytes).
    Removing ht32f1xxxx_ebi.o(i.EBI_Cmd), (24 bytes).
    Removing ht32f1xxxx_ebi.o(i.EBI_DeInit), (12 bytes).
    Removing ht32f1xxxx_ebi.o(i.EBI_GetARDYStatus), (20 bytes).
    Removing ht32f1xxxx_ebi.o(i.EBI_GetBusyStatus), (16 bytes).
    Removing ht32f1xxxx_ebi.o(i.EBI_GetIntStatus), (20 bytes).
    Removing ht32f1xxxx_ebi.o(i.EBI_Init), (212 bytes).
    Removing ht32f1xxxx_ebi.o(i.EBI_IntConfig), (24 bytes).
    Removing ht32f1xxxx_ebi.o(i.EBI_StructInit), (70 bytes).
    Removing ht32f1xxxx_exti.o(.rev16_text), (4 bytes).
    Removing ht32f1xxxx_exti.o(.revsh_text), (4 bytes).
    Removing ht32f1xxxx_exti.o(.rrx_text), (6 bytes).
    Removing ht32f1xxxx_exti.o(i.EXTI_ClearEdgeFlag), (16 bytes).
    Removing ht32f1xxxx_exti.o(i.EXTI_ClearWakeupFlag), (20 bytes).
    Removing ht32f1xxxx_exti.o(i.EXTI_DeInit), (48 bytes).
    Removing ht32f1xxxx_exti.o(i.EXTI_GetEdgeStatus), (40 bytes).
    Removing ht32f1xxxx_exti.o(i.EXTI_GetSWCmdStatus), (24 bytes).
    Removing ht32f1xxxx_exti.o(i.EXTI_GetWakeupFlagStatus), (24 bytes).
    Removing ht32f1xxxx_exti.o(i.EXTI_Init), (28 bytes).
    Removing ht32f1xxxx_exti.o(i.EXTI_IntConfig), (28 bytes).
    Removing ht32f1xxxx_exti.o(i.EXTI_SWIntCmd), (28 bytes).
    Removing ht32f1xxxx_exti.o(i.EXTI_WakeupEventConfig), (44 bytes).
    Removing ht32f1xxxx_exti.o(i.EXTI_WakeupEventIntConfig), (28 bytes).
    Removing ht32f1xxxx_flash.o(.rev16_text), (4 bytes).
    Removing ht32f1xxxx_flash.o(.revsh_text), (4 bytes).
    Removing ht32f1xxxx_flash.o(.rrx_text), (6 bytes).
    Removing ht32f1xxxx_flash.o(i.FLASH_BranchCacheCmd), (32 bytes).
    Removing ht32f1xxxx_flash.o(i.FLASH_ClearIntFlag), (12 bytes).
    Removing ht32f1xxxx_flash.o(i.FLASH_DcodeCacheCmd), (32 bytes).
    Removing ht32f1xxxx_flash.o(i.FLASH_EraseOptionByte), (12 bytes).
    Removing ht32f1xxxx_flash.o(i.FLASH_ErasePage), (16 bytes).
    Removing ht32f1xxxx_flash.o(i.FLASH_FlashHalfCycleCmd), (48 bytes).
    Removing ht32f1xxxx_flash.o(i.FLASH_FlashZwPwrSavingCmd), (48 bytes).
    Removing ht32f1xxxx_flash.o(i.FLASH_GetIntStatus), (20 bytes).
    Removing ht32f1xxxx_flash.o(i.FLASH_GetOptionByteStatus), (48 bytes).
    Removing ht32f1xxxx_flash.o(i.FLASH_IntConfig), (24 bytes).
    Removing ht32f1xxxx_flash.o(i.FLASH_MassErase), (16 bytes).
    Removing ht32f1xxxx_flash.o(i.FLASH_PrefetchBufferCmd), (32 bytes).
    Removing ht32f1xxxx_flash.o(i.FLASH_ProgramOptionByte), (80 bytes).
    Removing ht32f1xxxx_flash.o(i.FLASH_ProgramWordData), (28 bytes).
    Removing ht32f1xxxx_flash.o(i.FLASH_SetRemappingMode), (12 bytes).
    Removing ht32f1xxxx_flash.o(i.FLASH_SetWaitState), (24 bytes).
    Removing ht32f1xxxx_flash.o(i.FLASH_WaitForOperationEnd), (76 bytes).
    Removing ht32f1xxxx_gpio.o(.rev16_text), (4 bytes).
    Removing ht32f1xxxx_gpio.o(.revsh_text), (4 bytes).
    Removing ht32f1xxxx_gpio.o(.rrx_text), (6 bytes).
    Removing ht32f1xxxx_gpio.o(i.AFIO_DeInit), (14 bytes).
    Removing ht32f1xxxx_gpio.o(i.AFIO_EXTISourceConfig), (44 bytes).
    Removing ht32f1xxxx_gpio.o(i.GPIO_ClearOutBits), (4 bytes).
    Removing ht32f1xxxx_gpio.o(i.GPIO_DeInit), (92 bytes).
    Removing ht32f1xxxx_gpio.o(i.GPIO_DisableDebugPort), (60 bytes).
    Removing ht32f1xxxx_gpio.o(i.GPIO_DriveConfig), (16 bytes).
    Removing ht32f1xxxx_gpio.o(i.GPIO_IsPinLocked), (10 bytes).
    Removing ht32f1xxxx_gpio.o(i.GPIO_IsPortLocked), (10 bytes).
    Removing ht32f1xxxx_gpio.o(i.GPIO_OpenDrainConfig), (16 bytes).
    Removing ht32f1xxxx_gpio.o(i.GPIO_PinLock), (12 bytes).
    Removing ht32f1xxxx_gpio.o(i.GPIO_ReadInData), (6 bytes).
    Removing ht32f1xxxx_gpio.o(i.GPIO_ReadOutBit), (10 bytes).
    Removing ht32f1xxxx_gpio.o(i.GPIO_ReadOutData), (6 bytes).
    Removing ht32f1xxxx_gpio.o(i.GPIO_WriteOutData), (4 bytes).
    Removing ht32f1xxxx_gpio.o(i._AFIO_ClockControl), (40 bytes).
    Removing ht32f1xxxx_gpio.o(i._GPIO_ClockControl), (52 bytes).
    Removing ht32f1xxxx_i2c.o(.rev16_text), (4 bytes).
    Removing ht32f1xxxx_i2c.o(.revsh_text), (4 bytes).
    Removing ht32f1xxxx_i2c.o(.rrx_text), (6 bytes).
    Removing ht32f1xxxx_i2c.o(i.I2C_AckCmd), (20 bytes).
    Removing ht32f1xxxx_i2c.o(i.I2C_AddressMaskConfig), (4 bytes).
    Removing ht32f1xxxx_i2c.o(i.I2C_CheckStatus), (14 bytes).
    Removing ht32f1xxxx_i2c.o(i.I2C_ClearFlag), (4 bytes).
    Removing ht32f1xxxx_i2c.o(i.I2C_Cmd), (20 bytes).
    Removing ht32f1xxxx_i2c.o(i.I2C_CombFilterCmd), (20 bytes).
    Removing ht32f1xxxx_i2c.o(i.I2C_DeInit), (44 bytes).
    Removing ht32f1xxxx_i2c.o(i.I2C_GeneralCallCmd), (20 bytes).
    Removing ht32f1xxxx_i2c.o(i.I2C_GenerateSTOP), (10 bytes).
    Removing ht32f1xxxx_i2c.o(i.I2C_GetAddressBuffer), (6 bytes).
    Removing ht32f1xxxx_i2c.o(i.I2C_GetFlagStatus), (10 bytes).
    Removing ht32f1xxxx_i2c.o(i.I2C_Init), (156 bytes).
    Removing ht32f1xxxx_i2c.o(i.I2C_IntConfig), (16 bytes).
    Removing ht32f1xxxx_i2c.o(i.I2C_PDMACmd), (16 bytes).
    Removing ht32f1xxxx_i2c.o(i.I2C_PDMANACKCmd), (20 bytes).
    Removing ht32f1xxxx_i2c.o(i.I2C_ReadRegister), (10 bytes).
    Removing ht32f1xxxx_i2c.o(i.I2C_ReceiveData), (6 bytes).
    Removing ht32f1xxxx_i2c.o(i.I2C_SendData), (4 bytes).
    Removing ht32f1xxxx_i2c.o(i.I2C_SequentialFilterConfig), (112 bytes).
    Removing ht32f1xxxx_i2c.o(i.I2C_SetOwnAddress), (4 bytes).
    Removing ht32f1xxxx_i2c.o(i.I2C_SetSCLHighPeriod), (4 bytes).
    Removing ht32f1xxxx_i2c.o(i.I2C_SetSCLLowPeriod), (4 bytes).
    Removing ht32f1xxxx_i2c.o(i.I2C_SetTimeOutPrescaler), (10 bytes).
    Removing ht32f1xxxx_i2c.o(i.I2C_SetTimeOutValue), (12 bytes).
    Removing ht32f1xxxx_i2c.o(i.I2C_StructInit), (20 bytes).
    Removing ht32f1xxxx_i2c.o(i.I2C_TargetAddressConfig), (16 bytes).
    Removing ht32f1xxxx_i2c.o(i.I2C_TimeOutCmd), (20 bytes).
    Removing ht32f1xxxx_i2s.o(.rev16_text), (4 bytes).
    Removing ht32f1xxxx_i2s.o(.revsh_text), (4 bytes).
    Removing ht32f1xxxx_i2s.o(.rrx_text), (6 bytes).
    Removing ht32f1xxxx_i2s.o(i.I2S_ClearFlag), (12 bytes).
    Removing ht32f1xxxx_i2s.o(i.I2S_Cmd), (28 bytes).
    Removing ht32f1xxxx_i2s.o(i.I2S_DeInit), (14 bytes).
    Removing ht32f1xxxx_i2s.o(i.I2S_FIFOReset), (16 bytes).
    Removing ht32f1xxxx_i2s.o(i.I2S_FIFOTrigLevelConfig), (40 bytes).
    Removing ht32f1xxxx_i2s.o(i.I2S_GetFIFOStatus), (24 bytes).
    Removing ht32f1xxxx_i2s.o(i.I2S_GetFlagStatus), (20 bytes).
    Removing ht32f1xxxx_i2s.o(i.I2S_Init), (112 bytes).
    Removing ht32f1xxxx_i2s.o(i.I2S_IntConfig), (24 bytes).
    Removing ht32f1xxxx_i2s.o(i.I2S_PDMACmd), (24 bytes).
    Removing ht32f1xxxx_i2s.o(i.I2S_TxMuteCmd), (28 bytes).
    Removing ht32f1xxxx_mctm.o(.rev16_text), (4 bytes).
    Removing ht32f1xxxx_mctm.o(.revsh_text), (4 bytes).
    Removing ht32f1xxxx_mctm.o(.rrx_text), (6 bytes).
    Removing ht32f1xxxx_mctm.o(i.MCTM_CHBRKCTRConfig), (54 bytes).
    Removing ht32f1xxxx_mctm.o(i.MCTM_CHBRKCTRStructInit), (28 bytes).
    Removing ht32f1xxxx_mctm.o(i.MCTM_CHMOECmd), (20 bytes).
    Removing ht32f1xxxx_mctm.o(i.MCTM_COMPRECmd), (20 bytes).
    Removing ht32f1xxxx_mctm.o(i.MCTM_COMUSConfig), (20 bytes).
    Removing ht32f1xxxx_mctm.o(i.MCTM_ChNPolarityConfig), (22 bytes).
    Removing ht32f1xxxx_mctm.o(i.MCTM_ChannelNConfig), (26 bytes).
    Removing ht32f1xxxx_pdma.o(.rev16_text), (4 bytes).
    Removing ht32f1xxxx_pdma.o(.revsh_text), (4 bytes).
    Removing ht32f1xxxx_pdma.o(.rrx_text), (6 bytes).
    Removing ht32f1xxxx_pdma.o(i.PDMA_ClearFlag), (44 bytes).
    Removing ht32f1xxxx_pdma.o(i.PDMA_Config), (48 bytes).
    Removing ht32f1xxxx_pdma.o(i.PDMA_EnaCmd), (40 bytes).
    Removing ht32f1xxxx_pdma.o(i.PDMA_GetFlagStatus), (52 bytes).
    Removing ht32f1xxxx_pdma.o(i.PDMA_IntConfig), (48 bytes).
    Removing ht32f1xxxx_pdma.o(i.PDMA_SwTrigCmd), (40 bytes).
    Removing ht32f1xxxx_pdma.o(i.PDMA_TranSizeConfig), (24 bytes).
    Removing ht32f1xxxx_pwrcu.o(.rev16_text), (4 bytes).
    Removing ht32f1xxxx_pwrcu.o(.revsh_text), (4 bytes).
    Removing ht32f1xxxx_pwrcu.o(.rrx_text), (6 bytes).
    Removing ht32f1xxxx_pwrcu.o(i.PWRCU_BODCmd), (12 bytes).
    Removing ht32f1xxxx_pwrcu.o(i.PWRCU_BODRISConfig), (12 bytes).
    Removing ht32f1xxxx_pwrcu.o(i.PWRCU_CheckReadyAccessed), (72 bytes).
    Removing ht32f1xxxx_pwrcu.o(i.PWRCU_DMOSCmd), (24 bytes).
    Removing ht32f1xxxx_pwrcu.o(i.PWRCU_DeInit), (32 bytes).
    Removing ht32f1xxxx_pwrcu.o(i.PWRCU_DeepSleep1), (68 bytes).
    Removing ht32f1xxxx_pwrcu.o(i.PWRCU_DeepSleep2), (80 bytes).
    Removing ht32f1xxxx_pwrcu.o(i.PWRCU_GetBODFlagStatus), (16 bytes).
    Removing ht32f1xxxx_pwrcu.o(i.PWRCU_GetDMOSStatus), (36 bytes).
    Removing ht32f1xxxx_pwrcu.o(i.PWRCU_GetFlagStatus), (28 bytes).
    Removing ht32f1xxxx_pwrcu.o(i.PWRCU_GetLVDFlagStatus), (16 bytes).
    Removing ht32f1xxxx_pwrcu.o(i.PWRCU_HSIReadyCounterBitLengthConfig), (12 bytes).
    Removing ht32f1xxxx_pwrcu.o(i.PWRCU_LVDCmd), (12 bytes).
    Removing ht32f1xxxx_pwrcu.o(i.PWRCU_LVDEventWakeupConfig), (12 bytes).
    Removing ht32f1xxxx_pwrcu.o(i.PWRCU_LVDIntWakeupConfig), (12 bytes).
    Removing ht32f1xxxx_pwrcu.o(i.PWRCU_PowerDown), (120 bytes).
    Removing ht32f1xxxx_pwrcu.o(i.PWRCU_ReadBackupRegister), (16 bytes).
    Removing ht32f1xxxx_pwrcu.o(i.PWRCU_SetLVDS), (24 bytes).
    Removing ht32f1xxxx_pwrcu.o(i.PWRCU_Sleep), (24 bytes).
    Removing ht32f1xxxx_pwrcu.o(i.PWRCU_VRDYSourceConfig), (12 bytes).
    Removing ht32f1xxxx_pwrcu.o(i.PWRCU_WakeupPinCmd), (28 bytes).
    Removing ht32f1xxxx_pwrcu.o(i.PWRCU_WakeupPinIntConfig), (12 bytes).
    Removing ht32f1xxxx_pwrcu.o(i.PWRCU_WriteBackupRegister), (16 bytes).
    Removing ht32f1xxxx_pwrcu.o(.data), (1 bytes).
    Removing ht32f1xxxx_rstcu.o(.rev16_text), (4 bytes).
    Removing ht32f1xxxx_rstcu.o(.revsh_text), (4 bytes).
    Removing ht32f1xxxx_rstcu.o(.rrx_text), (6 bytes).
    Removing ht32f1xxxx_rstcu.o(i.RSTCU_ClearAllResetFlag), (16 bytes).
    Removing ht32f1xxxx_rstcu.o(i.RSTCU_ClearResetFlag), (16 bytes).
    Removing ht32f1xxxx_rstcu.o(i.RSTCU_GetResetFlagStatus), (28 bytes).
    Removing ht32f1xxxx_rstcu.o(i.RSTCU_PeripReset), (48 bytes).
    Removing ht32f1xxxx_rtc.o(.rev16_text), (4 bytes).
    Removing ht32f1xxxx_rtc.o(.revsh_text), (4 bytes).
    Removing ht32f1xxxx_rtc.o(.rrx_text), (6 bytes).
    Removing ht32f1xxxx_rtc.o(i.RTC_CMPCLRCmd), (12 bytes).
    Removing ht32f1xxxx_rtc.o(i.RTC_ClockSourceConfig), (12 bytes).
    Removing ht32f1xxxx_rtc.o(i.RTC_Cmd), (12 bytes).
    Removing ht32f1xxxx_rtc.o(i.RTC_DeInit), (40 bytes).
    Removing ht32f1xxxx_rtc.o(i.RTC_GetCompare), (12 bytes).
    Removing ht32f1xxxx_rtc.o(i.RTC_GetCounter), (12 bytes).
    Removing ht32f1xxxx_rtc.o(i.RTC_GetFlagStatus), (12 bytes).
    Removing ht32f1xxxx_rtc.o(i.RTC_GetOutStatus), (16 bytes).
    Removing ht32f1xxxx_rtc.o(i.RTC_GetPrescaler), (20 bytes).
    Removing ht32f1xxxx_rtc.o(i.RTC_IntConfig), (24 bytes).
    Removing ht32f1xxxx_rtc.o(i.RTC_LSECmd), (44 bytes).
    Removing ht32f1xxxx_rtc.o(i.RTC_LSESMConfig), (12 bytes).
    Removing ht32f1xxxx_rtc.o(i.RTC_LSILoadTrimData), (44 bytes).
    Removing ht32f1xxxx_rtc.o(i.RTC_OutCmd), (12 bytes).
    Removing ht32f1xxxx_rtc.o(i.RTC_OutConfig), (28 bytes).
    Removing ht32f1xxxx_rtc.o(i.RTC_SetCompare), (12 bytes).
    Removing ht32f1xxxx_rtc.o(i.RTC_SetPrescaler), (20 bytes).
    Removing ht32f1xxxx_rtc.o(i.RTC_WakeupConfig), (24 bytes).
    Removing ht32f1xxxx_sci.o(.rev16_text), (4 bytes).
    Removing ht32f1xxxx_sci.o(.revsh_text), (4 bytes).
    Removing ht32f1xxxx_sci.o(.rrx_text), (6 bytes).
    Removing ht32f1xxxx_sci.o(i.SCI_ClearFlag), (30 bytes).
    Removing ht32f1xxxx_sci.o(i.SCI_ClockModeConfig), (20 bytes).
    Removing ht32f1xxxx_sci.o(i.SCI_Cmd), (20 bytes).
    Removing ht32f1xxxx_sci.o(i.SCI_DeInit), (28 bytes).
    Removing ht32f1xxxx_sci.o(i.SCI_ETUConfig), (6 bytes).
    Removing ht32f1xxxx_sci.o(i.SCI_GetFlagStatus), (14 bytes).
    Removing ht32f1xxxx_sci.o(i.SCI_Init), (32 bytes).
    Removing ht32f1xxxx_sci.o(i.SCI_IntConfig), (16 bytes).
    Removing ht32f1xxxx_sci.o(i.SCI_OutputDIO), (20 bytes).
    Removing ht32f1xxxx_sci.o(i.SCI_PDMACmd), (16 bytes).
    Removing ht32f1xxxx_sci.o(i.SCI_ReceiveData), (6 bytes).
    Removing ht32f1xxxx_sci.o(i.SCI_SendData), (4 bytes).
    Removing ht32f1xxxx_sci.o(i.SCI_SetGuardTimeValue), (4 bytes).
    Removing ht32f1xxxx_sci.o(i.SCI_SetWaitingTimeValue), (4 bytes).
    Removing ht32f1xxxx_sci.o(i.SCI_SoftwareClockCmd), (20 bytes).
    Removing ht32f1xxxx_sci.o(i.SCI_StructInit), (14 bytes).
    Removing ht32f1xxxx_sci.o(i.SCI_WaitingTimeCounterCmd), (20 bytes).
    Removing ht32f1xxxx_spi.o(.rev16_text), (4 bytes).
    Removing ht32f1xxxx_spi.o(.revsh_text), (4 bytes).
    Removing ht32f1xxxx_spi.o(.rrx_text), (6 bytes).
    Removing ht32f1xxxx_spi.o(i.SPI_ClearFlag), (4 bytes).
    Removing ht32f1xxxx_spi.o(i.SPI_DUALCmd), (20 bytes).
    Removing ht32f1xxxx_spi.o(i.SPI_DeInit), (40 bytes).
    Removing ht32f1xxxx_spi.o(i.SPI_FIFOCmd), (20 bytes).
    Removing ht32f1xxxx_spi.o(i.SPI_FIFOTriggerLevelConfig), (30 bytes).
    Removing ht32f1xxxx_spi.o(i.SPI_GUADTCmd), (20 bytes).
    Removing ht32f1xxxx_spi.o(i.SPI_GUADTSPI_GUADTConfig), (16 bytes).
    Removing ht32f1xxxx_spi.o(i.SPI_GetFIFOStatus), (20 bytes).
    Removing ht32f1xxxx_spi.o(i.SPI_IntConfig), (16 bytes).
    Removing ht32f1xxxx_spi.o(i.SPI_PDMACmd), (16 bytes).
    Removing ht32f1xxxx_spi.o(i.SPI_SELHTConfig), (10 bytes).
    Removing ht32f1xxxx_spi.o(i.SPI_SELModeConfig), (20 bytes).
    Removing ht32f1xxxx_spi.o(i.SPI_SetDataLength), (16 bytes).
    Removing ht32f1xxxx_spi.o(i.SPI_SetTimeOutValue), (4 bytes).
    Removing ht32f1xxxx_spi.o(i.SPI_SoftwareSELCmd), (20 bytes).
    Removing ht32f1xxxx_spi.o(i.SPI_StructInit), (28 bytes).
    Removing ht32f1xxxx_tm.o(.rev16_text), (4 bytes).
    Removing ht32f1xxxx_tm.o(.revsh_text), (4 bytes).
    Removing ht32f1xxxx_tm.o(.rrx_text), (6 bytes).
    Removing ht32f1xxxx_tm.o(i.TM_CHCCDSConfig), (20 bytes).
    Removing ht32f1xxxx_tm.o(i.TM_CHCCRPreloadConfig), (24 bytes).
    Removing ht32f1xxxx_tm.o(i.TM_CHPSCConfig), (20 bytes).
    Removing ht32f1xxxx_tm.o(i.TM_CKDIVConfig), (16 bytes).
    Removing ht32f1xxxx_tm.o(i.TM_CRRPreloadCmd), (20 bytes).
    Removing ht32f1xxxx_tm.o(i.TM_CaptureInit), (36 bytes).
    Removing ht32f1xxxx_tm.o(i.TM_CaptureStructInit), (18 bytes).
    Removing ht32f1xxxx_tm.o(i.TM_ChExternalClockConfig), (48 bytes).
    Removing ht32f1xxxx_tm.o(i.TM_ChPolarityConfig), (20 bytes).
    Removing ht32f1xxxx_tm.o(i.TM_ChannelConfig), (24 bytes).
    Removing ht32f1xxxx_tm.o(i.TM_ClearFlag), (10 bytes).
    Removing ht32f1xxxx_tm.o(i.TM_ClearIntPendingBit), (10 bytes).
    Removing ht32f1xxxx_tm.o(i.TM_ClearOREFConfig), (24 bytes).
    Removing ht32f1xxxx_tm.o(i.TM_Cmd), (20 bytes).
    Removing ht32f1xxxx_tm.o(i.TM_CounterModeConfig), (24 bytes).
    Removing ht32f1xxxx_tm.o(i.TM_DeInit), (72 bytes).
    Removing ht32f1xxxx_tm.o(i.TM_DecoderConfig), (56 bytes).
    Removing ht32f1xxxx_tm.o(i.TM_EtiConfig), (24 bytes).
    Removing ht32f1xxxx_tm.o(i.TM_EtiExternalClockConfig), (18 bytes).
    Removing ht32f1xxxx_tm.o(i.TM_ForcedOREF0), (14 bytes).
    Removing ht32f1xxxx_tm.o(i.TM_ForcedOREF1), (14 bytes).
    Removing ht32f1xxxx_tm.o(i.TM_ForcedOREF2), (14 bytes).
    Removing ht32f1xxxx_tm.o(i.TM_ForcedOREF3), (14 bytes).
    Removing ht32f1xxxx_tm.o(i.TM_GenerateEvent), (4 bytes).
    Removing ht32f1xxxx_tm.o(i.TM_GetCaptureCompare0), (6 bytes).
    Removing ht32f1xxxx_tm.o(i.TM_GetCaptureCompare1), (6 bytes).
    Removing ht32f1xxxx_tm.o(i.TM_GetCaptureCompare2), (6 bytes).
    Removing ht32f1xxxx_tm.o(i.TM_GetCaptureCompare3), (6 bytes).
    Removing ht32f1xxxx_tm.o(i.TM_GetCounter), (6 bytes).
    Removing ht32f1xxxx_tm.o(i.TM_GetFlagStatus), (10 bytes).
    Removing ht32f1xxxx_tm.o(i.TM_GetIntStatus), (22 bytes).
    Removing ht32f1xxxx_tm.o(i.TM_GetPrescaler), (6 bytes).
    Removing ht32f1xxxx_tm.o(i.TM_HallInterfaceCmd), (20 bytes).
    Removing ht32f1xxxx_tm.o(i.TM_ImmActiveConfig), (24 bytes).
    Removing ht32f1xxxx_tm.o(i.TM_IntConfig), (16 bytes).
    Removing ht32f1xxxx_tm.o(i.TM_InternalClockConfig), (10 bytes).
    Removing ht32f1xxxx_tm.o(i.TM_ItiExternalClockConfig), (18 bytes).
    Removing ht32f1xxxx_tm.o(i.TM_MMSELConfig), (12 bytes).
    Removing ht32f1xxxx_tm.o(i.TM_OutputInit), (192 bytes).
    Removing ht32f1xxxx_tm.o(i.TM_OutputModeConfig), (32 bytes).
    Removing ht32f1xxxx_tm.o(i.TM_OutputStructInit), (24 bytes).
    Removing ht32f1xxxx_tm.o(i.TM_PDMAConfig), (16 bytes).
    Removing ht32f1xxxx_tm.o(i.TM_PrescalerConfig), (8 bytes).
    Removing ht32f1xxxx_tm.o(i.TM_PwmInputInit), (90 bytes).
    Removing ht32f1xxxx_tm.o(i.TM_SetAsymmetricCompare0), (6 bytes).
    Removing ht32f1xxxx_tm.o(i.TM_SetAsymmetricCompare1), (6 bytes).
    Removing ht32f1xxxx_tm.o(i.TM_SetAsymmetricCompare2), (6 bytes).
    Removing ht32f1xxxx_tm.o(i.TM_SetAsymmetricCompare3), (6 bytes).
    Removing ht32f1xxxx_tm.o(i.TM_SetCaptureCompare0), (6 bytes).
    Removing ht32f1xxxx_tm.o(i.TM_SetCaptureCompare1), (6 bytes).
    Removing ht32f1xxxx_tm.o(i.TM_SetCaptureCompare2), (6 bytes).
    Removing ht32f1xxxx_tm.o(i.TM_SetCaptureCompare3), (6 bytes).
    Removing ht32f1xxxx_tm.o(i.TM_SetCounter), (6 bytes).
    Removing ht32f1xxxx_tm.o(i.TM_SetCounterReload), (6 bytes).
    Removing ht32f1xxxx_tm.o(i.TM_SinglePulseModeCmd), (20 bytes).
    Removing ht32f1xxxx_tm.o(i.TM_SlaveModeConfig), (12 bytes).
    Removing ht32f1xxxx_tm.o(i.TM_StiConfig), (24 bytes).
    Removing ht32f1xxxx_tm.o(i.TM_TimSyncCmd), (20 bytes).
    Removing ht32f1xxxx_tm.o(i.TM_TimeBaseInit), (68 bytes).
    Removing ht32f1xxxx_tm.o(i.TM_TimeBaseStructInit), (22 bytes).
    Removing ht32f1xxxx_tm.o(i.TM_UEVG_IntConfig), (20 bytes).
    Removing ht32f1xxxx_tm.o(i.TM_UpdateCmd), (20 bytes).
    Removing ht32f1xxxx_tm.o(i.tm_CHx_Config), (64 bytes).
    Removing ht32f1xxxx_usart.o(.rev16_text), (4 bytes).
    Removing ht32f1xxxx_usart.o(.revsh_text), (4 bytes).
    Removing ht32f1xxxx_usart.o(.rrx_text), (6 bytes).
    Removing ht32f1xxxx_usart.o(i.USART_DeInit), (68 bytes).
    Removing ht32f1xxxx_usart.o(i.USART_FIFOReset), (8 bytes).
    Removing ht32f1xxxx_usart.o(i.USART_ForceBreakCmd), (20 bytes).
    Removing ht32f1xxxx_usart.o(i.USART_ForceModemPinState), (20 bytes).
    Removing ht32f1xxxx_usart.o(i.USART_GetFIFOStatus), (18 bytes).
    Removing ht32f1xxxx_usart.o(i.USART_GetIntID), (6 bytes).
    Removing ht32f1xxxx_usart.o(i.USART_GetLineStatusValue), (6 bytes).
    Removing ht32f1xxxx_usart.o(i.USART_GetModemStatus), (6 bytes).
    Removing ht32f1xxxx_usart.o(i.USART_HardwareFlowControlCmd), (20 bytes).
    Removing ht32f1xxxx_usart.o(i.USART_IntConfig), (42 bytes).
    Removing ht32f1xxxx_usart.o(i.USART_IrDACmd), (20 bytes).
    Removing ht32f1xxxx_usart.o(i.USART_IrDAConfig), (20 bytes).
    Removing ht32f1xxxx_usart.o(i.USART_IrDADirectionConfig), (20 bytes).
    Removing ht32f1xxxx_usart.o(i.USART_IrDAInvtCmd), (18 bytes).
    Removing ht32f1xxxx_usart.o(i.USART_PDMACmd), (16 bytes).
    Removing ht32f1xxxx_usart.o(i.USART_RS485AADCmd), (20 bytes).
    Removing ht32f1xxxx_usart.o(i.USART_RS485NMMCmd), (20 bytes).
    Removing ht32f1xxxx_usart.o(i.USART_RS485TxEnablePolarityConfig), (20 bytes).
    Removing ht32f1xxxx_usart.o(i.USART_ReceiveData), (6 bytes).
    Removing ht32f1xxxx_usart.o(i.USART_SetAddressMatchValue), (14 bytes).
    Removing ht32f1xxxx_usart.o(i.USART_SetGuardTime), (14 bytes).
    Removing ht32f1xxxx_usart.o(i.USART_SetIrDAPrescaler), (14 bytes).
    Removing ht32f1xxxx_usart.o(i.USART_SetTimeOutValue), (12 bytes).
    Removing ht32f1xxxx_usart.o(i.USART_StickParityCmd), (20 bytes).
    Removing ht32f1xxxx_usart.o(i.USART_StickParityConfig), (20 bytes).
    Removing ht32f1xxxx_usart.o(i.USART_StructInit), (20 bytes).
    Removing ht32f1xxxx_usart.o(i.USART_SynClockInit), (26 bytes).
    Removing ht32f1xxxx_usart.o(i.USART_SynClockStructInit), (12 bytes).
    Removing ht32f1xxxx_usart.o(i.USART_TXRXTLConfig), (20 bytes).
    Removing ht32f1xxxx_usbd.o(.rev16_text), (4 bytes).
    Removing ht32f1xxxx_usbd.o(.revsh_text), (4 bytes).
    Removing ht32f1xxxx_usbd.o(.rrx_text), (6 bytes).
    Removing ht32f1xxxx_usbd.o(i.USBD_ClearINT), (12 bytes).
    Removing ht32f1xxxx_usbd.o(i.USBD_DPWakeUpCmd), (28 bytes).
    Removing ht32f1xxxx_usbd.o(i.USBD_DPpullupCmd), (28 bytes).
    Removing ht32f1xxxx_usbd.o(i.USBD_DeInit), (12 bytes).
    Removing ht32f1xxxx_usbd.o(i.USBD_DisableINT), (16 bytes).
    Removing ht32f1xxxx_usbd.o(i.USBD_EPTClearDTG), (16 bytes).
    Removing ht32f1xxxx_usbd.o(i.USBD_EPTClearHalt), (16 bytes).
    Removing ht32f1xxxx_usbd.o(i.USBD_EPTClearINT), (12 bytes).
    Removing ht32f1xxxx_usbd.o(i.USBD_EPTEnableINT), (12 bytes).
    Removing ht32f1xxxx_usbd.o(i.USBD_EPTGetBuffer0Addr), (24 bytes).
    Removing ht32f1xxxx_usbd.o(i.USBD_EPTGetBuffer1Addr), (36 bytes).
    Removing ht32f1xxxx_usbd.o(i.USBD_EPTGetBufferLen), (14 bytes).
    Removing ht32f1xxxx_usbd.o(i.USBD_EPTGetHalt), (26 bytes).
    Removing ht32f1xxxx_usbd.o(i.USBD_EPTGetINT), (14 bytes).
    Removing ht32f1xxxx_usbd.o(i.USBD_EPTGetTransferCount), (18 bytes).
    Removing ht32f1xxxx_usbd.o(i.USBD_EPTInit), (38 bytes).
    Removing ht32f1xxxx_usbd.o(i.USBD_EPTReadMemory), (58 bytes).
    Removing ht32f1xxxx_usbd.o(i.USBD_EPTReadOUTData), (48 bytes).
    Removing ht32f1xxxx_usbd.o(i.USBD_EPTReset), (16 bytes).
    Removing ht32f1xxxx_usbd.o(i.USBD_EPTSendSTALL), (12 bytes).
    Removing ht32f1xxxx_usbd.o(i.USBD_EPTSetHalt), (20 bytes).
    Removing ht32f1xxxx_usbd.o(i.USBD_EPTWaitSTALLSent), (36 bytes).
    Removing ht32f1xxxx_usbd.o(i.USBD_EPTWriteINData), (72 bytes).
    Removing ht32f1xxxx_usbd.o(i.USBD_EnableINT), (16 bytes).
    Removing ht32f1xxxx_usbd.o(i.USBD_GetEPTnINTNumber), (32 bytes).
    Removing ht32f1xxxx_usbd.o(i.USBD_GetINT), (16 bytes).
    Removing ht32f1xxxx_usbd.o(i.USBD_Init), (4 bytes).
    Removing ht32f1xxxx_usbd.o(i.USBD_PowerOff), (16 bytes).
    Removing ht32f1xxxx_usbd.o(i.USBD_PowerOn), (16 bytes).
    Removing ht32f1xxxx_usbd.o(i.USBD_PowerUp), (104 bytes).
    Removing ht32f1xxxx_usbd.o(i.USBD_PreInit), (24 bytes).
    Removing ht32f1xxxx_usbd.o(i.USBD_ReadSETUPData), (16 bytes).
    Removing ht32f1xxxx_usbd.o(i.USBD_RemoteWakeup), (16 bytes).
    Removing ht32f1xxxx_usbd.o(i.USBD_SRAMResetConditionCmd), (28 bytes).
    Removing ht32f1xxxx_usbd.o(i.USBD_SetAddress), (20 bytes).
    Removing ht32f1xxxx_usbd.o(i._USBD_CopyMemory), (16 bytes).
    Removing ht32f1xxxx_usbd.o(i._USBD_GetEPTnAddr), (16 bytes).
    Removing ht32f1xxxx_usbd.o(.data), (4 bytes).
    Removing ht32f1xxxx_wdt.o(.rev16_text), (4 bytes).
    Removing ht32f1xxxx_wdt.o(.revsh_text), (4 bytes).
    Removing ht32f1xxxx_wdt.o(.rrx_text), (6 bytes).
    Removing ht32f1xxxx_wdt.o(i.WDT_Cmd), (28 bytes).
    Removing ht32f1xxxx_wdt.o(i.WDT_DeInit), (12 bytes).
    Removing ht32f1xxxx_wdt.o(i.WDT_GetDeltaValue), (16 bytes).
    Removing ht32f1xxxx_wdt.o(i.WDT_GetFlagStatus), (20 bytes).
    Removing ht32f1xxxx_wdt.o(i.WDT_GetPrescaler), (24 bytes).
    Removing ht32f1xxxx_wdt.o(i.WDT_GetReloadValue), (16 bytes).
    Removing ht32f1xxxx_wdt.o(i.WDT_HaltConfig), (24 bytes).
    Removing ht32f1xxxx_wdt.o(i.WDT_IntConfig), (28 bytes).
    Removing ht32f1xxxx_wdt.o(i.WDT_LockCmd), (32 bytes).
    Removing ht32f1xxxx_wdt.o(i.WDT_ProtectCmd), (24 bytes).
    Removing ht32f1xxxx_wdt.o(i.WDT_ResetCmd), (28 bytes).
    Removing ht32f1xxxx_wdt.o(i.WDT_Restart), (16 bytes).
    Removing ht32f1xxxx_wdt.o(i.WDT_SetDeltaValue), (20 bytes).
    Removing ht32f1xxxx_wdt.o(i.WDT_SetPrescaler), (20 bytes).
    Removing ht32f1xxxx_wdt.o(i.WDT_SetReloadValue), (20 bytes).
    Removing ht32f1xxxx_wdt.o(i.WDT_SourceConfig), (16 bytes).
    Removing ht32_retarget.o(.rev16_text), (4 bytes).
    Removing ht32_retarget.o(.revsh_text), (4 bytes).
    Removing ht32_retarget.o(.rrx_text), (6 bytes).
    Removing ht32_retarget.o(i.RETARGET_Configuration), (36 bytes).
    Removing ht32_retarget.o(i.__backspace), (4 bytes).
    Removing ht32_retarget.o(i._sys_exit), (2 bytes).
    Removing ht32_retarget.o(i._ttywrch), (4 bytes).
    Removing ht32_retarget.o(i.fgetc), (4 bytes).
    Removing ht32_retarget.o(.data), (4 bytes).
    Removing ht32_serial.o(.rev16_text), (4 bytes).
    Removing ht32_serial.o(.revsh_text), (4 bytes).
    Removing ht32_serial.o(.rrx_text), (6 bytes).
    Removing ht32_serial.o(i.SERIAL_Flush), (2 bytes).
    Removing ht32_serial.o(i.SERIAL_GetChar), (28 bytes).
    Removing ht32_board.o(.rev16_text), (4 bytes).
    Removing ht32_board.o(.revsh_text), (4 bytes).
    Removing ht32_board.o(.rrx_text), (6 bytes).
    Removing ht32_board.o(i.HT32F_DVB_COMInit), (96 bytes).
    Removing ht32_board.o(.constdata), (32 bytes).
    Removing mpu6050.o(.rev16_text), (4 bytes).
    Removing mpu6050.o(.revsh_text), (4 bytes).
    Removing mpu6050.o(.rrx_text), (6 bytes).
    Removing mpu6050.o(i.MPU_Get_Accelerometer), (50 bytes).
    Removing mpu6050.o(i.MPU_Get_Temperature), (76 bytes).
    Removing mpu6050.o(i.MPU_Write_Len), (82 bytes).
    Removing mpuiic.o(.rev16_text), (4 bytes).
    Removing mpuiic.o(.revsh_text), (4 bytes).
    Removing mpuiic.o(.rrx_text), (6 bytes).
    Removing nrf24l01.o(.rev16_text), (4 bytes).
    Removing nrf24l01.o(.revsh_text), (4 bytes).
    Removing nrf24l01.o(.rrx_text), (6 bytes).
    Removing nrf24l01.o(i.NRF24L01_RX_Mode), (96 bytes).
    Removing nrf24l01.o(i.NRF24L01_RxPacket), (50 bytes).
    Removing spi.o(.rev16_text), (4 bytes).
    Removing spi.o(.revsh_text), (4 bytes).
    Removing spi.o(.rrx_text), (6 bytes).
    Removing spi.o(i.SPI0_SetSpeed), (18 bytes).
    Removing usart0.o(.rev16_text), (4 bytes).
    Removing usart0.o(.revsh_text), (4 bytes).
    Removing usart0.o(.rrx_text), (6 bytes).
    Removing key.o(.rev16_text), (4 bytes).
    Removing key.o(.revsh_text), (4 bytes).
    Removing key.o(.rrx_text), (6 bytes).
    Removing led.o(.rev16_text), (4 bytes).
    Removing led.o(.revsh_text), (4 bytes).
    Removing led.o(.rrx_text), (6 bytes).
    Removing delay.o(.rev16_text), (4 bytes).
    Removing delay.o(.revsh_text), (4 bytes).
    Removing delay.o(.rrx_text), (6 bytes).
    Removing delay.o(i.delay_us), (52 bytes).
    Removing fmul.o(.text), (100 bytes).
    Removing dadd.o(.text), (334 bytes).
    Removing ddiv.o(.text), (222 bytes).
    Removing ffixi.o(.text), (50 bytes).
    Removing d2f.o(.text), (56 bytes).
    Removing fepilogue.o(.text), (110 bytes).
    Removing dmul.o(.text), (228 bytes).
    Removing dfixul.o(.text), (48 bytes).

565 unused section(s) (total 13139 bytes) removed from the image.

==============================================================================

Image Symbol Table

    Local Symbols

    Symbol Name                              Value     Ov Type        Size  Object(Section)

    RESET                                    0x00000000   Section      376  startup_ht32f1xxxx_01.o(RESET)
    ../clib/microlib/division.c              0x00000000   Number         0  uldiv.o ABSOLUTE
    ../clib/microlib/division.c              0x00000000   Number         0  uidiv.o ABSOLUTE
    ../clib/microlib/init/entry.s            0x00000000   Number         0  entry5.o ABSOLUTE
    ../clib/microlib/init/entry.s            0x00000000   Number         0  entry2.o ABSOLUTE
    ../clib/microlib/init/entry.s            0x00000000   Number         0  entry9a.o ABSOLUTE
    ../clib/microlib/init/entry.s            0x00000000   Number         0  entry7a.o ABSOLUTE
    ../clib/microlib/init/entry.s            0x00000000   Number         0  entry7b.o ABSOLUTE
    ../clib/microlib/init/entry.s            0x00000000   Number         0  entry8a.o ABSOLUTE
    ../clib/microlib/init/entry.s            0x00000000   Number         0  entry.o ABSOLUTE
    ../clib/microlib/init/entry.s            0x00000000   Number         0  entry8b.o ABSOLUTE
    ../clib/microlib/init/entry.s            0x00000000   Number         0  entry10b.o ABSOLUTE
    ../clib/microlib/init/entry.s            0x00000000   Number         0  entry9b.o ABSOLUTE
    ../clib/microlib/init/entry.s            0x00000000   Number         0  entry10a.o ABSOLUTE
    ../clib/microlib/init/entry.s            0x00000000   Number         0  entry11a.o ABSOLUTE
    ../clib/microlib/init/entry.s            0x00000000   Number         0  entry11b.o ABSOLUTE
    ../clib/microlib/longlong.c              0x00000000   Number         0  llsshr.o ABSOLUTE
    ../clib/microlib/longlong.c              0x00000000   Number         0  llshl.o ABSOLUTE
    ../clib/microlib/longlong.c              0x00000000   Number         0  llushr.o ABSOLUTE
    ../clib/microlib/printf/printf.c         0x00000000   Number         0  printf0.o ABSOLUTE
    ../clib/microlib/printf/printf.c         0x00000000   Number         0  printfb.o ABSOLUTE
    ../clib/microlib/printf/printf.c         0x00000000   Number         0  printfa.o ABSOLUTE
    ../clib/microlib/printf/printf.c         0x00000000   Number         0  printf7.o ABSOLUTE
    ../clib/microlib/printf/printf.c         0x00000000   Number         0  printf3.o ABSOLUTE
    ../clib/microlib/printf/printf.c         0x00000000   Number         0  printf8.o ABSOLUTE
    ../clib/microlib/printf/printf.c         0x00000000   Number         0  printf2.o ABSOLUTE
    ../clib/microlib/printf/printf.c         0x00000000   Number         0  printf4.o ABSOLUTE
    ../clib/microlib/printf/printf.c         0x00000000   Number         0  printf5.o ABSOLUTE
    ../clib/microlib/printf/printf.c         0x00000000   Number         0  printf6.o ABSOLUTE
    ../clib/microlib/printf/printf.c         0x00000000   Number         0  printf1.o ABSOLUTE
    ../clib/microlib/printf/stubs.s          0x00000000   Number         0  stubs.o ABSOLUTE
    ../clib/microlib/stubs.s                 0x00000000   Number         0  useno.o ABSOLUTE
    ../clib/microlib/stubs.s                 0x00000000   Number         0  iusefp.o ABSOLUTE
    ../fplib/microlib/d2f.c                  0x00000000   Number         0  d2f.o ABSOLUTE
    ../fplib/microlib/fpadd.c                0x00000000   Number         0  dadd.o ABSOLUTE
    ../fplib/microlib/fpdiv.c                0x00000000   Number         0  ddiv.o ABSOLUTE
    ../fplib/microlib/fpepilogue.c           0x00000000   Number         0  fepilogue.o ABSOLUTE
    ../fplib/microlib/fpepilogue.c           0x00000000   Number         0  depilogue.o ABSOLUTE
    ../fplib/microlib/fpfix.c                0x00000000   Number         0  dfixul.o ABSOLUTE
    ../fplib/microlib/fpfix.c                0x00000000   Number         0  ffixi.o ABSOLUTE
    ../fplib/microlib/fpflt.c                0x00000000   Number         0  dflti.o ABSOLUTE
    ../fplib/microlib/fpmul.c                0x00000000   Number         0  dmul.o ABSOLUTE
    ../fplib/microlib/fpmul.c                0x00000000   Number         0  fmul.o ABSOLUTE
    ..\..\..\..\library\HT32F1xxxx_Driver\src\ht32_cm3_misc.c 0x00000000   Number         0  ht32_cm3_misc.o ABSOLUTE
    ..\..\..\..\library\HT32F1xxxx_Driver\src\ht32_retarget.c 0x00000000   Number         0  ht32_retarget.o ABSOLUTE
    ..\..\..\..\library\HT32F1xxxx_Driver\src\ht32_serial.c 0x00000000   Number         0  ht32_serial.o ABSOLUTE
    ..\..\..\..\library\HT32F1xxxx_Driver\src\ht32f1xxxx_adc.c 0x00000000   Number         0  ht32f1xxxx_adc.o ABSOLUTE
    ..\..\..\..\library\HT32F1xxxx_Driver\src\ht32f1xxxx_bftm.c 0x00000000   Number         0  ht32f1xxxx_bftm.o ABSOLUTE
    ..\..\..\..\library\HT32F1xxxx_Driver\src\ht32f1xxxx_ckcu.c 0x00000000   Number         0  ht32f1xxxx_ckcu.o ABSOLUTE
    ..\..\..\..\library\HT32F1xxxx_Driver\src\ht32f1xxxx_cmp_op.c 0x00000000   Number         0  ht32f1xxxx_cmp_op.o ABSOLUTE
    ..\..\..\..\library\HT32F1xxxx_Driver\src\ht32f1xxxx_crc.c 0x00000000   Number         0  ht32f1xxxx_crc.o ABSOLUTE
    ..\..\..\..\library\HT32F1xxxx_Driver\src\ht32f1xxxx_ebi.c 0x00000000   Number         0  ht32f1xxxx_ebi.o ABSOLUTE
    ..\..\..\..\library\HT32F1xxxx_Driver\src\ht32f1xxxx_exti.c 0x00000000   Number         0  ht32f1xxxx_exti.o ABSOLUTE
    ..\..\..\..\library\HT32F1xxxx_Driver\src\ht32f1xxxx_flash.c 0x00000000   Number         0  ht32f1xxxx_flash.o ABSOLUTE
    ..\..\..\..\library\HT32F1xxxx_Driver\src\ht32f1xxxx_gpio.c 0x00000000   Number         0  ht32f1xxxx_gpio.o ABSOLUTE
    ..\..\..\..\library\HT32F1xxxx_Driver\src\ht32f1xxxx_i2c.c 0x00000000   Number         0  ht32f1xxxx_i2c.o ABSOLUTE
    ..\..\..\..\library\HT32F1xxxx_Driver\src\ht32f1xxxx_i2s.c 0x00000000   Number         0  ht32f1xxxx_i2s.o ABSOLUTE
    ..\..\..\..\library\HT32F1xxxx_Driver\src\ht32f1xxxx_mctm.c 0x00000000   Number         0  ht32f1xxxx_mctm.o ABSOLUTE
    ..\..\..\..\library\HT32F1xxxx_Driver\src\ht32f1xxxx_pdma.c 0x00000000   Number         0  ht32f1xxxx_pdma.o ABSOLUTE
    ..\..\..\..\library\HT32F1xxxx_Driver\src\ht32f1xxxx_pwrcu.c 0x00000000   Number         0  ht32f1xxxx_pwrcu.o ABSOLUTE
    ..\..\..\..\library\HT32F1xxxx_Driver\src\ht32f1xxxx_rstcu.c 0x00000000   Number         0  ht32f1xxxx_rstcu.o ABSOLUTE
    ..\..\..\..\library\HT32F1xxxx_Driver\src\ht32f1xxxx_rtc.c 0x00000000   Number         0  ht32f1xxxx_rtc.o ABSOLUTE
    ..\..\..\..\library\HT32F1xxxx_Driver\src\ht32f1xxxx_sci.c 0x00000000   Number         0  ht32f1xxxx_sci.o ABSOLUTE
    ..\..\..\..\library\HT32F1xxxx_Driver\src\ht32f1xxxx_spi.c 0x00000000   Number         0  ht32f1xxxx_spi.o ABSOLUTE
    ..\..\..\..\library\HT32F1xxxx_Driver\src\ht32f1xxxx_tm.c 0x00000000   Number         0  ht32f1xxxx_tm.o ABSOLUTE
    ..\..\..\..\library\HT32F1xxxx_Driver\src\ht32f1xxxx_usart.c 0x00000000   Number         0  ht32f1xxxx_usart.o ABSOLUTE
    ..\..\..\..\library\HT32F1xxxx_Driver\src\ht32f1xxxx_usbd.c 0x00000000   Number         0  ht32f1xxxx_usbd.o ABSOLUTE
    ..\..\..\..\library\HT32F1xxxx_Driver\src\ht32f1xxxx_wdt.c 0x00000000   Number         0  ht32f1xxxx_wdt.o ABSOLUTE
    ..\..\..\..\library\HT32_USBD_Library\src\ht32_usbd_core.c 0x00000000   Number         0  ht32_usbd_core.o ABSOLUTE
    ..\..\..\..\utilities\ht32_board.c       0x00000000   Number         0  ht32_board.o ABSOLUTE
    ..\HARDWARE\key.c                        0x00000000   Number         0  key.o ABSOLUTE
    ..\HARDWARE\led.c                        0x00000000   Number         0  led.o ABSOLUTE
    ..\HARDWARE\mpu6050.c                    0x00000000   Number         0  mpu6050.o ABSOLUTE
    ..\HARDWARE\mpuiic.c                     0x00000000   Number         0  mpuiic.o ABSOLUTE
    ..\HARDWARE\nrf24l01.c                   0x00000000   Number         0  nrf24l01.o ABSOLUTE
    ..\HARDWARE\spi.c                        0x00000000   Number         0  spi.o ABSOLUTE
    ..\HARDWARE\usart0.c                     0x00000000   Number         0  usart0.o ABSOLUTE
    ..\\..\\..\\..\\library\\HT32F1xxxx_Driver\\src\\ht32_cm3_misc.c 0x00000000   Number         0  ht32_cm3_misc.o ABSOLUTE
    ..\\..\\..\\..\\library\\HT32F1xxxx_Driver\\src\\ht32_retarget.c 0x00000000   Number         0  ht32_retarget.o ABSOLUTE
    ..\\..\\..\\..\\library\\HT32F1xxxx_Driver\\src\\ht32_serial.c 0x00000000   Number         0  ht32_serial.o ABSOLUTE
    ..\\..\\..\\..\\library\\HT32F1xxxx_Driver\\src\\ht32f1xxxx_adc.c 0x00000000   Number         0  ht32f1xxxx_adc.o ABSOLUTE
    ..\\..\\..\\..\\library\\HT32F1xxxx_Driver\\src\\ht32f1xxxx_bftm.c 0x00000000   Number         0  ht32f1xxxx_bftm.o ABSOLUTE
    ..\\..\\..\\..\\library\\HT32F1xxxx_Driver\\src\\ht32f1xxxx_ckcu.c 0x00000000   Number         0  ht32f1xxxx_ckcu.o ABSOLUTE
    ..\\..\\..\\..\\library\\HT32F1xxxx_Driver\\src\\ht32f1xxxx_cmp_op.c 0x00000000   Number         0  ht32f1xxxx_cmp_op.o ABSOLUTE
    ..\\..\\..\\..\\library\\HT32F1xxxx_Driver\\src\\ht32f1xxxx_crc.c 0x00000000   Number         0  ht32f1xxxx_crc.o ABSOLUTE
    ..\\..\\..\\..\\library\\HT32F1xxxx_Driver\\src\\ht32f1xxxx_ebi.c 0x00000000   Number         0  ht32f1xxxx_ebi.o ABSOLUTE
    ..\\..\\..\\..\\library\\HT32F1xxxx_Driver\\src\\ht32f1xxxx_exti.c 0x00000000   Number         0  ht32f1xxxx_exti.o ABSOLUTE
    ..\\..\\..\\..\\library\\HT32F1xxxx_Driver\\src\\ht32f1xxxx_flash.c 0x00000000   Number         0  ht32f1xxxx_flash.o ABSOLUTE
    ..\\..\\..\\..\\library\\HT32F1xxxx_Driver\\src\\ht32f1xxxx_gpio.c 0x00000000   Number         0  ht32f1xxxx_gpio.o ABSOLUTE
    ..\\..\\..\\..\\library\\HT32F1xxxx_Driver\\src\\ht32f1xxxx_i2c.c 0x00000000   Number         0  ht32f1xxxx_i2c.o ABSOLUTE
    ..\\..\\..\\..\\library\\HT32F1xxxx_Driver\\src\\ht32f1xxxx_i2s.c 0x00000000   Number         0  ht32f1xxxx_i2s.o ABSOLUTE
    ..\\..\\..\\..\\library\\HT32F1xxxx_Driver\\src\\ht32f1xxxx_mctm.c 0x00000000   Number         0  ht32f1xxxx_mctm.o ABSOLUTE
    ..\\..\\..\\..\\library\\HT32F1xxxx_Driver\\src\\ht32f1xxxx_pdma.c 0x00000000   Number         0  ht32f1xxxx_pdma.o ABSOLUTE
    ..\\..\\..\\..\\library\\HT32F1xxxx_Driver\\src\\ht32f1xxxx_pwrcu.c 0x00000000   Number         0  ht32f1xxxx_pwrcu.o ABSOLUTE
    ..\\..\\..\\..\\library\\HT32F1xxxx_Driver\\src\\ht32f1xxxx_rstcu.c 0x00000000   Number         0  ht32f1xxxx_rstcu.o ABSOLUTE
    ..\\..\\..\\..\\library\\HT32F1xxxx_Driver\\src\\ht32f1xxxx_rtc.c 0x00000000   Number         0  ht32f1xxxx_rtc.o ABSOLUTE
    ..\\..\\..\\..\\library\\HT32F1xxxx_Driver\\src\\ht32f1xxxx_sci.c 0x00000000   Number         0  ht32f1xxxx_sci.o ABSOLUTE
    ..\\..\\..\\..\\library\\HT32F1xxxx_Driver\\src\\ht32f1xxxx_spi.c 0x00000000   Number         0  ht32f1xxxx_spi.o ABSOLUTE
    ..\\..\\..\\..\\library\\HT32F1xxxx_Driver\\src\\ht32f1xxxx_tm.c 0x00000000   Number         0  ht32f1xxxx_tm.o ABSOLUTE
    ..\\..\\..\\..\\library\\HT32F1xxxx_Driver\\src\\ht32f1xxxx_usart.c 0x00000000   Number         0  ht32f1xxxx_usart.o ABSOLUTE
    ..\\..\\..\\..\\library\\HT32F1xxxx_Driver\\src\\ht32f1xxxx_usbd.c 0x00000000   Number         0  ht32f1xxxx_usbd.o ABSOLUTE
    ..\\..\\..\\..\\library\\HT32F1xxxx_Driver\\src\\ht32f1xxxx_wdt.c 0x00000000   Number         0  ht32f1xxxx_wdt.o ABSOLUTE
    ..\\..\\..\\..\\library\\HT32_USBD_Library\\src\\ht32_usbd_core.c 0x00000000   Number         0  ht32_usbd_core.o ABSOLUTE
    ..\\..\\..\\..\\utilities\\ht32_board.c  0x00000000   Number         0  ht32_board.o ABSOLUTE
    ..\\HARDWARE\\key.c                      0x00000000   Number         0  key.o ABSOLUTE
    ..\\HARDWARE\\led.c                      0x00000000   Number         0  led.o ABSOLUTE
    ..\\HARDWARE\\mpu6050.c                  0x00000000   Number         0  mpu6050.o ABSOLUTE
    ..\\HARDWARE\\mpuiic.c                   0x00000000   Number         0  mpuiic.o ABSOLUTE
    ..\\HARDWARE\\nrf24l01.c                 0x00000000   Number         0  nrf24l01.o ABSOLUTE
    ..\\HARDWARE\\spi.c                      0x00000000   Number         0  spi.o ABSOLUTE
    ..\\HARDWARE\\usart0.c                   0x00000000   Number         0  usart0.o ABSOLUTE
    ..\\delay\\delay.c                       0x00000000   Number         0  delay.o ABSOLUTE
    ..\\ht32f1xxxx_01_it.c                   0x00000000   Number         0  ht32f1xxxx_01_it.o ABSOLUTE
    ..\\main.c                               0x00000000   Number         0  main.o ABSOLUTE
    ..\\system_ht32f1xxxx_01.c               0x00000000   Number         0  system_ht32f1xxxx_01.o ABSOLUTE
    ..\delay\delay.c                         0x00000000   Number         0  delay.o ABSOLUTE
    ..\ht32f1xxxx_01_it.c                    0x00000000   Number         0  ht32f1xxxx_01_it.o ABSOLUTE
    ..\main.c                                0x00000000   Number         0  main.o ABSOLUTE
    ..\system_ht32f1xxxx_01.c                0x00000000   Number         0  system_ht32f1xxxx_01.o ABSOLUTE
    cdrcmple.s                               0x00000000   Number         0  cdrcmple.o ABSOLUTE
    dc.s                                     0x00000000   Number         0  dc.o ABSOLUTE
    handlers.s                               0x00000000   Number         0  handlers.o ABSOLUTE
    ht32_op.s                                0x00000000   Number         0  ht32_op.o ABSOLUTE
    init.s                                   0x00000000   Number         0  init.o ABSOLUTE
    startup_ht32f1xxxx_01.s                  0x00000000   Number         0  startup_ht32f1xxxx_01.o ABSOLUTE
    .ARM.Collect$$$$00000000                 0x00000178   Section        0  entry.o(.ARM.Collect$$$$00000000)
    .ARM.Collect$$$$00000001                 0x00000178   Section        4  entry2.o(.ARM.Collect$$$$00000001)
    .ARM.Collect$$$$00000004                 0x0000017c   Section        4  entry5.o(.ARM.Collect$$$$00000004)
    .ARM.Collect$$$$00000008                 0x00000180   Section        0  entry7b.o(.ARM.Collect$$$$00000008)
    .ARM.Collect$$$$0000000A                 0x00000180   Section        0  entry8b.o(.ARM.Collect$$$$0000000A)
    .ARM.Collect$$$$0000000B                 0x00000180   Section        8  entry9a.o(.ARM.Collect$$$$0000000B)
    .ARM.Collect$$$$0000000D                 0x00000188   Section        0  entry10a.o(.ARM.Collect$$$$0000000D)
    .ARM.Collect$$$$0000000F                 0x00000188   Section        0  entry11a.o(.ARM.Collect$$$$0000000F)
    .ARM.Collect$$$$00002712                 0x00000188   Section        4  entry2.o(.ARM.Collect$$$$00002712)
    __lit__00000000                          0x00000188   Data           4  entry2.o(.ARM.Collect$$$$00002712)
    .text                                    0x0000018c   Section        0  dflti.o(.text)
    .text                                    0x000001b0   Section       48  cdrcmple.o(.text)
    .text                                    0x000001e0   Section        0  uidiv.o(.text)
    .text                                    0x0000020c   Section        0  llshl.o(.text)
    .text                                    0x0000022a   Section        0  iusefp.o(.text)
    .text                                    0x0000022a   Section        0  depilogue.o(.text)
    .text                                    0x000002e4   Section       36  init.o(.text)
    .text                                    0x00000308   Section        0  llushr.o(.text)
    i.AFIO_GPxConfig                         0x00000328   Section        0  ht32f1xxxx_gpio.o(i.AFIO_GPxConfig)
    i.BusFault_Handler                       0x0000038c   Section        0  ht32f1xxxx_01_it.o(i.BusFault_Handler)
    i.CKCU_GetClocksFrequency                0x00000390   Section        0  ht32f1xxxx_ckcu.o(i.CKCU_GetClocksFrequency)
    i.CKCU_GetPLLFrequency                   0x000003e4   Section        0  ht32f1xxxx_ckcu.o(i.CKCU_GetPLLFrequency)
    i.CKCU_GetPeripFrequency                 0x00000424   Section        0  ht32f1xxxx_ckcu.o(i.CKCU_GetPeripFrequency)
    i.CKCU_PeripClockConfig                  0x00000434   Section        0  ht32f1xxxx_ckcu.o(i.CKCU_PeripClockConfig)
    i.DebugMon_Handler                       0x00000458   Section        0  ht32f1xxxx_01_it.o(i.DebugMon_Handler)
    i.GPIO_DirectionConfig                   0x0000045a   Section        0  ht32f1xxxx_gpio.o(i.GPIO_DirectionConfig)
    i.GPIO_InputConfig                       0x0000046a   Section        0  ht32f1xxxx_gpio.o(i.GPIO_InputConfig)
    i.GPIO_PullResistorConfig                0x0000047a   Section        0  ht32f1xxxx_gpio.o(i.GPIO_PullResistorConfig)
    i.GPIO_ReadInBit                         0x000004a2   Section        0  ht32f1xxxx_gpio.o(i.GPIO_ReadInBit)
    i.GPIO_SetOutBits                        0x000004ac   Section        0  ht32f1xxxx_gpio.o(i.GPIO_SetOutBits)
    i.GPIO_WriteOutBits                      0x000004b0   Section        0  ht32f1xxxx_gpio.o(i.GPIO_WriteOutBits)
    i.HardFault_Handler                      0x000004ba   Section        0  ht32f1xxxx_01_it.o(i.HardFault_Handler)
    i.KEY_Init                               0x000004bc   Section        0  key.o(i.KEY_Init)
    i.KEY_Scan                               0x0000054c   Section        0  key.o(i.KEY_Scan)
    i.LED_Init                               0x00000648   Section        0  led.o(i.LED_Init)
    i.MPU_Get_Gyroscope                      0x00000684   Section        0  mpu6050.o(i.MPU_Get_Gyroscope)
    i.MPU_IIC_Ack                            0x000006b4   Section        0  mpuiic.o(i.MPU_IIC_Ack)
    i.MPU_IIC_Delay                          0x00000700   Section        0  mpuiic.o(i.MPU_IIC_Delay)
    i.MPU_IIC_Init                           0x00000714   Section        0  mpuiic.o(i.MPU_IIC_Init)
    i.MPU_IIC_NAck                           0x0000075c   Section        0  mpuiic.o(i.MPU_IIC_NAck)
    i.MPU_IIC_Read_Byte                      0x000007a8   Section        0  mpuiic.o(i.MPU_IIC_Read_Byte)
    i.MPU_IIC_Send_Byte                      0x00000820   Section        0  mpuiic.o(i.MPU_IIC_Send_Byte)
    i.MPU_IIC_Start                          0x00000884   Section        0  mpuiic.o(i.MPU_IIC_Start)
    i.MPU_IIC_Stop                           0x000008d0   Section        0  mpuiic.o(i.MPU_IIC_Stop)
    i.MPU_IIC_Wait_Ack                       0x0000091c   Section        0  mpuiic.o(i.MPU_IIC_Wait_Ack)
    i.MPU_Init                               0x0000098c   Section        0  mpu6050.o(i.MPU_Init)
    i.MPU_Read_Byte                          0x00000a02   Section        0  mpu6050.o(i.MPU_Read_Byte)
    i.MPU_Read_Len                           0x00000a3c   Section        0  mpu6050.o(i.MPU_Read_Len)
    i.MPU_Set_Accel_Fsr                      0x00000aa6   Section        0  mpu6050.o(i.MPU_Set_Accel_Fsr)
    i.MPU_Set_Gyro_Fsr                       0x00000ab0   Section        0  mpu6050.o(i.MPU_Set_Gyro_Fsr)
    i.MPU_Set_LPF                            0x00000aba   Section        0  mpu6050.o(i.MPU_Set_LPF)
    i.MPU_Set_Rate                           0x00000aea   Section        0  mpu6050.o(i.MPU_Set_Rate)
    i.MPU_Write_Byte                         0x00000b18   Section        0  mpu6050.o(i.MPU_Write_Byte)
    i.MemManage_Handler                      0x00000b54   Section        0  ht32f1xxxx_01_it.o(i.MemManage_Handler)
    i.NMI_Handler                            0x00000b56   Section        0  ht32f1xxxx_01_it.o(i.NMI_Handler)
    i.NRF24L01_Check                         0x00000b58   Section        0  nrf24l01.o(i.NRF24L01_Check)
    i.NRF24L01_IRQ                           0x00000ba0   Section        0  nrf24l01.o(i.NRF24L01_IRQ)
    i.NRF24L01_Init                          0x00000bc4   Section        0  nrf24l01.o(i.NRF24L01_Init)
    i.NRF24L01_Read_Buf                      0x00000c14   Section        0  nrf24l01.o(i.NRF24L01_Read_Buf)
    i.NRF24L01_Read_Reg                      0x00000c5c   Section        0  nrf24l01.o(i.NRF24L01_Read_Reg)
    i.NRF24L01_TX_Mode                       0x00000c8c   Section        0  nrf24l01.o(i.NRF24L01_TX_Mode)
    i.NRF24L01_TxPacket                      0x00000cf8   Section        0  nrf24l01.o(i.NRF24L01_TxPacket)
    i.NRF24L01_Write_Buf                     0x00000d54   Section        0  nrf24l01.o(i.NRF24L01_Write_Buf)
    i.NRF24L01_Write_Reg                     0x00000d9c   Section        0  nrf24l01.o(i.NRF24L01_Write_Reg)
    i.PendSV_Handler                         0x00000dd0   Section        0  ht32f1xxxx_01_it.o(i.PendSV_Handler)
    i.SERIAL_PutChar                         0x00000dd2   Section        0  ht32_serial.o(i.SERIAL_PutChar)
    i.SPI0_Init                              0x00000df4   Section        0  spi.o(i.SPI0_Init)
    i.SPI0_ReadWriteByte                     0x00000e80   Section        0  spi.o(i.SPI0_ReadWriteByte)
    i.SPI_Cmd                                0x00000ece   Section        0  ht32f1xxxx_spi.o(i.SPI_Cmd)
    i.SPI_GetFlagStatus                      0x00000ee2   Section        0  ht32f1xxxx_spi.o(i.SPI_GetFlagStatus)
    i.SPI_Init                               0x00000ef0   Section        0  ht32f1xxxx_spi.o(i.SPI_Init)
    i.SPI_ReceiveData                        0x00000f3a   Section        0  ht32f1xxxx_spi.o(i.SPI_ReceiveData)
    i.SPI_SELOutputCmd                       0x00000f40   Section        0  ht32f1xxxx_spi.o(i.SPI_SELOutputCmd)
    i.SPI_SendData                           0x00000f54   Section        0  ht32f1xxxx_spi.o(i.SPI_SendData)
    i.SVC_Handler                            0x00000f58   Section        0  ht32f1xxxx_01_it.o(i.SVC_Handler)
    i.SysTick_Handler                        0x00000f5a   Section        0  ht32f1xxxx_01_it.o(i.SysTick_Handler)
    i.SystemInit                             0x00000f5c   Section        0  system_ht32f1xxxx_01.o(i.SystemInit)
    i.USART_GetFlagStatus                    0x00001024   Section        0  ht32f1xxxx_usart.o(i.USART_GetFlagStatus)
    i.USART_Init                             0x00001040   Section        0  ht32f1xxxx_usart.o(i.USART_Init)
    i.USART_SendData                         0x000010a8   Section        0  ht32f1xxxx_usart.o(i.USART_SendData)
    i.USART_TxRxCmd                          0x000010ac   Section        0  ht32f1xxxx_usart.o(i.USART_TxRxCmd)
    i.UsageFault_Handler                     0x000010c0   Section        0  ht32f1xxxx_01_it.o(i.UsageFault_Handler)
    i.__0printf$6                            0x000010c4   Section        0  printf6.o(i.__0printf$6)
    i.__scatterload_copy                     0x000010e4   Section       14  handlers.o(i.__scatterload_copy)
    i.__scatterload_null                     0x000010f2   Section        2  handlers.o(i.__scatterload_null)
    i.__scatterload_zeroinit                 0x000010f4   Section       14  handlers.o(i.__scatterload_zeroinit)
    i._printf_core                           0x00001104   Section        0  printf6.o(i._printf_core)
    _printf_core                             0x00001105   Thumb Code   748  printf6.o(i._printf_core)
    i._printf_post_padding                   0x000013f4   Section        0  printf6.o(i._printf_post_padding)
    _printf_post_padding                     0x000013f5   Thumb Code    36  printf6.o(i._printf_post_padding)
    i._printf_pre_padding                    0x00001418   Section        0  printf6.o(i._printf_pre_padding)
    _printf_pre_padding                      0x00001419   Thumb Code    46  printf6.o(i._printf_pre_padding)
    i.delay_init                             0x00001448   Section        0  delay.o(i.delay_init)
    i.delay_ms                               0x00001478   Section        0  delay.o(i.delay_ms)
    i.fputc                                  0x000014ac   Section        0  ht32_retarget.o(i.fputc)
    i.main                                   0x000014b0   Section        0  main.o(i.main)
    i.usart0_Init                            0x00001660   Section        0  usart0.o(i.usart0_Init)
    .constdata                               0x000016bc   Section       20  ht32_board.o(.constdata)
    .constdata                               0x000016d0   Section       10  nrf24l01.o(.constdata)
    .data                                    0x20000000   Section        4  system_ht32f1xxxx_01.o(.data)
    .data                                    0x20000004   Section        4  ht32_retarget.o(.data)
    .data                                    0x20000008   Section        2  key.o(.data)
    key_up1                                  0x20000008   Data           1  key.o(.data)
    key_up2                                  0x20000009   Data           1  key.o(.data)
    .data                                    0x2000000a   Section        4  delay.o(.data)
    fac_us                                   0x2000000a   Data           1  delay.o(.data)
    fac_ms                                   0x2000000c   Data           2  delay.o(.data)
    STACK                                    0x20000010   Section      512  startup_ht32f1xxxx_01.o(STACK)

    Global Symbols

    Symbol Name                              Value     Ov Type        Size  Object(Section)

    BuildAttributes$$THM_ISAv4$P$D$K$B$S$PE$A:L22UL41UL21$X:L11$S22US41US21$IEEE1$IW$USESV6$~STKCKD$USESV7$~SHL$OTIME$ROPI$EBA8$MICROLIB$REQ8$PRES8$EABIv2 0x00000000   Number         0  anon$$obj.o ABSOLUTE
    __ARM_use_no_argv                        0x00000000   Number         0  main.o ABSOLUTE
    __Vectors                                0x00000000   Data           0  startup_ht32f1xxxx_01.o(RESET)
    __use_no_errno                           0x00000000   Number         0  useno.o ABSOLUTE
    __use_no_exception_handling              0x00000000   Number         0  useno.o ABSOLUTE
    __use_no_fp                              0x00000000   Number         0  useno.o ABSOLUTE
    __use_no_heap                            0x00000000   Number         0  useno.o ABSOLUTE
    __use_no_heap_region                     0x00000000   Number         0  useno.o ABSOLUTE
    __use_no_semihosting                     0x00000000   Number         0  useno.o ABSOLUTE
    __use_no_semihosting_swi                 0x00000000   Number         0  useno.o ABSOLUTE
    __use_no_signal_handling                 0x00000000   Number         0  useno.o ABSOLUTE
    _printf_a                                0x00000000   Number         0  stubs.o ABSOLUTE
    _printf_c                                0x00000000   Number         0  stubs.o ABSOLUTE
    _printf_charcount                        0x00000000   Number         0  stubs.o ABSOLUTE
    _printf_d                                0x00000000   Number         0  stubs.o ABSOLUTE
    _printf_e                                0x00000000   Number         0  stubs.o ABSOLUTE
    _printf_f                                0x00000000   Number         0  stubs.o ABSOLUTE
    _printf_flags                            0x00000000   Number         0  stubs.o ABSOLUTE
    _printf_fp_dec                           0x00000000   Number         0  stubs.o ABSOLUTE
    _printf_fp_hex                           0x00000000   Number         0  stubs.o ABSOLUTE
    _printf_g                                0x00000000   Number         0  stubs.o ABSOLUTE
    _printf_i                                0x00000000   Number         0  stubs.o ABSOLUTE
    _printf_int_dec                          0x00000000   Number         0  stubs.o ABSOLUTE
    _printf_l                                0x00000000   Number         0  stubs.o ABSOLUTE
    _printf_lc                               0x00000000   Number         0  stubs.o ABSOLUTE
    _printf_ll                               0x00000000   Number         0  stubs.o ABSOLUTE
    _printf_lld                              0x00000000   Number         0  stubs.o ABSOLUTE
    _printf_lli                              0x00000000   Number         0  stubs.o ABSOLUTE
    _printf_llo                              0x00000000   Number         0  stubs.o ABSOLUTE
    _printf_llu                              0x00000000   Number         0  stubs.o ABSOLUTE
    _printf_llx                              0x00000000   Number         0  stubs.o ABSOLUTE
    _printf_longlong_dec                     0x00000000   Number         0  stubs.o ABSOLUTE
    _printf_longlong_hex                     0x00000000   Number         0  stubs.o ABSOLUTE
    _printf_longlong_oct                     0x00000000   Number         0  stubs.o ABSOLUTE
    _printf_ls                               0x00000000   Number         0  stubs.o ABSOLUTE
    _printf_mbtowc                           0x00000000   Number         0  stubs.o ABSOLUTE
    _printf_n                                0x00000000   Number         0  stubs.o ABSOLUTE
    _printf_o                                0x00000000   Number         0  stubs.o ABSOLUTE
    _printf_p                                0x00000000   Number         0  stubs.o ABSOLUTE
    _printf_percent                          0x00000000   Number         0  stubs.o ABSOLUTE
    _printf_pre_padding                      0x00000000   Number         0  stubs.o ABSOLUTE
    _printf_return_value                     0x00000000   Number         0  stubs.o ABSOLUTE
    _printf_s                                0x00000000   Number         0  stubs.o ABSOLUTE
    _printf_sizespec                         0x00000000   Number         0  stubs.o ABSOLUTE
    _printf_str                              0x00000000   Number         0  stubs.o ABSOLUTE
    _printf_truncate_signed                  0x00000000   Number         0  stubs.o ABSOLUTE
    _printf_truncate_unsigned                0x00000000   Number         0  stubs.o ABSOLUTE
    _printf_u                                0x00000000   Number         0  stubs.o ABSOLUTE
    _printf_wc                               0x00000000   Number         0  stubs.o ABSOLUTE
    _printf_wctomb                           0x00000000   Number         0  stubs.o ABSOLUTE
    _printf_widthprec                        0x00000000   Number         0  stubs.o ABSOLUTE
    _printf_x                                0x00000000   Number         0  stubs.o ABSOLUTE
    __cpp_initialize__aeabi_                  - Undefined Weak Reference
    __cxa_finalize                            - Undefined Weak Reference
    __decompress                              - Undefined Weak Reference
    _clock_init                               - Undefined Weak Reference
    _microlib_exit                            - Undefined Weak Reference
    Reset_Handler                            0x00000155   Thumb Code     8  startup_ht32f1xxxx_01.o(RESET)
    ADC_IRQHandler                           0x0000016f   Thumb Code     0  startup_ht32f1xxxx_01.o(RESET)
    AES_IRQHandler                           0x0000016f   Thumb Code     0  startup_ht32f1xxxx_01.o(RESET)
    BFTM0_IRQHandler                         0x0000016f   Thumb Code     0  startup_ht32f1xxxx_01.o(RESET)
    BFTM1_IRQHandler                         0x0000016f   Thumb Code     0  startup_ht32f1xxxx_01.o(RESET)
    BOD_IRQHandler                           0x0000016f   Thumb Code     0  startup_ht32f1xxxx_01.o(RESET)
    CKRDY_IRQHandler                         0x0000016f   Thumb Code     0  startup_ht32f1xxxx_01.o(RESET)
    COMP_IRQHandler                          0x0000016f   Thumb Code     0  startup_ht32f1xxxx_01.o(RESET)
    CSIF_IRQHandler                          0x0000016f   Thumb Code     0  startup_ht32f1xxxx_01.o(RESET)
    EBI_IRQHandler                           0x0000016f   Thumb Code     0  startup_ht32f1xxxx_01.o(RESET)
    EVWUP_IRQHandler                         0x0000016f   Thumb Code     0  startup_ht32f1xxxx_01.o(RESET)
    EXTI0_IRQHandler                         0x0000016f   Thumb Code     0  startup_ht32f1xxxx_01.o(RESET)
    EXTI10_IRQHandler                        0x0000016f   Thumb Code     0  startup_ht32f1xxxx_01.o(RESET)
    EXTI11_IRQHandler                        0x0000016f   Thumb Code     0  startup_ht32f1xxxx_01.o(RESET)
    EXTI12_IRQHandler                        0x0000016f   Thumb Code     0  startup_ht32f1xxxx_01.o(RESET)
    EXTI13_IRQHandler                        0x0000016f   Thumb Code     0  startup_ht32f1xxxx_01.o(RESET)
    EXTI14_IRQHandler                        0x0000016f   Thumb Code     0  startup_ht32f1xxxx_01.o(RESET)
    EXTI15_IRQHandler                        0x0000016f   Thumb Code     0  startup_ht32f1xxxx_01.o(RESET)
    EXTI1_IRQHandler                         0x0000016f   Thumb Code     0  startup_ht32f1xxxx_01.o(RESET)
    EXTI2_IRQHandler                         0x0000016f   Thumb Code     0  startup_ht32f1xxxx_01.o(RESET)
    EXTI3_IRQHandler                         0x0000016f   Thumb Code     0  startup_ht32f1xxxx_01.o(RESET)
    EXTI4_IRQHandler                         0x0000016f   Thumb Code     0  startup_ht32f1xxxx_01.o(RESET)
    EXTI5_IRQHandler                         0x0000016f   Thumb Code     0  startup_ht32f1xxxx_01.o(RESET)
    EXTI6_IRQHandler                         0x0000016f   Thumb Code     0  startup_ht32f1xxxx_01.o(RESET)
    EXTI7_IRQHandler                         0x0000016f   Thumb Code     0  startup_ht32f1xxxx_01.o(RESET)
    EXTI8_IRQHandler                         0x0000016f   Thumb Code     0  startup_ht32f1xxxx_01.o(RESET)
    EXTI9_IRQHandler                         0x0000016f   Thumb Code     0  startup_ht32f1xxxx_01.o(RESET)
    FLASH_IRQHandler                         0x0000016f   Thumb Code     0  startup_ht32f1xxxx_01.o(RESET)
    GPTM0_IRQHandler                         0x0000016f   Thumb Code     0  startup_ht32f1xxxx_01.o(RESET)
    GPTM1_IRQHandler                         0x0000016f   Thumb Code     0  startup_ht32f1xxxx_01.o(RESET)
    I2C0_IRQHandler                          0x0000016f   Thumb Code     0  startup_ht32f1xxxx_01.o(RESET)
    I2C1_IRQHandler                          0x0000016f   Thumb Code     0  startup_ht32f1xxxx_01.o(RESET)
    I2S_IRQHandler                           0x0000016f   Thumb Code     0  startup_ht32f1xxxx_01.o(RESET)
    LPWUP_IRQHandler                         0x0000016f   Thumb Code     0  startup_ht32f1xxxx_01.o(RESET)
    LVD_IRQHandler                           0x0000016f   Thumb Code     0  startup_ht32f1xxxx_01.o(RESET)
    MCTM0BRK_IRQHandler                      0x0000016f   Thumb Code     0  startup_ht32f1xxxx_01.o(RESET)
    MCTM0CC_IRQHandler                       0x0000016f   Thumb Code     0  startup_ht32f1xxxx_01.o(RESET)
    MCTM0TR_IRQHandler                       0x0000016f   Thumb Code     0  startup_ht32f1xxxx_01.o(RESET)
    MCTM0UP_IRQHandler                       0x0000016f   Thumb Code     0  startup_ht32f1xxxx_01.o(RESET)
    MCTM1BRK_IRQHandler                      0x0000016f   Thumb Code     0  startup_ht32f1xxxx_01.o(RESET)
    MCTM1CC_IRQHandler                       0x0000016f   Thumb Code     0  startup_ht32f1xxxx_01.o(RESET)
    MCTM1TR_IRQHandler                       0x0000016f   Thumb Code     0  startup_ht32f1xxxx_01.o(RESET)
    MCTM1UP_IRQHandler                       0x0000016f   Thumb Code     0  startup_ht32f1xxxx_01.o(RESET)
    PDMA_CH0_IRQHandler                      0x0000016f   Thumb Code     0  startup_ht32f1xxxx_01.o(RESET)
    PDMA_CH10_IRQHandler                     0x0000016f   Thumb Code     0  startup_ht32f1xxxx_01.o(RESET)
    PDMA_CH11_IRQHandler                     0x0000016f   Thumb Code     0  startup_ht32f1xxxx_01.o(RESET)
    PDMA_CH1_IRQHandler                      0x0000016f   Thumb Code     0  startup_ht32f1xxxx_01.o(RESET)
    PDMA_CH2_IRQHandler                      0x0000016f   Thumb Code     0  startup_ht32f1xxxx_01.o(RESET)
    PDMA_CH3_IRQHandler                      0x0000016f   Thumb Code     0  startup_ht32f1xxxx_01.o(RESET)
    PDMA_CH4_IRQHandler                      0x0000016f   Thumb Code     0  startup_ht32f1xxxx_01.o(RESET)
    PDMA_CH5_IRQHandler                      0x0000016f   Thumb Code     0  startup_ht32f1xxxx_01.o(RESET)
    PDMA_CH6_IRQHandler                      0x0000016f   Thumb Code     0  startup_ht32f1xxxx_01.o(RESET)
    PDMA_CH7_IRQHandler                      0x0000016f   Thumb Code     0  startup_ht32f1xxxx_01.o(RESET)
    PDMA_CH8_IRQHandler                      0x0000016f   Thumb Code     0  startup_ht32f1xxxx_01.o(RESET)
    PDMA_CH9_IRQHandler                      0x0000016f   Thumb Code     0  startup_ht32f1xxxx_01.o(RESET)
    RTC_IRQHandler                           0x0000016f   Thumb Code     0  startup_ht32f1xxxx_01.o(RESET)
    SCI_IRQHandler                           0x0000016f   Thumb Code     0  startup_ht32f1xxxx_01.o(RESET)
    SDIO_IRQHandler                          0x0000016f   Thumb Code     0  startup_ht32f1xxxx_01.o(RESET)
    SPI0_IRQHandler                          0x0000016f   Thumb Code     0  startup_ht32f1xxxx_01.o(RESET)
    SPI1_IRQHandler                          0x0000016f   Thumb Code     0  startup_ht32f1xxxx_01.o(RESET)
    UART0_IRQHandler                         0x0000016f   Thumb Code     0  startup_ht32f1xxxx_01.o(RESET)
    UART1_IRQHandler                         0x0000016f   Thumb Code     0  startup_ht32f1xxxx_01.o(RESET)
    USART0_IRQHandler                        0x0000016f   Thumb Code     0  startup_ht32f1xxxx_01.o(RESET)
    USART1_IRQHandler                        0x0000016f   Thumb Code     0  startup_ht32f1xxxx_01.o(RESET)
    USB_IRQHandler                           0x0000016f   Thumb Code     0  startup_ht32f1xxxx_01.o(RESET)
    WDT_IRQHandler                           0x0000016f   Thumb Code     0  startup_ht32f1xxxx_01.o(RESET)
    __main                                   0x00000179   Thumb Code     0  entry.o(.ARM.Collect$$$$00000000)
    _main_stk                                0x00000179   Thumb Code     0  entry2.o(.ARM.Collect$$$$00000001)
    _main_scatterload                        0x0000017d   Thumb Code     0  entry5.o(.ARM.Collect$$$$00000004)
    __main_after_scatterload                 0x00000181   Thumb Code     0  entry5.o(.ARM.Collect$$$$00000004)
    _main_clock                              0x00000181   Thumb Code     0  entry7b.o(.ARM.Collect$$$$00000008)
    _main_cpp_init                           0x00000181   Thumb Code     0  entry8b.o(.ARM.Collect$$$$0000000A)
    _main_init                               0x00000181   Thumb Code     0  entry9a.o(.ARM.Collect$$$$0000000B)
    __rt_final_cpp                           0x00000189   Thumb Code     0  entry10a.o(.ARM.Collect$$$$0000000D)
    __rt_final_exit                          0x00000189   Thumb Code     0  entry11a.o(.ARM.Collect$$$$0000000F)
    __aeabi_i2d                              0x0000018d   Thumb Code    34  dflti.o(.text)
    __aeabi_cdrcmple                         0x000001b1   Thumb Code    48  cdrcmple.o(.text)
    __aeabi_uidiv                            0x000001e1   Thumb Code     0  uidiv.o(.text)
    __aeabi_uidivmod                         0x000001e1   Thumb Code    44  uidiv.o(.text)
    __aeabi_llsl                             0x0000020d   Thumb Code    30  llshl.o(.text)
    _ll_shift_l                              0x0000020d   Thumb Code     0  llshl.o(.text)
    __I$use$fp                               0x0000022b   Thumb Code     0  iusefp.o(.text)
    _double_round                            0x0000022b   Thumb Code    30  depilogue.o(.text)
    _double_epilogue                         0x00000249   Thumb Code   156  depilogue.o(.text)
    __scatterload                            0x000002e5   Thumb Code    28  init.o(.text)
    __scatterload_rt2                        0x000002e5   Thumb Code     0  init.o(.text)
    __aeabi_llsr                             0x00000309   Thumb Code    32  llushr.o(.text)
    _ll_ushift_r                             0x00000309   Thumb Code     0  llushr.o(.text)
    AFIO_GPxConfig                           0x00000329   Thumb Code    94  ht32f1xxxx_gpio.o(i.AFIO_GPxConfig)
    BusFault_Handler                         0x0000038d   Thumb Code     2  ht32f1xxxx_01_it.o(i.BusFault_Handler)
    CKCU_GetClocksFrequency                  0x00000391   Thumb Code    76  ht32f1xxxx_ckcu.o(i.CKCU_GetClocksFrequency)
    CKCU_GetPLLFrequency                     0x000003e5   Thumb Code    52  ht32f1xxxx_ckcu.o(i.CKCU_GetPLLFrequency)
    CKCU_GetPeripFrequency                   0x00000425   Thumb Code    16  ht32f1xxxx_ckcu.o(i.CKCU_GetPeripFrequency)
    CKCU_PeripClockConfig                    0x00000435   Thumb Code    32  ht32f1xxxx_ckcu.o(i.CKCU_PeripClockConfig)
    DebugMon_Handler                         0x00000459   Thumb Code     2  ht32f1xxxx_01_it.o(i.DebugMon_Handler)
    GPIO_DirectionConfig                     0x0000045b   Thumb Code    16  ht32f1xxxx_gpio.o(i.GPIO_DirectionConfig)
    GPIO_InputConfig                         0x0000046b   Thumb Code    16  ht32f1xxxx_gpio.o(i.GPIO_InputConfig)
    GPIO_PullResistorConfig                  0x0000047b   Thumb Code    40  ht32f1xxxx_gpio.o(i.GPIO_PullResistorConfig)
    GPIO_ReadInBit                           0x000004a3   Thumb Code    10  ht32f1xxxx_gpio.o(i.GPIO_ReadInBit)
    GPIO_SetOutBits                          0x000004ad   Thumb Code     4  ht32f1xxxx_gpio.o(i.GPIO_SetOutBits)
    GPIO_WriteOutBits                        0x000004b1   Thumb Code    10  ht32f1xxxx_gpio.o(i.GPIO_WriteOutBits)
    HardFault_Handler                        0x000004bb   Thumb Code     2  ht32f1xxxx_01_it.o(i.HardFault_Handler)
    KEY_Init                                 0x000004bd   Thumb Code   136  key.o(i.KEY_Init)
    KEY_Scan                                 0x0000054d   Thumb Code   240  key.o(i.KEY_Scan)
    LED_Init                                 0x00000649   Thumb Code    56  led.o(i.LED_Init)
    MPU_Get_Gyroscope                        0x00000685   Thumb Code    46  mpu6050.o(i.MPU_Get_Gyroscope)
    MPU_IIC_Ack                              0x000006b5   Thumb Code    72  mpuiic.o(i.MPU_IIC_Ack)
    MPU_IIC_Delay                            0x00000701   Thumb Code    20  mpuiic.o(i.MPU_IIC_Delay)
    MPU_IIC_Init                             0x00000715   Thumb Code    66  mpuiic.o(i.MPU_IIC_Init)
    MPU_IIC_NAck                             0x0000075d   Thumb Code    72  mpuiic.o(i.MPU_IIC_NAck)
    MPU_IIC_Read_Byte                        0x000007a9   Thumb Code   116  mpuiic.o(i.MPU_IIC_Read_Byte)
    MPU_IIC_Send_Byte                        0x00000821   Thumb Code    94  mpuiic.o(i.MPU_IIC_Send_Byte)
    MPU_IIC_Start                            0x00000885   Thumb Code    70  mpuiic.o(i.MPU_IIC_Start)
    MPU_IIC_Stop                             0x000008d1   Thumb Code    70  mpuiic.o(i.MPU_IIC_Stop)
    MPU_IIC_Wait_Ack                         0x0000091d   Thumb Code   108  mpuiic.o(i.MPU_IIC_Wait_Ack)
    MPU_Init                                 0x0000098d   Thumb Code   118  mpu6050.o(i.MPU_Init)
    MPU_Read_Byte                            0x00000a03   Thumb Code    58  mpu6050.o(i.MPU_Read_Byte)
    MPU_Read_Len                             0x00000a3d   Thumb Code   106  mpu6050.o(i.MPU_Read_Len)
    MPU_Set_Accel_Fsr                        0x00000aa7   Thumb Code    10  mpu6050.o(i.MPU_Set_Accel_Fsr)
    MPU_Set_Gyro_Fsr                         0x00000ab1   Thumb Code    10  mpu6050.o(i.MPU_Set_Gyro_Fsr)
    MPU_Set_LPF                              0x00000abb   Thumb Code    48  mpu6050.o(i.MPU_Set_LPF)
    MPU_Set_Rate                             0x00000aeb   Thumb Code    46  mpu6050.o(i.MPU_Set_Rate)
    MPU_Write_Byte                           0x00000b19   Thumb Code    60  mpu6050.o(i.MPU_Write_Byte)
    MemManage_Handler                        0x00000b55   Thumb Code     2  ht32f1xxxx_01_it.o(i.MemManage_Handler)
    NMI_Handler                              0x00000b57   Thumb Code     2  ht32f1xxxx_01_it.o(i.NMI_Handler)
    NRF24L01_Check                           0x00000b59   Thumb Code    62  nrf24l01.o(i.NRF24L01_Check)
    NRF24L01_IRQ                             0x00000ba1   Thumb Code    32  nrf24l01.o(i.NRF24L01_IRQ)
    NRF24L01_Init                            0x00000bc5   Thumb Code    76  nrf24l01.o(i.NRF24L01_Init)
    NRF24L01_Read_Buf                        0x00000c15   Thumb Code    68  nrf24l01.o(i.NRF24L01_Read_Buf)
    NRF24L01_Read_Reg                        0x00000c5d   Thumb Code    44  nrf24l01.o(i.NRF24L01_Read_Reg)
    NRF24L01_TX_Mode                         0x00000c8d   Thumb Code    98  nrf24l01.o(i.NRF24L01_TX_Mode)
    NRF24L01_TxPacket                        0x00000cf9   Thumb Code    88  nrf24l01.o(i.NRF24L01_TxPacket)
    NRF24L01_Write_Buf                       0x00000d55   Thumb Code    68  nrf24l01.o(i.NRF24L01_Write_Buf)
    NRF24L01_Write_Reg                       0x00000d9d   Thumb Code    46  nrf24l01.o(i.NRF24L01_Write_Reg)
    PendSV_Handler                           0x00000dd1   Thumb Code     2  ht32f1xxxx_01_it.o(i.PendSV_Handler)
    SERIAL_PutChar                           0x00000dd3   Thumb Code    32  ht32_serial.o(i.SERIAL_PutChar)
    SPI0_Init                                0x00000df5   Thumb Code   136  spi.o(i.SPI0_Init)
    SPI0_ReadWriteByte                       0x00000e81   Thumb Code    78  spi.o(i.SPI0_ReadWriteByte)
    SPI_Cmd                                  0x00000ecf   Thumb Code    20  ht32f1xxxx_spi.o(i.SPI_Cmd)
    SPI_GetFlagStatus                        0x00000ee3   Thumb Code    14  ht32f1xxxx_spi.o(i.SPI_GetFlagStatus)
    SPI_Init                                 0x00000ef1   Thumb Code    74  ht32f1xxxx_spi.o(i.SPI_Init)
    SPI_ReceiveData                          0x00000f3b   Thumb Code     6  ht32f1xxxx_spi.o(i.SPI_ReceiveData)
    SPI_SELOutputCmd                         0x00000f41   Thumb Code    20  ht32f1xxxx_spi.o(i.SPI_SELOutputCmd)
    SPI_SendData                             0x00000f55   Thumb Code     4  ht32f1xxxx_spi.o(i.SPI_SendData)
    SVC_Handler                              0x00000f59   Thumb Code     2  ht32f1xxxx_01_it.o(i.SVC_Handler)
    SysTick_Handler                          0x00000f5b   Thumb Code     2  ht32f1xxxx_01_it.o(i.SysTick_Handler)
    SystemInit                               0x00000f5d   Thumb Code   174  system_ht32f1xxxx_01.o(i.SystemInit)
    USART_GetFlagStatus                      0x00001025   Thumb Code    28  ht32f1xxxx_usart.o(i.USART_GetFlagStatus)
    USART_Init                               0x00001041   Thumb Code    90  ht32f1xxxx_usart.o(i.USART_Init)
    USART_SendData                           0x000010a9   Thumb Code     4  ht32f1xxxx_usart.o(i.USART_SendData)
    USART_TxRxCmd                            0x000010ad   Thumb Code    20  ht32f1xxxx_usart.o(i.USART_TxRxCmd)
    UsageFault_Handler                       0x000010c1   Thumb Code     2  ht32f1xxxx_01_it.o(i.UsageFault_Handler)
    __0printf$6                              0x000010c5   Thumb Code    22  printf6.o(i.__0printf$6)
    __1printf$6                              0x000010c5   Thumb Code     0  printf6.o(i.__0printf$6)
    __2printf                                0x000010c5   Thumb Code     0  printf6.o(i.__0printf$6)
    __scatterload_copy                       0x000010e5   Thumb Code    14  handlers.o(i.__scatterload_copy)
    __scatterload_null                       0x000010f3   Thumb Code     2  handlers.o(i.__scatterload_null)
    __scatterload_zeroinit                   0x000010f5   Thumb Code    14  handlers.o(i.__scatterload_zeroinit)
    delay_init                               0x00001449   Thumb Code    36  delay.o(i.delay_init)
    delay_ms                                 0x00001479   Thumb Code    46  delay.o(i.delay_ms)
    fputc                                    0x000014ad   Thumb Code     4  ht32_retarget.o(i.fputc)
    main                                     0x000014b1   Thumb Code   368  main.o(i.main)
    usart0_Init                              0x00001661   Thumb Code    92  usart0.o(i.usart0_Init)
    GPIO_PORT                                0x000016bc   Data          20  ht32_board.o(.constdata)
    TX_ADDRESS                               0x000016d0   Data           5  nrf24l01.o(.constdata)
    RX_ADDRESS                               0x000016d5   Data           5  nrf24l01.o(.constdata)
    Region$$Table$$Base                      0x000016dc   Number         0  anon$$obj.o(Region$$Table)
    Region$$Table$$Limit                     0x000016fc   Number         0  anon$$obj.o(Region$$Table)
    SystemCoreClock                          0x20000000   Data           4  system_ht32f1xxxx_01.o(.data)
    __stdout                                 0x20000004   Data           4  ht32_retarget.o(.data)
    __initial_sp                             0x20000210   Data           0  startup_ht32f1xxxx_01.o(STACK)



==============================================================================

Memory Map of the image

  Image Entry point : 0x00000155

  Load Region LR_1 (Base: 0x00000000, Size: 0x0000170c, Max: 0xffffffff, ABSOLUTE)

    Execution Region ER_RO (Base: 0x00000000, Size: 0x000016fc, Max: 0xffffffff, ABSOLUTE)

    Base Addr    Size         Type   Attr      Idx    E Section Name        Object

    0x00000000   0x00000178   Code   RO          426  * RESET               startup_ht32f1xxxx_01.o
    0x00000178   0x00000000   Code   RO         4163  * .ARM.Collect$$$$00000000  mc_w.l(entry.o)
    0x00000178   0x00000004   Code   RO         4441    .ARM.Collect$$$$00000001  mc_w.l(entry2.o)
    0x0000017c   0x00000004   Code   RO         4444    .ARM.Collect$$$$00000004  mc_w.l(entry5.o)
    0x00000180   0x00000000   Code   RO         4446    .ARM.Collect$$$$00000008  mc_w.l(entry7b.o)
    0x00000180   0x00000000   Code   RO         4448    .ARM.Collect$$$$0000000A  mc_w.l(entry8b.o)
    0x00000180   0x00000008   Code   RO         4449    .ARM.Collect$$$$0000000B  mc_w.l(entry9a.o)
    0x00000188   0x00000000   Code   RO         4451    .ARM.Collect$$$$0000000D  mc_w.l(entry10a.o)
    0x00000188   0x00000000   Code   RO         4453    .ARM.Collect$$$$0000000F  mc_w.l(entry11a.o)
    0x00000188   0x00000004   Code   RO         4442    .ARM.Collect$$$$00002712  mc_w.l(entry2.o)
    0x0000018c   0x00000022   Code   RO         4433    .text               mf_w.l(dflti.o)
    0x000001ae   0x00000002   PAD
    0x000001b0   0x00000030   Code   RO         4437    .text               mf_w.l(cdrcmple.o)
    0x000001e0   0x0000002c   Code   RO         4455    .text               mc_w.l(uidiv.o)
    0x0000020c   0x0000001e   Code   RO         4459    .text               mc_w.l(llshl.o)
    0x0000022a   0x00000000   Code   RO         4463    .text               mc_w.l(iusefp.o)
    0x0000022a   0x000000ba   Code   RO         4466    .text               mf_w.l(depilogue.o)
    0x000002e4   0x00000024   Code   RO         4472    .text               mc_w.l(init.o)
    0x00000308   0x00000020   Code   RO         4474    .text               mc_w.l(llushr.o)
    0x00000328   0x00000064   Code   RO         1444    i.AFIO_GPxConfig    ht32f1xxxx_gpio.o
    0x0000038c   0x00000002   Code   RO          199    i.BusFault_Handler  ht32f1xxxx_01_it.o
    0x0000038e   0x00000002   PAD
    0x00000390   0x00000054   Code   RO          822    i.CKCU_GetClocksFrequency  ht32f1xxxx_ckcu.o
    0x000003e4   0x00000040   Code   RO          824    i.CKCU_GetPLLFrequency  ht32f1xxxx_ckcu.o
    0x00000424   0x00000010   Code   RO          825    i.CKCU_GetPeripFrequency  ht32f1xxxx_ckcu.o
    0x00000434   0x00000024   Code   RO          837    i.CKCU_PeripClockConfig  ht32f1xxxx_ckcu.o
    0x00000458   0x00000002   Code   RO          200    i.DebugMon_Handler  ht32f1xxxx_01_it.o
    0x0000045a   0x00000010   Code   RO         1447    i.GPIO_DirectionConfig  ht32f1xxxx_gpio.o
    0x0000046a   0x00000010   Code   RO         1450    i.GPIO_InputConfig  ht32f1xxxx_gpio.o
    0x0000047a   0x00000028   Code   RO         1455    i.GPIO_PullResistorConfig  ht32f1xxxx_gpio.o
    0x000004a2   0x0000000a   Code   RO         1456    i.GPIO_ReadInBit    ht32f1xxxx_gpio.o
    0x000004ac   0x00000004   Code   RO         1460    i.GPIO_SetOutBits   ht32f1xxxx_gpio.o
    0x000004b0   0x0000000a   Code   RO         1461    i.GPIO_WriteOutBits  ht32f1xxxx_gpio.o
    0x000004ba   0x00000002   Code   RO          201    i.HardFault_Handler  ht32f1xxxx_01_it.o
    0x000004bc   0x00000090   Code   RO         4067    i.KEY_Init          key.o
    0x0000054c   0x000000fc   Code   RO         4068    i.KEY_Scan          key.o
    0x00000648   0x0000003c   Code   RO         4101    i.LED_Init          led.o
    0x00000684   0x0000002e   Code   RO         3741    i.MPU_Get_Gyroscope  mpu6050.o
    0x000006b2   0x00000002   PAD
    0x000006b4   0x0000004c   Code   RO         3838    i.MPU_IIC_Ack       mpuiic.o
    0x00000700   0x00000014   Code   RO         3839    i.MPU_IIC_Delay     mpuiic.o
    0x00000714   0x00000048   Code   RO         3840    i.MPU_IIC_Init      mpuiic.o
    0x0000075c   0x0000004c   Code   RO         3841    i.MPU_IIC_NAck      mpuiic.o
    0x000007a8   0x00000078   Code   RO         3842    i.MPU_IIC_Read_Byte  mpuiic.o
    0x00000820   0x00000064   Code   RO         3843    i.MPU_IIC_Send_Byte  mpuiic.o
    0x00000884   0x0000004c   Code   RO         3844    i.MPU_IIC_Start     mpuiic.o
    0x000008d0   0x0000004c   Code   RO         3845    i.MPU_IIC_Stop      mpuiic.o
    0x0000091c   0x00000070   Code   RO         3846    i.MPU_IIC_Wait_Ack  mpuiic.o
    0x0000098c   0x00000076   Code   RO         3743    i.MPU_Init          mpu6050.o
    0x00000a02   0x0000003a   Code   RO         3744    i.MPU_Read_Byte     mpu6050.o
    0x00000a3c   0x0000006a   Code   RO         3745    i.MPU_Read_Len      mpu6050.o
    0x00000aa6   0x0000000a   Code   RO         3746    i.MPU_Set_Accel_Fsr  mpu6050.o
    0x00000ab0   0x0000000a   Code   RO         3747    i.MPU_Set_Gyro_Fsr  mpu6050.o
    0x00000aba   0x00000030   Code   RO         3748    i.MPU_Set_LPF       mpu6050.o
    0x00000aea   0x0000002e   Code   RO         3749    i.MPU_Set_Rate      mpu6050.o
    0x00000b18   0x0000003c   Code   RO         3750    i.MPU_Write_Byte    mpu6050.o
    0x00000b54   0x00000002   Code   RO          202    i.MemManage_Handler  ht32f1xxxx_01_it.o
    0x00000b56   0x00000002   Code   RO          203    i.NMI_Handler       ht32f1xxxx_01_it.o
    0x00000b58   0x00000048   Code   RO         3910    i.NRF24L01_Check    nrf24l01.o
    0x00000ba0   0x00000024   Code   RO         3911    i.NRF24L01_IRQ      nrf24l01.o
    0x00000bc4   0x00000050   Code   RO         3912    i.NRF24L01_Init     nrf24l01.o
    0x00000c14   0x00000048   Code   RO         3914    i.NRF24L01_Read_Buf  nrf24l01.o
    0x00000c5c   0x00000030   Code   RO         3915    i.NRF24L01_Read_Reg  nrf24l01.o
    0x00000c8c   0x0000006c   Code   RO         3917    i.NRF24L01_TX_Mode  nrf24l01.o
    0x00000cf8   0x0000005c   Code   RO         3918    i.NRF24L01_TxPacket  nrf24l01.o
    0x00000d54   0x00000048   Code   RO         3919    i.NRF24L01_Write_Buf  nrf24l01.o
    0x00000d9c   0x00000034   Code   RO         3920    i.NRF24L01_Write_Reg  nrf24l01.o
    0x00000dd0   0x00000002   Code   RO          204    i.PendSV_Handler    ht32f1xxxx_01_it.o
    0x00000dd2   0x00000020   Code   RO         3663    i.SERIAL_PutChar    ht32_serial.o
    0x00000df2   0x00000002   PAD
    0x00000df4   0x0000008c   Code   RO         4001    i.SPI0_Init         spi.o
    0x00000e80   0x0000004e   Code   RO         4002    i.SPI0_ReadWriteByte  spi.o
    0x00000ece   0x00000014   Code   RO         2458    i.SPI_Cmd           ht32f1xxxx_spi.o
    0x00000ee2   0x0000000e   Code   RO         2466    i.SPI_GetFlagStatus  ht32f1xxxx_spi.o
    0x00000ef0   0x0000004a   Code   RO         2467    i.SPI_Init          ht32f1xxxx_spi.o
    0x00000f3a   0x00000006   Code   RO         2470    i.SPI_ReceiveData   ht32f1xxxx_spi.o
    0x00000f40   0x00000014   Code   RO         2473    i.SPI_SELOutputCmd  ht32f1xxxx_spi.o
    0x00000f54   0x00000004   Code   RO         2474    i.SPI_SendData      ht32f1xxxx_spi.o
    0x00000f58   0x00000002   Code   RO          205    i.SVC_Handler       ht32f1xxxx_01_it.o
    0x00000f5a   0x00000002   Code   RO          206    i.SysTick_Handler   ht32f1xxxx_01_it.o
    0x00000f5c   0x000000c8   Code   RO          389    i.SystemInit        system_ht32f1xxxx_01.o
    0x00001024   0x0000001c   Code   RO         3008    i.USART_GetFlagStatus  ht32f1xxxx_usart.o
    0x00001040   0x00000068   Code   RO         3013    i.USART_Init        ht32f1xxxx_usart.o
    0x000010a8   0x00000004   Code   RO         3024    i.USART_SendData    ht32f1xxxx_usart.o
    0x000010ac   0x00000014   Code   RO         3035    i.USART_TxRxCmd     ht32f1xxxx_usart.o
    0x000010c0   0x00000002   Code   RO          207    i.UsageFault_Handler  ht32f1xxxx_01_it.o
    0x000010c2   0x00000002   PAD
    0x000010c4   0x00000020   Code   RO         4321    i.__0printf$6       mc_w.l(printf6.o)
    0x000010e4   0x0000000e   Code   RO         4478    i.__scatterload_copy  mc_w.l(handlers.o)
    0x000010f2   0x00000002   Code   RO         4479    i.__scatterload_null  mc_w.l(handlers.o)
    0x000010f4   0x0000000e   Code   RO         4480    i.__scatterload_zeroinit  mc_w.l(handlers.o)
    0x00001102   0x00000002   PAD
    0x00001104   0x000002f0   Code   RO         4328    i._printf_core      mc_w.l(printf6.o)
    0x000013f4   0x00000024   Code   RO         4329    i._printf_post_padding  mc_w.l(printf6.o)
    0x00001418   0x0000002e   Code   RO         4330    i._printf_pre_padding  mc_w.l(printf6.o)
    0x00001446   0x00000002   PAD
    0x00001448   0x00000030   Code   RO         4128    i.delay_init        delay.o
    0x00001478   0x00000034   Code   RO         4129    i.delay_ms          delay.o
    0x000014ac   0x00000004   Code   RO         3582    i.fputc             ht32_retarget.o
    0x000014b0   0x000001b0   Code   RO            4    i.main              main.o
    0x00001660   0x0000005c   Code   RO         4040    i.usart0_Init       usart0.o
    0x000016bc   0x00000014   Data   RO         3698    .constdata          ht32_board.o
    0x000016d0   0x0000000a   Data   RO         3921    .constdata          nrf24l01.o
    0x000016da   0x00000002   PAD
    0x000016dc   0x00000020   Data   RO         4476    Region$$Table       anon$$obj.o


    Execution Region ER_RW (Base: 0x20000000, Size: 0x00000010, Max: 0xffffffff, ABSOLUTE)

    Base Addr    Size         Type   Attr      Idx    E Section Name        Object

    0x20000000   0x00000004   Data   RW          390    .data               system_ht32f1xxxx_01.o
    0x20000004   0x00000004   Data   RW         3583    .data               ht32_retarget.o
    0x20000008   0x00000002   Data   RW         4069    .data               key.o
    0x2000000a   0x00000004   Data   RW         4131    .data               delay.o


    Execution Region ER_ZI (Base: 0x20000010, Size: 0x00000200, Max: 0xffffffff, ABSOLUTE)

    Base Addr    Size         Type   Attr      Idx    E Section Name        Object

    0x20000010   0x00000200   Zero   RW          424    STACK               startup_ht32f1xxxx_01.o


==============================================================================

Image component sizes


      Code (inc. data)   RO Data    RW Data    ZI Data      Debug   Object Name

       100         18          0          4          0       1096   delay.o
         0          0         20          0          0        957   ht32_board.o
         4          0          0          4          0       2510   ht32_retarget.o
        32          0          0          0          0        577   ht32_serial.o
        18          0          0          0          0      41622   ht32f1xxxx_01_it.o
       200         24          0          0          0      11588   ht32f1xxxx_ckcu.o
       196          6          0          0          0       8848   ht32f1xxxx_gpio.o
       138          0          0          0          0       9717   ht32f1xxxx_spi.o
       156         14          0          0          0      10924   ht32f1xxxx_usart.o
       396         20          0          2          0       1382   key.o
        60          4          0          0          0        503   led.o
       432         64          0          0          0      19839   main.o
       502          0          0          0          0       5409   mpu6050.o
       728         40          0          0          0       5158   mpuiic.o
       632         50         10          0          0       5717   nrf24l01.o
       218          4          0          0          0       1205   spi.o
       376        348          0          0        512        776   startup_ht32f1xxxx_01.o
       200         26          0          4          0       1871   system_ht32f1xxxx_01.o
        92          0          0          0          0        574   usart0.o

    ----------------------------------------------------------------------
      4488        618         64         16        512     130273   Object Totals
         0          0         32          0          0          0   (incl. Generated)
         8          0          2          2          0          0   (incl. Padding)

    ----------------------------------------------------------------------

      Code (inc. data)   RO Data    RW Data    ZI Data      Debug   Library Member Name

         0          0          0          0          0          0   entry.o
         0          0          0          0          0          0   entry10a.o
         0          0          0          0          0          0   entry11a.o
         8          4          0          0          0          0   entry2.o
         4          0          0          0          0          0   entry5.o
         0          0          0          0          0          0   entry7b.o
         0          0          0          0          0          0   entry8b.o
         8          4          0          0          0          0   entry9a.o
        30          0          0          0          0          0   handlers.o
        36          8          0          0          0         68   init.o
         0          0          0          0          0          0   iusefp.o
        30          0          0          0          0         68   llshl.o
        32          0          0          0          0         68   llushr.o
       866         14          0          0          0        352   printf6.o
        44          0          0          0          0         80   uidiv.o
        48          0          0          0          0         68   cdrcmple.o
       186          0          0          0          0        176   depilogue.o
        34          0          0          0          0         76   dflti.o

    ----------------------------------------------------------------------
      1332         30          0          0          0        956   Library Totals
         6          0          0          0          0          0   (incl. Padding)

    ----------------------------------------------------------------------

      Code (inc. data)   RO Data    RW Data    ZI Data      Debug   Library Name

      1058         30          0          0          0        636   mc_w.l
       268          0          0          0          0        320   mf_w.l

    ----------------------------------------------------------------------
      1332         30          0          0          0        956   Library Totals

    ----------------------------------------------------------------------

==============================================================================


      Code (inc. data)   RO Data    RW Data    ZI Data      Debug   

      5820        648         64         16        512     127533   Grand Totals
      5820        648         64         16        512     127533   ELF Image Totals
      5820        648         64         16          0          0   ROM Totals

==============================================================================

    Total RO  Size (Code + RO Data)                 5884 (   5.75kB)
    Total RW  Size (RW Data + ZI Data)               528 (   0.52kB)
    Total ROM Size (Code + RO Data + RW Data)       5900 (   5.76kB)

==============================================================================

